{
  "ok": true,
  "strict": false,
  "lint": {
    "ok": true,
    "errorCount": 0,
    "warningCount": 2,
    "infoCount": 0,
    "findings": [
      {
        "code": "nested_structure_needs_subcomposition",
        "severity": "warning",
        "message": "<section id=\"fl-s1\"> is a timeline element that contains nested <div>. The timeline shows one row per top-level element, and the root composition is built only from sub-compositions.",
        "selector": "#fl-s1",
        "dataAttributes": {},
        "sourceFile": "/private/tmp/framelang/experiments/creative-authoring-v0.1/runs/hy4-preview/4/compiled/landscape-1920x1080/index.html",
        "bbox": {
          "x": 0,
          "y": 0,
          "width": 0,
          "height": 0
        },
        "time": 0,
        "fixHint": "Move <section id=\"fl-s1\"> and its contents into a sub-composition file and mount it with data-composition-src."
      },
      {
        "code": "nested_structure_needs_subcomposition",
        "severity": "warning",
        "message": "<section id=\"fl-s2\"> is a timeline element that contains nested <div>. The timeline shows one row per top-level element, and the root composition is built only from sub-compositions.",
        "selector": "#fl-s2",
        "dataAttributes": {},
        "sourceFile": "/private/tmp/framelang/experiments/creative-authoring-v0.1/runs/hy4-preview/4/compiled/landscape-1920x1080/index.html",
        "bbox": {
          "x": 0,
          "y": 0,
          "width": 0,
          "height": 0
        },
        "time": 0,
        "fixHint": "Move <section id=\"fl-s2\"> and its contents into a sub-composition file and mount it with data-composition-src."
      }
    ],
    "filesScanned": 1
  },
  "runtime": {
    "ok": true,
    "errorCount": 0,
    "warningCount": 0,
    "infoCount": 0,
    "findings": []
  },
  "layout": {
    "ok": true,
    "errorCount": 0,
    "warningCount": 0,
    "infoCount": 0,
    "findings": [],
    "duration": 8,
    "samples": [
      0,
      0.042,
      0.083,
      0.084,
      0.125,
      0.167,
      0.208,
      0.25,
      0.292,
      0.333,
      0.334,
      0.375,
      0.417,
      0.458,
      0.5,
      0.542,
      0.583,
      0.597,
      0.625,
      0.667,
      0.694,
      0.708,
      0.75,
      0.792,
      0.833,
      0.875,
      0.889,
      0.917,
      0.958,
      0.986,
      1,
      1.042,
      1.083,
      1.125,
      1.167,
      1.18,
      1.208,
      1.25,
      1.278,
      1.292,
      1.333,
      1.375,
      1.417,
      1.458,
      1.472,
      1.5,
      1.542,
      1.583,
      1.625,
      1.667,
      1.708,
      1.75,
      1.792,
      1.833,
      1.875,
      1.917,
      1.958,
      2,
      2.042,
      2.083,
      2.125,
      2.167,
      2.208,
      2.25,
      2.292,
      2.333,
      2.375,
      2.417,
      2.458,
      2.5,
      2.542,
      2.583,
      2.625,
      2.667,
      2.708,
      2.736,
      2.75,
      2.792,
      2.833,
      2.875,
      2.917,
      2.958,
      3,
      3.042,
      3.083,
      3.125,
      3.167,
      3.208,
      3.25,
      3.292,
      3.333,
      3.375,
      3.417,
      3.458,
      3.5,
      3.542,
      3.583,
      3.625,
      3.667,
      3.708,
      3.75,
      3.792,
      3.833,
      3.875,
      3.917,
      3.958,
      4,
      4.042,
      4.083,
      4.084,
      4.125,
      4.167,
      4.208,
      4.25,
      4.292,
      4.333,
      4.334,
      4.375,
      4.417,
      4.458,
      4.5,
      4.542,
      4.583,
      4.625,
      4.667,
      4.708,
      4.75,
      4.792,
      4.833,
      4.875,
      4.917,
      4.958,
      5,
      5.042,
      5.083,
      5.125,
      5.167,
      5.208,
      5.25,
      5.292,
      5.333,
      5.375,
      5.417,
      5.458,
      5.5,
      5.542,
      5.583,
      5.625,
      5.667,
      5.708,
      5.75,
      5.792,
      5.833,
      5.875,
      5.917,
      5.958,
      6,
      6.042,
      6.083,
      6.125,
      6.167,
      6.208,
      6.25,
      6.292,
      6.333,
      6.375,
      6.417,
      6.458,
      6.5,
      6.542,
      6.583,
      6.625,
      6.667,
      6.708,
      6.75,
      6.792,
      6.833,
      6.834,
      6.875,
      6.917,
      6.958,
      7,
      7.042,
      7.083,
      7.125,
      7.167,
      7.208,
      7.25,
      7.292,
      7.333,
      7.375,
      7.417,
      7.458,
      7.5,
      7.542,
      7.583,
      7.625,
      7.667,
      7.708,
      7.75,
      7.792,
      7.833,
      7.875,
      7.917,
      7.958,
      8
    ],
    "transitionSamples": [
      0,
      0.084,
      0.167,
      0.334,
      0.5,
      0.597,
      0.694,
      0.792,
      0.889,
      0.986,
      1.083,
      1.18,
      1.278,
      1.375,
      1.472,
      2.736,
      4,
      4.084,
      4.167,
      4.334,
      4.5,
      4.542,
      4.583,
      4.708,
      4.833,
      4.917,
      5,
      5.042,
      5.083,
      5.25,
      5.417,
      5.5,
      5.583,
      5.625,
      5.667,
      6.834,
      8
    ],
    "transitionSamplesDropped": 0,
    "tolerance": 2,
    "totalIssueCount": 0,
    "truncated": false
  },
  "motion": {
    "ok": true,
    "errorCount": 0,
    "warningCount": 0,
    "infoCount": 0,
    "findings": [],
    "enabled": false,
    "samples": 0
  },
  "contrast": {
    "ok": true,
    "errorCount": 0,
    "warningCount": 0,
    "infoCount": 0,
    "findings": [],
    "enabled": true,
    "samples": [
      0,
      1.75,
      3.833,
      5.875,
      8
    ],
    "checked": 34,
    "passed": 34
  },
  "hdr": {
    "autoPromotion": null,
    "inspection": "available"
  },
  "snapshots": {
    "enabled": false,
    "files": [],
    "times": [],
    "findingFiles": []
  },
  "_meta": {
    "version": "0.8.92",
    "latestVersion": "0.8.92",
    "updateAvailable": false
  }
}
{
  "ok": true,
  "strict": false,
  "lint": {
    "ok": true,
    "errorCount": 0,
    "warningCount": 2,
    "infoCount": 0,
    "findings": [
      {
        "code": "nested_structure_needs_subcomposition",
        "severity": "warning",
        "message": "<section id=\"fl-s1\"> is a timeline element that contains nested <div>. The timeline shows one row per top-level element, and the root composition is built only from sub-compositions.",
        "selector": "#fl-s1",
        "dataAttributes": {},
        "sourceFile": "/private/tmp/framelang/experiments/creative-authoring-v0.1/runs/hy4-preview/4/compiled/portrait-1080x1920/index.html",
        "bbox": {
          "x": 0,
          "y": 0,
          "width": 0,
          "height": 0
        },
        "time": 0,
        "fixHint": "Move <section id=\"fl-s1\"> and its contents into a sub-composition file and mount it with data-composition-src."
      },
      {
        "code": "nested_structure_needs_subcomposition",
        "severity": "warning",
        "message": "<section id=\"fl-s2\"> is a timeline element that contains nested <div>. The timeline shows one row per top-level element, and the root composition is built only from sub-compositions.",
        "selector": "#fl-s2",
        "dataAttributes": {},
        "sourceFile": "/private/tmp/framelang/experiments/creative-authoring-v0.1/runs/hy4-preview/4/compiled/portrait-1080x1920/index.html",
        "bbox": {
          "x": 0,
          "y": 0,
          "width": 0,
          "height": 0
        },
        "time": 0,
        "fixHint": "Move <section id=\"fl-s2\"> and its contents into a sub-composition file and mount it with data-composition-src."
      }
    ],
    "filesScanned": 1
  },
  "runtime": {
    "ok": true,
    "errorCount": 0,
    "warningCount": 0,
    "infoCount": 0,
    "findings": []
  },
  "layout": {
    "ok": true,
    "errorCount": 0,
    "warningCount": 0,
    "infoCount": 0,
    "findings": [],
    "duration": 8,
    "samples": [
      0,
      0.042,
      0.083,
      0.084,
      0.125,
      0.167,
      0.208,
      0.25,
      0.292,
      0.333,
      0.334,
      0.375,
      0.417,
      0.458,
      0.5,
      0.542,
      0.583,
      0.597,
      0.625,
      0.667,
      0.694,
      0.708,
      0.75,
      0.792,
      0.833,
      0.875,
      0.889,
      0.917,
      0.958,
      0.986,
      1,
      1.042,
      1.083,
      1.125,
      1.167,
      1.18,
      1.208,
      1.25,
      1.278,
      1.292,
      1.333,
      1.375,
      1.417,
      1.458,
      1.472,
      1.5,
      1.542,
      1.583,
      1.625,
      1.667,
      1.708,
      1.75,
      1.792,
      1.833,
      1.875,
      1.917,
      1.958,
      2,
      2.042,
      2.083,
      2.125,
      2.167,
      2.208,
      2.25,
      2.292,
      2.333,
      2.375,
      2.417,
      2.458,
      2.5,
      2.542,
      2.583,
      2.625,
      2.667,
      2.708,
      2.736,
      2.75,
      2.792,
      2.833,
      2.875,
      2.917,
      2.958,
      3,
      3.042,
      3.083,
      3.125,
      3.167,
      3.208,
      3.25,
      3.292,
      3.333,
      3.375,
      3.417,
      3.458,
      3.5,
      3.542,
      3.583,
      3.625,
      3.667,
      3.708,
      3.75,
      3.792,
      3.833,
      3.875,
      3.917,
      3.958,
      4,
      4.042,
      4.083,
      4.084,
      4.125,
      4.167,
      4.208,
      4.25,
      4.292,
      4.333,
      4.334,
      4.375,
      4.417,
      4.458,
      4.5,
      4.542,
      4.583,
      4.625,
      4.667,
      4.708,
      4.75,
      4.792,
      4.833,
      4.875,
      4.917,
      4.958,
      5,
      5.042,
      5.083,
      5.125,
      5.167,
      5.208,
      5.25,
      5.292,
      5.333,
      5.375,
      5.417,
      5.458,
      5.5,
      5.542,
      5.583,
      5.625,
      5.667,
      5.708,
      5.75,
      5.792,
      5.833,
      5.875,
      5.917,
      5.958,
      6,
      6.042,
      6.083,
      6.125,
      6.167,
      6.208,
      6.25,
      6.292,
      6.333,
      6.375,
      6.417,
      6.458,
      6.5,
      6.542,
      6.583,
      6.625,
      6.667,
      6.708,
      6.75,
      6.792,
      6.833,
      6.834,
      6.875,
      6.917,
      6.958,
      7,
      7.042,
      7.083,
      7.125,
      7.167,
      7.208,
      7.25,
      7.292,
      7.333,
      7.375,
      7.417,
      7.458,
      7.5,
      7.542,
      7.583,
      7.625,
      7.667,
      7.708,
      7.75,
      7.792,
      7.833,
      7.875,
      7.917,
      7.958,
      8
    ],
    "transitionSamples": [
      0,
      0.084,
      0.167,
      0.334,
      0.5,
      0.597,
      0.694,
      0.792,
      0.889,
      0.986,
      1.083,
      1.18,
      1.278,
      1.375,
      1.472,
      2.736,
      4,
      4.084,
      4.167,
      4.334,
      4.5,
      4.542,
      4.583,
      4.708,
      4.833,
      4.917,
      5,
      5.042,
      5.083,
      5.25,
      5.417,
      5.5,
      5.583,
      5.625,
      5.667,
      6.834,
      8
    ],
    "transitionSamplesDropped": 0,
    "tolerance": 2,
    "totalIssueCount": 0,
    "truncated": false
  },
  "motion": {
    "ok": true,
    "errorCount": 0,
    "warningCount": 0,
    "infoCount": 0,
    "findings": [],
    "enabled": false,
    "samples": 0
  },
  "contrast": {
    "ok": true,
    "errorCount": 0,
    "warningCount": 0,
    "infoCount": 0,
    "findings": [],
    "enabled": true,
    "samples": [
      0,
      1.75,
      3.833,
      5.875,
      8
    ],
    "checked": 34,
    "passed": 34
  },
  "hdr": {
    "autoPromotion": null,
    "inspection": "available"
  },
  "snapshots": {
    "enabled": false,
    "files": [],
    "times": [],
    "findingFiles": []
  },
  "_meta": {
    "version": "0.8.92",
    "latestVersion": "0.8.92",
    "updateAvailable": false
  }
}
[hyperframes] browserGpuMode probe → hardware (WebGL renderer vendor="Google Inc. (Apple)" renderer="ANGLE (Apple, ANGLE Metal Renderer: Apple M1 Pro, Unspecified Version)")
[hyperframes] browserGpuMode probe → hardware (WebGL renderer vendor="Google Inc. (Apple)" renderer="ANGLE (Apple, ANGLE Metal Renderer: Apple M1 Pro, Unspecified Version)")
