{
  "language": "framelang/v1",
  "pilot": true,
  "inputHash": "sha256:7453b6962f5c13b2b6bdf2172835b5f6a78e62ac300ae3265e27573775223f06",
  "expandedHash": "sha256:42a1b25d50fd8d1d90a7347a1e14ddc05869f99a27e3e566f54fd19ac046df66",
  "recipe": {
    "id": "makemydemo-workflow/v1",
    "inputHash": "sha256:7453b6962f5c13b2b6bdf2172835b5f6a78e62ac300ae3265e27573775223f06",
    "templateHash": "sha256:a571559e3c5307f196c11511d32648ed444a757f60b06e5903cee96504ddb1f6"
  },
  "bundleRefs": {
    "brandRef": "sha256:7efb39093ea57442ff871c8da719e0ce1ae68575e8c7e514df5c8d903dff1ad5",
    "assetsRef": "sha256:2eb65bb06440854bb635870c32d669e9350ec610936cd99e7d6453ea415258c5"
  },
  "outputs": {
    "landscape-1920x1080": {
      "directory": "landscape-1920x1080",
      "htmlHash": "sha256:ab7a830885a51ab048293852ca946d4933245d768f8e618c9251f5dd48e71c69",
      "assetHashes": {
        "gsap.min.js": "sha256:92bb9a96476f983d212a2bc4f54c889039c1696dd4461d40a736860938570fbb",
        "Inter.ttf": "sha256:29160a80ff49ddcab2c97711247e08b1fab27a484a329ce8b813d820dc559031",
        "source-mark.svg": "sha256:a190290727cc64174dcd01bca8816e23cf2f902c7ee3d2b0e3c79f53f448d812",
        "delivery-mark.svg": "sha256:a190290727cc64174dcd01bca8816e23cf2f902c7ee3d2b0e3c79f53f448d812"
      }
    },
    "portrait-1080x1920": {
      "directory": "portrait-1080x1920",
      "htmlHash": "sha256:ad38c8cbc7ed8609763e90ecdb7acfcab82a30e5b4950daa86338dbd47c38661",
      "assetHashes": {
        "gsap.min.js": "sha256:92bb9a96476f983d212a2bc4f54c889039c1696dd4461d40a736860938570fbb",
        "Inter.ttf": "sha256:29160a80ff49ddcab2c97711247e08b1fab27a484a329ce8b813d820dc559031",
        "source-mark.svg": "sha256:a190290727cc64174dcd01bca8816e23cf2f902c7ee3d2b0e3c79f53f448d812",
        "delivery-mark.svg": "sha256:a190290727cc64174dcd01bca8816e23cf2f902c7ee3d2b0e3c79f53f448d812"
      }
    }
  },
  "checked": false,
  "degraded": false
}
