
◆  Rendering landscape-1920x1080 → /private/tmp/framelang/experiments/token-efficient-v0.1/copy-runs/hy4-preview/copy/compiled/landscape-1920x1080/video.mp4
   24fps · draft · auto workers (10 cores detected)
   GPU: browser GPU (auto-detect)

[?25l│
◒  Checking browser[1G[J◇  Browser: cache
[?25h
  Lint: 0 error(s), 3 warning(s) — run with --lint-verbose for full output.
  Continuing render despite lint issues. Use --strict to block errors.

  █░░░░░░░░░░░░░░░░░░░░░░░░  5%  Compiling composition
  ██░░░░░░░░░░░░░░░░░░░░░░░  10%  Extracting video frames
  █████░░░░░░░░░░░░░░░░░░░░  20%  Processing audio tracks
  ██████░░░░░░░░░░░░░░░░░░░  25%  Starting frame capture
  ██████░░░░░░░░░░░░░░░░░░░  25%  Checking browser GPU
  ██████░░░░░░░░░░░░░░░░░░░  25%  Measuring capture speed
[BrowserManager] Browser launched (HeadlessChrome/152.0.7977.30, screenshot, gl=--use-gl=angle --use-angle=metal, headlessShell=true, platform=darwin)
[initSession:screenshot] page.goto start (0ms)
[HyperFrames] render runtime fps {"canonicalFps":24,"source":"render-options","rawFpsSource":"render-options","rawFps":24}
[initSession:screenshot] page.goto complete (337ms)
[initSession:screenshot] GSAP proxy flush complete (359ms)
[initSession:screenshot] pollHfReady complete (362ms)
[initSession:screenshot] pollSubCompositionTimelines complete (ready) (364ms)
[initSession:screenshot] applyVideoMetadataHints complete (364ms)
[initSession:screenshot] media + fonts + tailwind ready (367ms)
[initSession:screenshot] timeline at-risk predictor: 0/276 frames (0%) (454ms)
[initSession:screenshot] static-frame dedup: disabled (eligible) (459ms)
[initSession:screenshot] drawElement self-verify armed: 4 ground-truth frame(s) @ [69, 138, 207, 262] of 276 (870ms)
[initSession:drawelement] drawElement canvas injected (872ms)
[initSession:drawelement] screenshot fallback: 13 clip-boundary frame(s) (873ms)
[initSession:drawelement] drawElement worker encode initialized (879ms)
  ██████░░░░░░░░░░░░░░░░░░░  25%  Starting browsers (0/5 ready)
[BrowserManager] Browser launched (HeadlessChrome/152.0.7977.30, screenshot, gl=--use-gl=angle --use-angle=metal, headlessShell=true, platform=darwin)
[initSession:screenshot] page.goto start (0ms)
[initSession:screenshot] page.goto start (0ms)
[initSession:screenshot] page.goto start (0ms)
[initSession:screenshot] page.goto start (0ms)
  ██████░░░░░░░░░░░░░░░░░░░  25%  Starting browsers (0/5 ready)
[initSession:screenshot] page.goto start (0ms)
[HyperFrames] render runtime fps {"canonicalFps":24,"source":"render-options","rawFpsSource":"render-options","rawFps":24}
[initSession:screenshot] page.goto complete (436ms)
[HyperFrames] render runtime fps {"canonicalFps":24,"source":"render-options","rawFpsSource":"render-options","rawFps":24}
[initSession:screenshot] page.goto complete (439ms)
[HyperFrames] render runtime fps {"canonicalFps":24,"source":"render-options","rawFpsSource":"render-options","rawFps":24}
[initSession:screenshot] page.goto complete (442ms)
[initSession:screenshot] GSAP proxy flush complete (450ms)
[initSession:screenshot] GSAP proxy flush complete (448ms)
[HyperFrames] render runtime fps {"canonicalFps":24,"source":"render-options","rawFpsSource":"render-options","rawFps":24}
[initSession:screenshot] GSAP proxy flush complete (446ms)
[initSession:screenshot] pollHfReady complete (449ms)
[initSession:screenshot] pollHfReady complete (453ms)
[initSession:screenshot] pollHfReady complete (448ms)
[initSession:screenshot] pollSubCompositionTimelines complete (ready) (451ms)
[initSession:screenshot] applyVideoMetadataHints complete (451ms)
[initSession:screenshot] pollSubCompositionTimelines complete (ready) (454ms)
[initSession:screenshot] applyVideoMetadataHints complete (454ms)
[initSession:screenshot] pollSubCompositionTimelines complete (ready) (449ms)
[initSession:screenshot] applyVideoMetadataHints complete (449ms)
[initSession:screenshot] media + fonts + tailwind ready (452ms)
[initSession:screenshot] media + fonts + tailwind ready (455ms)
[initSession:screenshot] media + fonts + tailwind ready (451ms)
[initSession:screenshot] static-frame dedup: disabled (eligible) (461ms)
[initSession:screenshot] page.goto complete (458ms)
[initSession:screenshot] static-frame dedup: disabled (eligible) (465ms)
[initSession:screenshot] static-frame dedup: disabled (eligible) (460ms)
  ██████░░░░░░░░░░░░░░░░░░░  25%  Starting browsers (1/5 ready)
[HyperFrames] render runtime fps {"canonicalFps":24,"source":"render-options","rawFpsSource":"render-options","rawFps":24}
[initSession:screenshot] GSAP proxy flush complete (466ms)
  ██████░░░░░░░░░░░░░░░░░░░  25%  Capturing frame 1/276 (5 workers)
[initSession:screenshot] page.goto complete (480ms)
[initSession:screenshot] GSAP proxy flush complete (493ms)
[initSession:screenshot] pollHfReady complete (493ms)
[initSession:screenshot] pollSubCompositionTimelines complete (ready) (495ms)
[initSession:screenshot] applyVideoMetadataHints complete (495ms)
[initSession:screenshot] pollHfReady complete (566ms)
[initSession:screenshot] media + fonts + tailwind ready (497ms)
[initSession:screenshot] pollSubCompositionTimelines complete (ready) (568ms)
[initSession:screenshot] applyVideoMetadataHints complete (568ms)
[initSession:screenshot] media + fonts + tailwind ready (569ms)
[initSession:screenshot] static-frame dedup: disabled (eligible) (502ms)
[initSession:screenshot] static-frame dedup: disabled (eligible) (574ms)
  ███████░░░░░░░░░░░░░░░░░░  28%  Capturing frame 17/276 (5 workers)
  ███████░░░░░░░░░░░░░░░░░░  31%  Capturing frame 39/276 (5 workers)
  ████████░░░░░░░░░░░░░░░░░  35%  Capturing frame 60/276 (5 workers)
  █████████░░░░░░░░░░░░░░░░  38%  Capturing frame 82/276 (5 workers)
  ██████████░░░░░░░░░░░░░░░  42%  Capturing frame 103/276 (5 workers)
  ███████████░░░░░░░░░░░░░░  45%  Capturing frame 125/276 (5 workers)
  ████████████░░░░░░░░░░░░░  49%  Capturing frame 147/276 (5 workers)
  █████████████░░░░░░░░░░░░  52%  Capturing frame 168/276 (5 workers)
  ██████████████░░░░░░░░░░░  56%  Capturing frame 189/276 (5 workers)
  ██████████████░░░░░░░░░░░  59%  Capturing frame 211/276 (5 workers)
  ███████████████░░░░░░░░░░  63%  Capturing frame 233/276 (5 workers)
  ████████████████░░░░░░░░░  67%  Capturing frame 255/276 (5 workers)
  █████████████████░░░░░░░░  69%  Capturing frame 271/276 (5 workers)
  █████████████████░░░░░░░░  70%  Capturing frame 276/276 (5 workers)
  ██████████████████░░░░░░░  75%  Encoding video
  ██████████████████████░░░  90%  Assembling final video
  █████████████████████████  100%  Render complete

◇  /private/tmp/framelang/experiments/token-efficient-v0.1/copy-runs/hy4-preview/copy/compiled/landscape-1920x1080/video.mp4
   1.7 MB · 11.5s video · rendered in 7.0s
   screenshot capture · hardware gpu · compile 0.2s · extract 0.0s · audio 0.0s · probe 0.0s · setup 1.8s · capture 4.3s · encode 0.7s · assemble 0.0s

◆  Rendering portrait-1080x1920 → /private/tmp/framelang/experiments/token-efficient-v0.1/copy-runs/hy4-preview/copy/compiled/portrait-1080x1920/video.mp4
   24fps · draft · auto workers (10 cores detected)
   GPU: browser GPU (auto-detect)

[?25l│
◒  Checking browser[1G[J◇  Browser: cache
[?25h
  Lint: 0 error(s), 3 warning(s) — run with --lint-verbose for full output.
  Continuing render despite lint issues. Use --strict to block errors.

  █░░░░░░░░░░░░░░░░░░░░░░░░  5%  Compiling composition
  ██░░░░░░░░░░░░░░░░░░░░░░░  10%  Extracting video frames
  █████░░░░░░░░░░░░░░░░░░░░  20%  Processing audio tracks
  ██████░░░░░░░░░░░░░░░░░░░  25%  Starting frame capture
  ██████░░░░░░░░░░░░░░░░░░░  25%  Checking browser GPU
  ██████░░░░░░░░░░░░░░░░░░░  25%  Measuring capture speed
[BrowserManager] Browser launched (HeadlessChrome/152.0.7977.30, screenshot, gl=--use-gl=angle --use-angle=metal, headlessShell=true, platform=darwin)
[initSession:screenshot] page.goto start (0ms)
[HyperFrames] render runtime fps {"canonicalFps":24,"source":"render-options","rawFpsSource":"render-options","rawFps":24}
[initSession:screenshot] page.goto complete (239ms)
[initSession:screenshot] GSAP proxy flush complete (256ms)
[initSession:screenshot] pollHfReady complete (256ms)
[initSession:screenshot] pollSubCompositionTimelines complete (ready) (258ms)
[initSession:screenshot] applyVideoMetadataHints complete (258ms)
[initSession:screenshot] media + fonts + tailwind ready (260ms)
[initSession:screenshot] timeline at-risk predictor: 0/276 frames (0%) (321ms)
[initSession:screenshot] static-frame dedup: disabled (eligible) (326ms)
[initSession:screenshot] drawElement self-verify armed: 4 ground-truth frame(s) @ [69, 138, 207, 262] of 276 (751ms)
[initSession:drawelement] drawElement canvas injected (752ms)
[initSession:drawelement] screenshot fallback: 13 clip-boundary frame(s) (753ms)
[initSession:drawelement] drawElement worker encode initialized (757ms)
  ██████░░░░░░░░░░░░░░░░░░░  25%  Starting browsers (0/5 ready)
[BrowserManager] Browser launched (HeadlessChrome/152.0.7977.30, screenshot, gl=--use-gl=angle --use-angle=metal, headlessShell=true, platform=darwin)
[initSession:screenshot] page.goto start (0ms)
[initSession:screenshot] page.goto start (1ms)
[initSession:screenshot] page.goto start (0ms)
[initSession:screenshot] page.goto start (0ms)
[initSession:screenshot] page.goto start (0ms)
[HyperFrames] render runtime fps {"canonicalFps":24,"source":"render-options","rawFpsSource":"render-options","rawFps":24}
[HyperFrames] render runtime fps {"canonicalFps":24,"source":"render-options","rawFpsSource":"render-options","rawFps":24}
[initSession:screenshot] page.goto complete (424ms)
[initSession:screenshot] page.goto complete (424ms)
[HyperFrames] render runtime fps {"canonicalFps":24,"source":"render-options","rawFpsSource":"render-options","rawFps":24}
[initSession:screenshot] page.goto complete (426ms)
[initSession:screenshot] GSAP proxy flush complete (430ms)
[initSession:screenshot] GSAP proxy flush complete (431ms)
[initSession:screenshot] GSAP proxy flush complete (430ms)
[initSession:screenshot] pollHfReady complete (431ms)
[initSession:screenshot] pollHfReady complete (432ms)
[initSession:screenshot] pollHfReady complete (431ms)
[initSession:screenshot] pollSubCompositionTimelines complete (ready) (433ms)
[initSession:screenshot] applyVideoMetadataHints complete (433ms)
[initSession:screenshot] pollSubCompositionTimelines complete (ready) (434ms)
[initSession:screenshot] applyVideoMetadataHints complete (434ms)
[initSession:screenshot] pollSubCompositionTimelines complete (ready) (433ms)
[initSession:screenshot] applyVideoMetadataHints complete (433ms)
[HyperFrames] render runtime fps {"canonicalFps":24,"source":"render-options","rawFpsSource":"render-options","rawFps":24}
[initSession:screenshot] media + fonts + tailwind ready (441ms)
[initSession:screenshot] media + fonts + tailwind ready (441ms)
[initSession:screenshot] media + fonts + tailwind ready (441ms)
[initSession:screenshot] static-frame dedup: disabled (eligible) (446ms)
[initSession:screenshot] static-frame dedup: disabled (eligible) (446ms)
[initSession:screenshot] static-frame dedup: disabled (eligible) (446ms)
  ██████░░░░░░░░░░░░░░░░░░░  25%  Starting browsers (1/5 ready)
[HyperFrames] render runtime fps {"canonicalFps":24,"source":"render-options","rawFpsSource":"render-options","rawFps":24}
[initSession:screenshot] page.goto complete (449ms)
[initSession:screenshot] GSAP proxy flush complete (454ms)
[initSession:screenshot] page.goto complete (524ms)
[initSession:screenshot] GSAP proxy flush complete (544ms)
[initSession:screenshot] pollHfReady complete (548ms)
  ██████░░░░░░░░░░░░░░░░░░░  25%  Capturing frame 1/276 (5 workers)
[initSession:screenshot] pollHfReady complete (587ms)
[initSession:screenshot] pollSubCompositionTimelines complete (ready) (587ms)
[initSession:screenshot] applyVideoMetadataHints complete (587ms)
[initSession:screenshot] pollSubCompositionTimelines complete (ready) (589ms)
[initSession:screenshot] applyVideoMetadataHints complete (589ms)
[initSession:screenshot] media + fonts + tailwind ready (590ms)
[initSession:screenshot] media + fonts + tailwind ready (591ms)
[initSession:screenshot] static-frame dedup: disabled (eligible) (595ms)
[initSession:screenshot] static-frame dedup: disabled (eligible) (596ms)
  ██████░░░░░░░░░░░░░░░░░░░  27%  Capturing frame 14/276 (5 workers)
  ███████░░░░░░░░░░░░░░░░░░  31%  Capturing frame 35/276 (5 workers)
  ████████░░░░░░░░░░░░░░░░░  34%  Capturing frame 56/276 (5 workers)
  █████████░░░░░░░░░░░░░░░░  38%  Capturing frame 78/276 (5 workers)
  ██████████░░░░░░░░░░░░░░░  41%  Capturing frame 97/276 (5 workers)
  ███████████░░░░░░░░░░░░░░  44%  Capturing frame 116/276 (5 workers)
  ███████████░░░░░░░░░░░░░░  47%  Capturing frame 136/276 (5 workers)
  ████████████░░░░░░░░░░░░░  51%  Capturing frame 158/276 (5 workers)
  █████████████░░░░░░░░░░░░  55%  Capturing frame 181/276 (5 workers)
  ██████████████░░░░░░░░░░░  58%  Capturing frame 203/276 (5 workers)
  ███████████████░░░░░░░░░░  61%  Capturing frame 223/276 (5 workers)
  ████████████████░░░░░░░░░  64%  Capturing frame 238/276 (5 workers)
  ████████████████░░░░░░░░░  66%  Capturing frame 253/276 (5 workers)
  █████████████████░░░░░░░░  69%  Capturing frame 270/276 (5 workers)
  █████████████████░░░░░░░░  70%  Capturing frame 276/276 (5 workers)
  ██████████████████░░░░░░░  75%  Encoding video
  ██████████████████████░░░  90%  Assembling final video
  █████████████████████████  100%  Render complete

◇  /private/tmp/framelang/experiments/token-efficient-v0.1/copy-runs/hy4-preview/copy/compiled/portrait-1080x1920/video.mp4
   1.8 MB · 11.5s video · rendered in 7.0s
   screenshot capture · hardware gpu · compile 0.2s · extract 0.0s · audio 0.0s · probe 0.0s · setup 1.4s · capture 4.6s · encode 0.7s · assemble 0.0s
[INFO] [Render] Pipeline started {"renderJobId":"e294a7b1-3229-4ec8-9e08-92977e8b0a85","platform":"darwin","arch":"arm64","nodeVersion":"v23.11.0","fps":{"num":24,"den":1},"format":"mp4","quality":"draft","browserGpuMode":"auto","forceScreenshot":false,"protocolTimeout":300000,"browserTimeout":120000,"pageNavigationTimeout":60000,"playerReadyTimeout":45000}
[INFO] [Render:trace] {"renderJobId":"e294a7b1-3229-4ec8-9e08-92977e8b0a85","phase":"pipeline","status":"checkpoint","elapsedMs":3,"message":"started","format":"mp4","quality":"draft","browserGpuMode":"auto","forceScreenshot":false,"protocolTimeoutMs":300000,"pageNavigationTimeoutMs":60000,"playerReadyTimeoutMs":45000,"requestedWorkers":"auto"}
[INFO] [Render:trace] {"renderJobId":"e294a7b1-3229-4ec8-9e08-92977e8b0a85","phase":"compile","status":"start","elapsedMs":4,"needsAlpha":false}
[INFO] [Compiler] Embedded local font file: assets/Inter.ttf (856 KB → data URI)
[INFO] Compiled composition metadata {"renderJobId":"e294a7b1-3229-4ec8-9e08-92977e8b0a85","entryFile":"index.html","staticDuration":11.5,"width":1920,"height":1080,"videoCount":0,"audioCount":0,"renderModeHints":{"recommendScreenshot":false,"reasons":[]}}
[INFO] [Render:trace] {"renderJobId":"e294a7b1-3229-4ec8-9e08-92977e8b0a85","phase":"compile","status":"end","elapsedMs":125,"durationMs":121,"needsAlpha":false}
[INFO] [Render:trace] {"renderJobId":"e294a7b1-3229-4ec8-9e08-92977e8b0a85","phase":"compile","status":"checkpoint","elapsedMs":126,"message":"composition metadata resolved","width":1920,"height":1080,"videoCount":0,"audioCount":0,"imageCount":2,"deviceScaleFactor":1,"forceScreenshot":false,"compositionHash":"a21f397a8dfc7263"}
[INFO] [Render:trace] {"renderJobId":"e294a7b1-3229-4ec8-9e08-92977e8b0a85","phase":"browser_probe","status":"start","elapsedMs":126,"forceScreenshot":false,"stagePhase":"calibrating"}
[INFO] [Render:trace] {"renderJobId":"e294a7b1-3229-4ec8-9e08-92977e8b0a85","phase":"browser_probe","status":"end","elapsedMs":173,"durationMs":47,"forceScreenshot":false,"stagePhase":"calibrating"}
[INFO] [Render:trace] {"renderJobId":"e294a7b1-3229-4ec8-9e08-92977e8b0a85","phase":"browser_probe","status":"checkpoint","elapsedMs":174,"message":"duration resolved","durationSeconds":11.5,"totalFrames":276,"compositionHash":"a21f397a8dfc7263","beginFrameStalled":false}
[INFO] [Render:trace] {"renderJobId":"e294a7b1-3229-4ec8-9e08-92977e8b0a85","phase":"video_extract","status":"start","elapsedMs":174,"videoCount":0}
[INFO] [Render:trace] {"renderJobId":"e294a7b1-3229-4ec8-9e08-92977e8b0a85","phase":"video_extract","status":"end","elapsedMs":176,"durationMs":2,"videoCount":0}
[INFO] [Render:trace] {"renderJobId":"e294a7b1-3229-4ec8-9e08-92977e8b0a85","phase":"video_extract","status":"checkpoint","elapsedMs":178,"message":"frames resolved","videoCount":0,"extractedVideoCount":0,"totalFramesExtracted":0,"maxFramesPerVideo":0,"avgFramesPerExtractedVideo":null,"vfrPreflightCount":null,"vfrPreflightMs":null,"cacheHits":null,"cacheMisses":null,"transientRetries":null,"minVideoFrameCoverageRatio":null,"authoredTimedClipCount":4}
[INFO] [Render] No HDR sources detected — rendering SDR {"renderJobId":"e294a7b1-3229-4ec8-9e08-92977e8b0a85"}
[INFO] [Render:trace] {"renderJobId":"e294a7b1-3229-4ec8-9e08-92977e8b0a85","phase":"hdr_detection","status":"checkpoint","elapsedMs":178,"message":"resolved","requestedHdrMode":"auto","effectiveHdr":"sdr","nativeHdrVideoCount":0,"nativeHdrImageCount":0}
[INFO] [Render:trace] {"renderJobId":"e294a7b1-3229-4ec8-9e08-92977e8b0a85","phase":"audio_process","status":"start","elapsedMs":178,"audioCount":0}
[INFO] [Render:trace] {"renderJobId":"e294a7b1-3229-4ec8-9e08-92977e8b0a85","phase":"audio_process","status":"end","elapsedMs":179,"durationMs":1,"audioCount":0}
[INFO] [Render:trace] {"renderJobId":"e294a7b1-3229-4ec8-9e08-92977e8b0a85","phase":"file_server","status":"start","elapsedMs":179,"reused":false}
[INFO] [Render:trace] {"renderJobId":"e294a7b1-3229-4ec8-9e08-92977e8b0a85","phase":"file_server","status":"end","elapsedMs":185,"durationMs":6}
[hyperframes] browserGpuMode probe → hardware (WebGL renderer vendor="Google Inc. (Apple)" renderer="ANGLE (Apple, ANGLE Metal Renderer: Apple M1 Pro, Unspecified Version)")
[INFO] [Render:trace] {"renderJobId":"e294a7b1-3229-4ec8-9e08-92977e8b0a85","phase":"capture_calibration","status":"start","elapsedMs":700,"stagePhase":"calibrating","forceScreenshot":false,"totalFrames":276,"framesCompleted":0,"captureMode":"drawelement","captureOperation":"drawElement"}
[INFO] [Render] Calibration config {"renderJobId":"e294a7b1-3229-4ec8-9e08-92977e8b0a85","protocolTimeout":30000,"parentProtocolTimeout":300000,"forceScreenshot":false,"totalFrames":276}
[INFO] Launching browser for capture calibration... {"renderJobId":"e294a7b1-3229-4ec8-9e08-92977e8b0a85"}
[INFO] Initializing calibration session... {"renderJobId":"e294a7b1-3229-4ec8-9e08-92977e8b0a85"}
[INFO] Calibration session ready, capturing test frames... {"renderJobId":"e294a7b1-3229-4ec8-9e08-92977e8b0a85"}
[INFO] Calibration: capturing test frame 1/5... {"renderJobId":"e294a7b1-3229-4ec8-9e08-92977e8b0a85"}
[INFO] Calibration: capturing test frame 2/5... {"renderJobId":"e294a7b1-3229-4ec8-9e08-92977e8b0a85"}
[INFO] Calibration: capturing test frame 3/5... {"renderJobId":"e294a7b1-3229-4ec8-9e08-92977e8b0a85"}
[INFO] Calibration: capturing test frame 4/5... {"renderJobId":"e294a7b1-3229-4ec8-9e08-92977e8b0a85"}
[INFO] Calibration: capturing test frame 5/5... {"renderJobId":"e294a7b1-3229-4ec8-9e08-92977e8b0a85"}
[INFO] Calibration complete, estimated cost: 46ms/frame (p95) {"renderJobId":"e294a7b1-3229-4ec8-9e08-92977e8b0a85"}
[INFO] [Render:trace] {"renderJobId":"e294a7b1-3229-4ec8-9e08-92977e8b0a85","phase":"capture_calibration","status":"end","elapsedMs":1965,"durationMs":1264,"stagePhase":"calibrating","forceScreenshot":false,"totalFrames":276,"framesCompleted":0,"captureMode":"drawelement","captureOperation":"drawElement"}
[INFO] [Render:trace] {"renderJobId":"e294a7b1-3229-4ec8-9e08-92977e8b0a85","phase":"capture_calibration","status":"checkpoint","elapsedMs":1965,"message":"resolved","forceScreenshot":false,"multiplier":1,"p95Ms":46}
[WARN] [Render] 5 capture workers may exceed this process's V8 heap (limit 4144MB supports ~4). If the render dies with "JavaScript heap out of memory", raise the heap (NODE_OPTIONS=--max-old-space-size=8192) or pass --workers 4. {"renderJobId":"e294a7b1-3229-4ec8-9e08-92977e8b0a85","heapLimitMb":4144,"heapBasedWorkers":4}
[INFO] [Render:trace] {"renderJobId":"e294a7b1-3229-4ec8-9e08-92977e8b0a85","phase":"worker_resolution","status":"checkpoint","elapsedMs":1966,"message":"resolved","workerCount":5}
[INFO] [Render] Fast capture: default-on drawElement disabled for this render — parallel capture has no runtime self-verification. Set PRODUCER_EXPERIMENTAL_FAST_CAPTURE=true to override. {"renderJobId":"e294a7b1-3229-4ec8-9e08-92977e8b0a85"}
[INFO] streaming-encode gate {"renderJobId":"e294a7b1-3229-4ec8-9e08-92977e8b0a85","enabled":false,"reason":"multi_worker","configFlag":true,"durationCapEnabled":false,"outputFormat":"mp4","workerCount":5,"durationSeconds":11.5,"maxDurationSeconds":240}
[INFO] [Render:trace] {"renderJobId":"e294a7b1-3229-4ec8-9e08-92977e8b0a85","phase":"capture_strategy","status":"checkpoint","elapsedMs":1966,"message":"resolved","workerCount":5,"forceScreenshot":false,"captureBeyondViewport":null,"useStreamingEncode":false,"useLayeredComposite":false,"usePageSideCompositing":false,"hasHdrContent":false,"hasShaderTransitions":false,"isPngSequence":false}
[INFO] [Render:trace] {"renderJobId":"e294a7b1-3229-4ec8-9e08-92977e8b0a85","phase":"capture_disk","status":"start","elapsedMs":1966,"stagePhase":"capturing","needsAlpha":false,"workerCount":5,"forceScreenshot":false,"totalFrames":276,"framesCompleted":0,"captureMode":"screenshot","captureOperation":"captureScreenshot"}
[INFO] [Render:trace] {"renderJobId":"e294a7b1-3229-4ec8-9e08-92977e8b0a85","phase":"capture_disk","status":"end","elapsedMs":6217,"durationMs":4250,"stagePhase":"capturing","needsAlpha":false,"workerCount":5,"forceScreenshot":false,"totalFrames":276,"framesCompleted":276,"captureMode":"screenshot","captureOperation":"encode"}
[INFO] [Render:trace] {"renderJobId":"e294a7b1-3229-4ec8-9e08-92977e8b0a85","phase":"encode","status":"start","elapsedMs":6217,"stagePhase":"capturing","hasAudio":false,"isPngSequence":false,"isGif":false,"chunkedEncode":false,"workerCount":5,"forceScreenshot":false,"totalFrames":276,"framesCompleted":276,"captureMode":"screenshot","captureOperation":"encode"}
[INFO] [Render:trace] {"renderJobId":"e294a7b1-3229-4ec8-9e08-92977e8b0a85","phase":"encode","status":"end","elapsedMs":6914,"durationMs":697,"stagePhase":"capturing","hasAudio":false,"isPngSequence":false,"isGif":false,"chunkedEncode":false,"workerCount":5,"forceScreenshot":false,"totalFrames":276,"framesCompleted":276,"captureMode":"screenshot","captureOperation":"encode"}
[INFO] [Render:trace] {"renderJobId":"e294a7b1-3229-4ec8-9e08-92977e8b0a85","phase":"assemble","status":"start","elapsedMs":6915,"stagePhase":"capturing","hasAudio":false,"workerCount":5,"forceScreenshot":false,"totalFrames":276,"framesCompleted":276,"captureMode":"screenshot","captureOperation":"encode"}
[INFO] [Render:trace] {"renderJobId":"e294a7b1-3229-4ec8-9e08-92977e8b0a85","phase":"assemble","status":"end","elapsedMs":6955,"durationMs":40,"stagePhase":"capturing","hasAudio":false,"workerCount":5,"forceScreenshot":false,"totalFrames":276,"framesCompleted":276,"captureMode":"screenshot","captureOperation":"encode"}
[INFO] [Render:trace] {"renderJobId":"e294a7b1-3229-4ec8-9e08-92977e8b0a85","phase":"pipeline","status":"checkpoint","elapsedMs":6992,"message":"artifact validated","totalElapsedMs":6990}
[INFO] [Render] Pipeline started {"renderJobId":"79231ed0-3ec4-4ab5-989b-03098d2372bc","platform":"darwin","arch":"arm64","nodeVersion":"v23.11.0","fps":{"num":24,"den":1},"format":"mp4","quality":"draft","browserGpuMode":"auto","forceScreenshot":false,"protocolTimeout":300000,"browserTimeout":120000,"pageNavigationTimeout":60000,"playerReadyTimeout":45000}
[INFO] [Render:trace] {"renderJobId":"79231ed0-3ec4-4ab5-989b-03098d2372bc","phase":"pipeline","status":"checkpoint","elapsedMs":2,"message":"started","format":"mp4","quality":"draft","browserGpuMode":"auto","forceScreenshot":false,"protocolTimeoutMs":300000,"pageNavigationTimeoutMs":60000,"playerReadyTimeoutMs":45000,"requestedWorkers":"auto"}
[INFO] [Render:trace] {"renderJobId":"79231ed0-3ec4-4ab5-989b-03098d2372bc","phase":"compile","status":"start","elapsedMs":3,"needsAlpha":false}
[INFO] [Compiler] Embedded local font file: assets/Inter.ttf (856 KB → data URI)
[INFO] Compiled composition metadata {"renderJobId":"79231ed0-3ec4-4ab5-989b-03098d2372bc","entryFile":"index.html","staticDuration":11.5,"width":1080,"height":1920,"videoCount":0,"audioCount":0,"renderModeHints":{"recommendScreenshot":false,"reasons":[]}}
[INFO] [Render:trace] {"renderJobId":"79231ed0-3ec4-4ab5-989b-03098d2372bc","phase":"compile","status":"end","elapsedMs":114,"durationMs":110,"needsAlpha":false}
[INFO] [Render:trace] {"renderJobId":"79231ed0-3ec4-4ab5-989b-03098d2372bc","phase":"compile","status":"checkpoint","elapsedMs":115,"message":"composition metadata resolved","width":1080,"height":1920,"videoCount":0,"audioCount":0,"imageCount":2,"deviceScaleFactor":1,"forceScreenshot":false,"compositionHash":"55989ed0f407fbff"}
[INFO] [Render:trace] {"renderJobId":"79231ed0-3ec4-4ab5-989b-03098d2372bc","phase":"browser_probe","status":"start","elapsedMs":115,"forceScreenshot":false,"stagePhase":"calibrating"}
[INFO] [Render:trace] {"renderJobId":"79231ed0-3ec4-4ab5-989b-03098d2372bc","phase":"browser_probe","status":"end","elapsedMs":160,"durationMs":45,"forceScreenshot":false,"stagePhase":"calibrating"}
[INFO] [Render:trace] {"renderJobId":"79231ed0-3ec4-4ab5-989b-03098d2372bc","phase":"browser_probe","status":"checkpoint","elapsedMs":161,"message":"duration resolved","durationSeconds":11.5,"totalFrames":276,"compositionHash":"55989ed0f407fbff","beginFrameStalled":false}
[INFO] [Render:trace] {"renderJobId":"79231ed0-3ec4-4ab5-989b-03098d2372bc","phase":"video_extract","status":"start","elapsedMs":161,"videoCount":0}
[INFO] [Render:trace] {"renderJobId":"79231ed0-3ec4-4ab5-989b-03098d2372bc","phase":"video_extract","status":"end","elapsedMs":162,"durationMs":1,"videoCount":0}
[INFO] [Render:trace] {"renderJobId":"79231ed0-3ec4-4ab5-989b-03098d2372bc","phase":"video_extract","status":"checkpoint","elapsedMs":164,"message":"frames resolved","videoCount":0,"extractedVideoCount":0,"totalFramesExtracted":0,"maxFramesPerVideo":0,"avgFramesPerExtractedVideo":null,"vfrPreflightCount":null,"vfrPreflightMs":null,"cacheHits":null,"cacheMisses":null,"transientRetries":null,"minVideoFrameCoverageRatio":null,"authoredTimedClipCount":4}
[INFO] [Render] No HDR sources detected — rendering SDR {"renderJobId":"79231ed0-3ec4-4ab5-989b-03098d2372bc"}
[INFO] [Render:trace] {"renderJobId":"79231ed0-3ec4-4ab5-989b-03098d2372bc","phase":"hdr_detection","status":"checkpoint","elapsedMs":165,"message":"resolved","requestedHdrMode":"auto","effectiveHdr":"sdr","nativeHdrVideoCount":0,"nativeHdrImageCount":0}
[INFO] [Render:trace] {"renderJobId":"79231ed0-3ec4-4ab5-989b-03098d2372bc","phase":"audio_process","status":"start","elapsedMs":165,"audioCount":0}
[INFO] [Render:trace] {"renderJobId":"79231ed0-3ec4-4ab5-989b-03098d2372bc","phase":"audio_process","status":"end","elapsedMs":165,"durationMs":0,"audioCount":0}
[INFO] [Render:trace] {"renderJobId":"79231ed0-3ec4-4ab5-989b-03098d2372bc","phase":"file_server","status":"start","elapsedMs":165,"reused":false}
[INFO] [Render:trace] {"renderJobId":"79231ed0-3ec4-4ab5-989b-03098d2372bc","phase":"file_server","status":"end","elapsedMs":171,"durationMs":6}
[hyperframes] browserGpuMode probe → hardware (WebGL renderer vendor="Google Inc. (Apple)" renderer="ANGLE (Apple, ANGLE Metal Renderer: Apple M1 Pro, Unspecified Version)")
[INFO] [Render:trace] {"renderJobId":"79231ed0-3ec4-4ab5-989b-03098d2372bc","phase":"capture_calibration","status":"start","elapsedMs":393,"stagePhase":"calibrating","forceScreenshot":false,"totalFrames":276,"framesCompleted":0,"captureMode":"drawelement","captureOperation":"drawElement"}
[INFO] [Render] Calibration config {"renderJobId":"79231ed0-3ec4-4ab5-989b-03098d2372bc","protocolTimeout":30000,"parentProtocolTimeout":300000,"forceScreenshot":false,"totalFrames":276}
[INFO] Launching browser for capture calibration... {"renderJobId":"79231ed0-3ec4-4ab5-989b-03098d2372bc"}
[INFO] Initializing calibration session... {"renderJobId":"79231ed0-3ec4-4ab5-989b-03098d2372bc"}
[INFO] Calibration session ready, capturing test frames... {"renderJobId":"79231ed0-3ec4-4ab5-989b-03098d2372bc"}
[INFO] Calibration: capturing test frame 1/5... {"renderJobId":"79231ed0-3ec4-4ab5-989b-03098d2372bc"}
[INFO] Calibration: capturing test frame 2/5... {"renderJobId":"79231ed0-3ec4-4ab5-989b-03098d2372bc"}
[INFO] Calibration: capturing test frame 3/5... {"renderJobId":"79231ed0-3ec4-4ab5-989b-03098d2372bc"}
[INFO] Calibration: capturing test frame 4/5... {"renderJobId":"79231ed0-3ec4-4ab5-989b-03098d2372bc"}
[INFO] Calibration: capturing test frame 5/5... {"renderJobId":"79231ed0-3ec4-4ab5-989b-03098d2372bc"}
[INFO] Calibration complete, estimated cost: 36ms/frame (p95) {"renderJobId":"79231ed0-3ec4-4ab5-989b-03098d2372bc"}
[INFO] [Render:trace] {"renderJobId":"79231ed0-3ec4-4ab5-989b-03098d2372bc","phase":"capture_calibration","status":"end","elapsedMs":1527,"durationMs":1133,"stagePhase":"calibrating","forceScreenshot":false,"totalFrames":276,"framesCompleted":0,"captureMode":"drawelement","captureOperation":"drawElement"}
[INFO] [Render:trace] {"renderJobId":"79231ed0-3ec4-4ab5-989b-03098d2372bc","phase":"capture_calibration","status":"checkpoint","elapsedMs":1527,"message":"resolved","forceScreenshot":false,"multiplier":1,"p95Ms":36}
[WARN] [Render] 5 capture workers may exceed this process's V8 heap (limit 4144MB supports ~4). If the render dies with "JavaScript heap out of memory", raise the heap (NODE_OPTIONS=--max-old-space-size=8192) or pass --workers 4. {"renderJobId":"79231ed0-3ec4-4ab5-989b-03098d2372bc","heapLimitMb":4144,"heapBasedWorkers":4}
[INFO] [Render:trace] {"renderJobId":"79231ed0-3ec4-4ab5-989b-03098d2372bc","phase":"worker_resolution","status":"checkpoint","elapsedMs":1528,"message":"resolved","workerCount":5}
[INFO] [Render] Fast capture: default-on drawElement disabled for this render — parallel capture has no runtime self-verification. Set PRODUCER_EXPERIMENTAL_FAST_CAPTURE=true to override. {"renderJobId":"79231ed0-3ec4-4ab5-989b-03098d2372bc"}
[INFO] streaming-encode gate {"renderJobId":"79231ed0-3ec4-4ab5-989b-03098d2372bc","enabled":false,"reason":"multi_worker","configFlag":true,"durationCapEnabled":false,"outputFormat":"mp4","workerCount":5,"durationSeconds":11.5,"maxDurationSeconds":240}
[INFO] [Render:trace] {"renderJobId":"79231ed0-3ec4-4ab5-989b-03098d2372bc","phase":"capture_strategy","status":"checkpoint","elapsedMs":1528,"message":"resolved","workerCount":5,"forceScreenshot":false,"captureBeyondViewport":null,"useStreamingEncode":false,"useLayeredComposite":false,"usePageSideCompositing":false,"hasHdrContent":false,"hasShaderTransitions":false,"isPngSequence":false}
[INFO] [Render:trace] {"renderJobId":"79231ed0-3ec4-4ab5-989b-03098d2372bc","phase":"capture_disk","status":"start","elapsedMs":1529,"stagePhase":"capturing","needsAlpha":false,"workerCount":5,"forceScreenshot":false,"totalFrames":276,"framesCompleted":0,"captureMode":"screenshot","captureOperation":"captureScreenshot"}
[INFO] [Render:trace] {"renderJobId":"79231ed0-3ec4-4ab5-989b-03098d2372bc","phase":"capture_disk","status":"end","elapsedMs":6117,"durationMs":4588,"stagePhase":"capturing","needsAlpha":false,"workerCount":5,"forceScreenshot":false,"totalFrames":276,"framesCompleted":276,"captureMode":"screenshot","captureOperation":"encode"}
[INFO] [Render:trace] {"renderJobId":"79231ed0-3ec4-4ab5-989b-03098d2372bc","phase":"encode","status":"start","elapsedMs":6117,"stagePhase":"capturing","hasAudio":false,"isPngSequence":false,"isGif":false,"chunkedEncode":false,"workerCount":5,"forceScreenshot":false,"totalFrames":276,"framesCompleted":276,"captureMode":"screenshot","captureOperation":"encode"}
[INFO] [Render:trace] {"renderJobId":"79231ed0-3ec4-4ab5-989b-03098d2372bc","phase":"encode","status":"end","elapsedMs":6852,"durationMs":735,"stagePhase":"capturing","hasAudio":false,"isPngSequence":false,"isGif":false,"chunkedEncode":false,"workerCount":5,"forceScreenshot":false,"totalFrames":276,"framesCompleted":276,"captureMode":"screenshot","captureOperation":"encode"}
[INFO] [Render:trace] {"renderJobId":"79231ed0-3ec4-4ab5-989b-03098d2372bc","phase":"assemble","status":"start","elapsedMs":6852,"stagePhase":"capturing","hasAudio":false,"workerCount":5,"forceScreenshot":false,"totalFrames":276,"framesCompleted":276,"captureMode":"screenshot","captureOperation":"encode"}
[INFO] [Render:trace] {"renderJobId":"79231ed0-3ec4-4ab5-989b-03098d2372bc","phase":"assemble","status":"end","elapsedMs":6889,"durationMs":37,"stagePhase":"capturing","hasAudio":false,"workerCount":5,"forceScreenshot":false,"totalFrames":276,"framesCompleted":276,"captureMode":"screenshot","captureOperation":"encode"}
[INFO] [Render:trace] {"renderJobId":"79231ed0-3ec4-4ab5-989b-03098d2372bc","phase":"pipeline","status":"checkpoint","elapsedMs":6927,"message":"artifact validated","totalElapsedMs":6925}
