[INFO] [Compiler] Fetched 11 font face(s) for "Inter" from Google Fonts (cached to /Users/ace/.cache/hyperframes/fonts/inter)
[INFO] [Compiler] Fetched 11 font face(s) for "Inter" from Google Fonts (cached to /Users/ace/.cache/hyperframes/fonts/inter)
[INFO] [Compiler] Injected deterministic @font-face rules for 2 requested font families
[hyperframes] browserGpuMode probe → hardware (WebGL renderer vendor="Google Inc. (Apple)" renderer="ANGLE (Apple, ANGLE Metal Renderer: Apple M1 Pro, Unspecified Version)")
{
  "ok": true,
  "strict": false,
  "lint": {
    "ok": true,
    "errorCount": 0,
    "warningCount": 2,
    "infoCount": 0,
    "findings": [
      {
        "code": "nested_structure_needs_subcomposition",
        "severity": "warning",
        "message": "<section id=\"s1\"> is a timeline element that contains nested <div>. The timeline shows one row per top-level element, and the root composition is built only from sub-compositions.",
        "selector": "#s1",
        "dataAttributes": {},
        "sourceFile": "/private/tmp/framelang/experiments/makemydemo-v0.1/runs/glm-5-2/without-framework/repair-preview/index.html",
        "bbox": {
          "x": 0,
          "y": 0,
          "width": 0,
          "height": 0
        },
        "time": 0,
        "fixHint": "Move <section id=\"s1\"> and its contents into a sub-composition file and mount it with data-composition-src."
      },
      {
        "code": "nested_structure_needs_subcomposition",
        "severity": "warning",
        "message": "<section id=\"s2\"> is a timeline element that contains nested <div>. The timeline shows one row per top-level element, and the root composition is built only from sub-compositions.",
        "selector": "#s2",
        "dataAttributes": {},
        "sourceFile": "/private/tmp/framelang/experiments/makemydemo-v0.1/runs/glm-5-2/without-framework/repair-preview/index.html",
        "bbox": {
          "x": 0,
          "y": 0,
          "width": 0,
          "height": 0
        },
        "time": 0,
        "fixHint": "Move <section id=\"s2\"> and its contents into a sub-composition file and mount it with data-composition-src."
      }
    ],
    "filesScanned": 1
  },
  "runtime": {
    "ok": true,
    "errorCount": 0,
    "warningCount": 0,
    "infoCount": 0,
    "findings": []
  },
  "layout": {
    "ok": true,
    "errorCount": 0,
    "warningCount": 0,
    "infoCount": 0,
    "findings": [],
    "duration": 8,
    "samples": [
      0.167,
      0.25,
      0.267,
      0.333,
      0.442,
      0.55,
      0.609,
      0.667,
      0.8,
      0.85,
      1.033,
      1.092,
      1.15,
      1.309,
      1.333,
      1.468,
      1.867,
      1.934,
      2.4,
      2.9,
      2.933,
      3.4,
      3.45,
      3.467,
      3.5,
      3.725,
      3.95,
      4,
      4.059,
      4.167,
      4.25,
      4.333,
      4.442,
      4.533,
      4.55,
      4.608,
      4.667,
      4.85,
      5.033,
      5.067,
      5.092,
      5.15,
      5.364,
      5.578,
      5.6,
      6.133,
      6.489,
      6.667,
      7.2,
      7.4,
      7.7,
      7.733,
      8
    ],
    "transitionSamples": [
      0.167,
      0.25,
      0.333,
      0.442,
      0.55,
      0.609,
      0.667,
      0.85,
      1.033,
      1.092,
      1.15,
      1.309,
      1.468,
      1.934,
      2.4,
      2.9,
      3.4,
      3.45,
      3.5,
      3.725,
      3.95,
      4.059,
      4.167,
      4.25,
      4.333,
      4.442,
      4.55,
      4.608,
      4.667,
      4.85,
      5.033,
      5.092,
      5.15,
      5.364,
      5.578,
      6.489,
      7.4,
      7.7,
      8
    ],
    "transitionSamplesDropped": 0,
    "tolerance": 2,
    "totalIssueCount": 0,
    "truncated": false
  },
  "motion": {
    "ok": true,
    "errorCount": 0,
    "warningCount": 0,
    "infoCount": 0,
    "findings": [],
    "enabled": false,
    "samples": 0
  },
  "contrast": {
    "ok": true,
    "errorCount": 0,
    "warningCount": 0,
    "infoCount": 0,
    "findings": [],
    "enabled": true,
    "samples": [
      0.167,
      1.309,
      3.95,
      5.067,
      8
    ],
    "checked": 40,
    "passed": 40
  },
  "hdr": {
    "autoPromotion": null,
    "inspection": "available"
  },
  "snapshots": {
    "enabled": false,
    "files": [],
    "times": [],
    "findingFiles": []
  },
  "_meta": {
    "version": "0.8.82",
    "latestVersion": "0.8.82",
    "updateAvailable": false
  }
}
