{
  "ok": false,
  "strict": false,
  "lint": {
    "ok": false,
    "errorCount": 1,
    "warningCount": 2,
    "infoCount": 0,
    "findings": [
      {
        "code": "gsap_animates_clip_element",
        "severity": "error",
        "message": "GSAP animation sets display on a clip element. Selector \"#s1\" resolves to element <section id=\"s1\" class=\"clip\">. The framework manages clip visibility, and autoAlpha writes visibility as well as opacity — do not animate these properties on clip elements.",
        "selector": "#s1",
        "dataAttributes": {},
        "sourceFile": "/private/tmp/framelang/experiments/makemydemo-v0.1/runs/glm-5-2/without-framework/attempts/2/scene/index.html",
        "bbox": {
          "x": 0,
          "y": 0,
          "width": 0,
          "height": 0
        },
        "time": 0,
        "fixHint": "Remove the visibility/display/autoAlpha tween, or move the content into a child <div> and target that instead."
      },
      {
        "code": "nested_structure_needs_subcomposition",
        "severity": "warning",
        "message": "<section id=\"s1\"> is a timeline element that contains nested <div>. The timeline shows one row per top-level element, and the root composition is built only from sub-compositions.",
        "selector": "#s1",
        "dataAttributes": {},
        "sourceFile": "/private/tmp/framelang/experiments/makemydemo-v0.1/runs/glm-5-2/without-framework/attempts/2/scene/index.html",
        "bbox": {
          "x": 0,
          "y": 0,
          "width": 0,
          "height": 0
        },
        "time": 0,
        "fixHint": "Move <section id=\"s1\"> and its contents into a sub-composition file and mount it with data-composition-src."
      },
      {
        "code": "nested_structure_needs_subcomposition",
        "severity": "warning",
        "message": "<section id=\"s2\"> is a timeline element that contains nested <div>. The timeline shows one row per top-level element, and the root composition is built only from sub-compositions.",
        "selector": "#s2",
        "dataAttributes": {},
        "sourceFile": "/private/tmp/framelang/experiments/makemydemo-v0.1/runs/glm-5-2/without-framework/attempts/2/scene/index.html",
        "bbox": {
          "x": 0,
          "y": 0,
          "width": 0,
          "height": 0
        },
        "time": 0,
        "fixHint": "Move <section id=\"s2\"> and its contents into a sub-composition file and mount it with data-composition-src."
      }
    ],
    "filesScanned": 1
  },
  "runtime": {
    "ok": true,
    "errorCount": 0,
    "warningCount": 0,
    "infoCount": 0,
    "findings": []
  },
  "layout": {
    "ok": true,
    "errorCount": 0,
    "warningCount": 0,
    "infoCount": 0,
    "findings": [],
    "duration": 0,
    "samples": [],
    "transitionSamples": [],
    "transitionSamplesDropped": 0,
    "tolerance": 2,
    "totalIssueCount": 0,
    "truncated": false
  },
  "motion": {
    "ok": true,
    "errorCount": 0,
    "warningCount": 0,
    "infoCount": 0,
    "findings": [],
    "enabled": false,
    "samples": 0
  },
  "contrast": {
    "ok": true,
    "errorCount": 0,
    "warningCount": 0,
    "infoCount": 0,
    "findings": [],
    "enabled": true,
    "samples": [],
    "checked": 0,
    "passed": 0
  },
  "hdr": {
    "autoPromotion": null,
    "inspection": "available"
  },
  "snapshots": {
    "enabled": false,
    "files": [],
    "times": [],
    "findingFiles": []
  },
  "_meta": {
    "version": "0.8.82",
    "latestVersion": "0.8.82",
    "updateAvailable": false
  }
}
[StaticGuard] Invalid HyperFrame contract: GSAP animation sets display on a clip element. Selector "#s1" resolves to element <section id="s1" class="clip">. The framework manages clip visibility, and autoAlpha writes visibility as well as opacity — do not animate these properties on clip elements.
