
◆  Rendering landscape-1920x1080 → /private/tmp/framelang/experiments/token-efficient-v0.1/copy-runs/glm-5-2/copy/compiled/landscape-1920x1080/video.mp4
   24fps · draft · auto workers (10 cores detected)
   GPU: browser GPU (auto-detect)

[?25l│
◒  Checking browser[1G[J◇  Browser: cache
[?25h
  Lint: 0 error(s), 3 warning(s) — run with --lint-verbose for full output.
  Continuing render despite lint issues. Use --strict to block errors.

  █░░░░░░░░░░░░░░░░░░░░░░░░  5%  Compiling composition
  ██░░░░░░░░░░░░░░░░░░░░░░░  10%  Extracting video frames
  █████░░░░░░░░░░░░░░░░░░░░  20%  Processing audio tracks
  ██████░░░░░░░░░░░░░░░░░░░  25%  Starting frame capture
  ██████░░░░░░░░░░░░░░░░░░░  25%  Checking browser GPU
  ██████░░░░░░░░░░░░░░░░░░░  25%  Measuring capture speed
[BrowserManager] Browser launched (HeadlessChrome/152.0.7977.30, screenshot, gl=--use-gl=angle --use-angle=metal, headlessShell=true, platform=darwin)
[initSession:screenshot] page.goto start (0ms)
[HyperFrames] render runtime fps {"canonicalFps":24,"source":"render-options","rawFpsSource":"render-options","rawFps":24}
[initSession:screenshot] page.goto complete (328ms)
[initSession:screenshot] GSAP proxy flush complete (351ms)
[initSession:screenshot] pollHfReady complete (353ms)
[initSession:screenshot] pollSubCompositionTimelines complete (ready) (355ms)
[initSession:screenshot] applyVideoMetadataHints complete (355ms)
[initSession:screenshot] media + fonts + tailwind ready (357ms)
[initSession:screenshot] timeline at-risk predictor: 0/276 frames (0%) (435ms)
[initSession:screenshot] static-frame dedup: disabled (eligible) (440ms)
[initSession:screenshot] drawElement self-verify armed: 4 ground-truth frame(s) @ [69, 138, 207, 262] of 276 (860ms)
[initSession:drawelement] drawElement canvas injected (863ms)
[initSession:drawelement] screenshot fallback: 13 clip-boundary frame(s) (866ms)
[initSession:drawelement] drawElement worker encode initialized (870ms)
  ██████░░░░░░░░░░░░░░░░░░░  25%  Starting browsers (0/5 ready)
[BrowserManager] Browser launched (HeadlessChrome/152.0.7977.30, screenshot, gl=--use-gl=angle --use-angle=metal, headlessShell=true, platform=darwin)
[initSession:screenshot] page.goto start (0ms)
[initSession:screenshot] page.goto start (0ms)
[initSession:screenshot] page.goto start (0ms)
[initSession:screenshot] page.goto start (0ms)
[initSession:screenshot] page.goto start (0ms)
[HyperFrames] render runtime fps {"canonicalFps":24,"source":"render-options","rawFpsSource":"render-options","rawFps":24}
[initSession:screenshot] page.goto complete (448ms)
[HyperFrames] render runtime fps {"canonicalFps":24,"source":"render-options","rawFpsSource":"render-options","rawFps":24}
[initSession:screenshot] page.goto complete (449ms)
[HyperFrames] render runtime fps {"canonicalFps":24,"source":"render-options","rawFpsSource":"render-options","rawFps":24}
[HyperFrames] render runtime fps {"canonicalFps":24,"source":"render-options","rawFpsSource":"render-options","rawFps":24}
[initSession:screenshot] GSAP proxy flush complete (458ms)
[initSession:screenshot] GSAP proxy flush complete (458ms)
[initSession:screenshot] pollHfReady complete (459ms)
[initSession:screenshot] pollHfReady complete (459ms)
[initSession:screenshot] pollSubCompositionTimelines complete (ready) (460ms)
[initSession:screenshot] applyVideoMetadataHints complete (460ms)
[initSession:screenshot] pollSubCompositionTimelines complete (ready) (462ms)
[initSession:screenshot] applyVideoMetadataHints complete (462ms)
[initSession:screenshot] page.goto complete (459ms)
[initSession:screenshot] media + fonts + tailwind ready (463ms)
[initSession:screenshot] media + fonts + tailwind ready (463ms)
[initSession:screenshot] GSAP proxy flush complete (462ms)
[initSession:screenshot] page.goto complete (468ms)
[initSession:screenshot] GSAP proxy flush complete (471ms)
[initSession:screenshot] static-frame dedup: disabled (eligible) (477ms)
[initSession:screenshot] static-frame dedup: disabled (eligible) (477ms)
  ██████░░░░░░░░░░░░░░░░░░░  25%  Starting browsers (1/5 ready)
  ██████░░░░░░░░░░░░░░░░░░░  25%  Capturing frame 1/276 (5 workers)
[HyperFrames] render runtime fps {"canonicalFps":24,"source":"render-options","rawFpsSource":"render-options","rawFps":24}
[initSession:screenshot] page.goto complete (538ms)
[initSession:screenshot] GSAP proxy flush complete (558ms)
[initSession:screenshot] pollHfReady complete (559ms)
[initSession:screenshot] pollSubCompositionTimelines complete (ready) (560ms)
[initSession:screenshot] applyVideoMetadataHints complete (560ms)
[initSession:screenshot] media + fonts + tailwind ready (561ms)
[initSession:screenshot] pollHfReady complete (575ms)
[initSession:screenshot] pollHfReady complete (575ms)
[initSession:screenshot] pollSubCompositionTimelines complete (ready) (577ms)
[initSession:screenshot] applyVideoMetadataHints complete (577ms)
[initSession:screenshot] pollSubCompositionTimelines complete (ready) (577ms)
[initSession:screenshot] applyVideoMetadataHints complete (577ms)
[initSession:screenshot] media + fonts + tailwind ready (578ms)
[initSession:screenshot] static-frame dedup: disabled (eligible) (577ms)
[initSession:screenshot] media + fonts + tailwind ready (579ms)
[initSession:screenshot] static-frame dedup: disabled (eligible) (593ms)
[initSession:screenshot] static-frame dedup: disabled (eligible) (593ms)
  ██████░░░░░░░░░░░░░░░░░░░  27%  Capturing frame 10/276 (5 workers)
  ███████░░░░░░░░░░░░░░░░░░  30%  Capturing frame 32/276 (5 workers)
  ████████░░░░░░░░░░░░░░░░░  33%  Capturing frame 50/276 (5 workers)
  █████████░░░░░░░░░░░░░░░░  36%  Capturing frame 70/276 (5 workers)
  ██████████░░░░░░░░░░░░░░░  40%  Capturing frame 92/276 (5 workers)
  ███████████░░░░░░░░░░░░░░  44%  Capturing frame 114/276 (5 workers)
  ███████████░░░░░░░░░░░░░░  47%  Capturing frame 133/276 (5 workers)
  ████████████░░░░░░░░░░░░░  50%  Capturing frame 154/276 (5 workers)
  █████████████░░░░░░░░░░░░  54%  Capturing frame 176/276 (5 workers)
  ██████████████░░░░░░░░░░░  57%  Capturing frame 198/276 (5 workers)
  ███████████████░░░░░░░░░░  61%  Capturing frame 219/276 (5 workers)
  ████████████████░░░░░░░░░  64%  Capturing frame 238/276 (5 workers)
  ████████████████░░░░░░░░░  67%  Capturing frame 257/276 (5 workers)
  █████████████████░░░░░░░░  70%  Capturing frame 276/276 (5 workers)
  ██████████████████░░░░░░░  75%  Encoding video
  ██████████████████████░░░  90%  Assembling final video
  █████████████████████████  100%  Render complete

◇  /private/tmp/framelang/experiments/token-efficient-v0.1/copy-runs/glm-5-2/copy/compiled/landscape-1920x1080/video.mp4
   1.7 MB · 11.5s video · rendered in 7.2s
   screenshot capture · hardware gpu · compile 0.2s · extract 0.0s · audio 0.0s · probe 0.0s · setup 1.7s · capture 4.5s · encode 0.7s · assemble 0.0s

◆  Rendering portrait-1080x1920 → /private/tmp/framelang/experiments/token-efficient-v0.1/copy-runs/glm-5-2/copy/compiled/portrait-1080x1920/video.mp4
   24fps · draft · auto workers (10 cores detected)
   GPU: browser GPU (auto-detect)

[?25l│
◒  Checking browser[1G[J◇  Browser: cache
[?25h
  Lint: 0 error(s), 3 warning(s) — run with --lint-verbose for full output.
  Continuing render despite lint issues. Use --strict to block errors.

  █░░░░░░░░░░░░░░░░░░░░░░░░  5%  Compiling composition
  ██░░░░░░░░░░░░░░░░░░░░░░░  10%  Extracting video frames
  █████░░░░░░░░░░░░░░░░░░░░  20%  Processing audio tracks
  ██████░░░░░░░░░░░░░░░░░░░  25%  Starting frame capture
  ██████░░░░░░░░░░░░░░░░░░░  25%  Checking browser GPU
  ██████░░░░░░░░░░░░░░░░░░░  25%  Measuring capture speed
[BrowserManager] Browser launched (HeadlessChrome/152.0.7977.30, screenshot, gl=--use-gl=angle --use-angle=metal, headlessShell=true, platform=darwin)
[initSession:screenshot] page.goto start (0ms)
[HyperFrames] render runtime fps {"canonicalFps":24,"source":"render-options","rawFpsSource":"render-options","rawFps":24}
[initSession:screenshot] page.goto complete (240ms)
[initSession:screenshot] GSAP proxy flush complete (258ms)
[initSession:screenshot] pollHfReady complete (259ms)
[initSession:screenshot] pollSubCompositionTimelines complete (ready) (260ms)
[initSession:screenshot] applyVideoMetadataHints complete (260ms)
[initSession:screenshot] media + fonts + tailwind ready (262ms)
[initSession:screenshot] timeline at-risk predictor: 0/276 frames (0%) (334ms)
[initSession:screenshot] static-frame dedup: disabled (eligible) (339ms)
[initSession:screenshot] drawElement self-verify armed: 4 ground-truth frame(s) @ [69, 138, 207, 262] of 276 (751ms)
[initSession:drawelement] drawElement canvas injected (753ms)
[initSession:drawelement] screenshot fallback: 13 clip-boundary frame(s) (755ms)
[initSession:drawelement] drawElement worker encode initialized (758ms)
  ██████░░░░░░░░░░░░░░░░░░░  25%  Starting browsers (0/5 ready)
[BrowserManager] Browser launched (HeadlessChrome/152.0.7977.30, screenshot, gl=--use-gl=angle --use-angle=metal, headlessShell=true, platform=darwin)
[initSession:screenshot] page.goto start (0ms)
[initSession:screenshot] page.goto start (1ms)
[initSession:screenshot] page.goto start (1ms)
[initSession:screenshot] page.goto start (0ms)
[initSession:screenshot] page.goto start (0ms)
[HyperFrames] render runtime fps {"canonicalFps":24,"source":"render-options","rawFpsSource":"render-options","rawFps":24}
[HyperFrames] render runtime fps {"canonicalFps":24,"source":"render-options","rawFpsSource":"render-options","rawFps":24}
[initSession:screenshot] page.goto complete (423ms)
[initSession:screenshot] page.goto complete (423ms)
[HyperFrames] render runtime fps {"canonicalFps":24,"source":"render-options","rawFpsSource":"render-options","rawFps":24}
[initSession:screenshot] page.goto complete (443ms)
[initSession:screenshot] GSAP proxy flush complete (446ms)
[initSession:screenshot] GSAP proxy flush complete (447ms)
[initSession:screenshot] GSAP proxy flush complete (447ms)
[initSession:screenshot] pollHfReady complete (449ms)
[initSession:screenshot] pollHfReady complete (449ms)
[initSession:screenshot] pollHfReady complete (448ms)
[initSession:screenshot] pollSubCompositionTimelines complete (ready) (450ms)
[initSession:screenshot] applyVideoMetadataHints complete (450ms)
[initSession:screenshot] pollSubCompositionTimelines complete (ready) (451ms)
[initSession:screenshot] applyVideoMetadataHints complete (451ms)
[initSession:screenshot] pollSubCompositionTimelines complete (ready) (450ms)
[initSession:screenshot] applyVideoMetadataHints complete (450ms)
[HyperFrames] render runtime fps {"canonicalFps":24,"source":"render-options","rawFpsSource":"render-options","rawFps":24}
[initSession:screenshot] media + fonts + tailwind ready (452ms)
[initSession:screenshot] media + fonts + tailwind ready (455ms)
[initSession:screenshot] media + fonts + tailwind ready (455ms)
[initSession:screenshot] static-frame dedup: disabled (eligible) (460ms)
[initSession:screenshot] static-frame dedup: disabled (eligible) (459ms)
[initSession:screenshot] static-frame dedup: disabled (eligible) (461ms)
  ██████░░░░░░░░░░░░░░░░░░░  25%  Starting browsers (1/5 ready)
[initSession:screenshot] page.goto complete (466ms)
[initSession:screenshot] GSAP proxy flush complete (469ms)
[HyperFrames] render runtime fps {"canonicalFps":24,"source":"render-options","rawFpsSource":"render-options","rawFps":24}
[initSession:screenshot] page.goto complete (519ms)
  ██████░░░░░░░░░░░░░░░░░░░  25%  Capturing frame 1/276 (5 workers)
[initSession:screenshot] GSAP proxy flush complete (587ms)
[initSession:screenshot] pollHfReady complete (597ms)
[initSession:screenshot] pollHfReady complete (595ms)
[initSession:screenshot] pollSubCompositionTimelines complete (ready) (599ms)
[initSession:screenshot] applyVideoMetadataHints complete (599ms)
[initSession:screenshot] pollSubCompositionTimelines complete (ready) (598ms)
[initSession:screenshot] applyVideoMetadataHints complete (598ms)
[initSession:screenshot] media + fonts + tailwind ready (603ms)
[initSession:screenshot] media + fonts + tailwind ready (601ms)
[initSession:screenshot] static-frame dedup: disabled (eligible) (608ms)
[initSession:screenshot] static-frame dedup: disabled (eligible) (606ms)
  ███████░░░░░░░░░░░░░░░░░░  28%  Capturing frame 16/276 (5 workers)
  ███████░░░░░░░░░░░░░░░░░░  31%  Capturing frame 37/276 (5 workers)
  ████████░░░░░░░░░░░░░░░░░  34%  Capturing frame 57/276 (5 workers)
  █████████░░░░░░░░░░░░░░░░  38%  Capturing frame 77/276 (5 workers)
  ██████████░░░░░░░░░░░░░░░  41%  Capturing frame 98/276 (5 workers)
  ███████████░░░░░░░░░░░░░░  44%  Capturing frame 117/276 (5 workers)
  ████████████░░░░░░░░░░░░░  48%  Capturing frame 138/276 (5 workers)
  ████████████░░░░░░░░░░░░░  51%  Capturing frame 157/276 (5 workers)
  █████████████░░░░░░░░░░░░  54%  Capturing frame 176/276 (5 workers)
  ██████████████░░░░░░░░░░░  57%  Capturing frame 196/276 (5 workers)
  ███████████████░░░░░░░░░░  60%  Capturing frame 216/276 (5 workers)
  ███████████████░░░░░░░░░░  63%  Capturing frame 236/276 (5 workers)
  ████████████████░░░░░░░░░  67%  Capturing frame 255/276 (5 workers)
  █████████████████░░░░░░░░  70%  Capturing frame 273/276 (5 workers)
  █████████████████░░░░░░░░  70%  Capturing frame 276/276 (5 workers)
  ██████████████████░░░░░░░  75%  Encoding video
  ██████████████████████░░░  90%  Assembling final video
  █████████████████████████  100%  Render complete

◇  /private/tmp/framelang/experiments/token-efficient-v0.1/copy-runs/glm-5-2/copy/compiled/portrait-1080x1920/video.mp4
   1.8 MB · 11.5s video · rendered in 6.9s
   screenshot capture · hardware gpu · compile 0.2s · extract 0.0s · audio 0.0s · probe 0.0s · setup 1.4s · capture 4.6s · encode 0.7s · assemble 0.0s
[INFO] [Render] Pipeline started {"renderJobId":"c12be81b-d51c-40cd-85f4-ae3148c5c583","platform":"darwin","arch":"arm64","nodeVersion":"v23.11.0","fps":{"num":24,"den":1},"format":"mp4","quality":"draft","browserGpuMode":"auto","forceScreenshot":false,"protocolTimeout":300000,"browserTimeout":120000,"pageNavigationTimeout":60000,"playerReadyTimeout":45000}
[INFO] [Render:trace] {"renderJobId":"c12be81b-d51c-40cd-85f4-ae3148c5c583","phase":"pipeline","status":"checkpoint","elapsedMs":2,"message":"started","format":"mp4","quality":"draft","browserGpuMode":"auto","forceScreenshot":false,"protocolTimeoutMs":300000,"pageNavigationTimeoutMs":60000,"playerReadyTimeoutMs":45000,"requestedWorkers":"auto"}
[INFO] [Render:trace] {"renderJobId":"c12be81b-d51c-40cd-85f4-ae3148c5c583","phase":"compile","status":"start","elapsedMs":4,"needsAlpha":false}
[INFO] [Compiler] Embedded local font file: assets/Inter.ttf (856 KB → data URI)
[INFO] Compiled composition metadata {"renderJobId":"c12be81b-d51c-40cd-85f4-ae3148c5c583","entryFile":"index.html","staticDuration":11.5,"width":1920,"height":1080,"videoCount":0,"audioCount":0,"renderModeHints":{"recommendScreenshot":false,"reasons":[]}}
[INFO] [Render:trace] {"renderJobId":"c12be81b-d51c-40cd-85f4-ae3148c5c583","phase":"compile","status":"end","elapsedMs":126,"durationMs":122,"needsAlpha":false}
[INFO] [Render:trace] {"renderJobId":"c12be81b-d51c-40cd-85f4-ae3148c5c583","phase":"compile","status":"checkpoint","elapsedMs":128,"message":"composition metadata resolved","width":1920,"height":1080,"videoCount":0,"audioCount":0,"imageCount":2,"deviceScaleFactor":1,"forceScreenshot":false,"compositionHash":"5a2a34eec9da0b95"}
[INFO] [Render:trace] {"renderJobId":"c12be81b-d51c-40cd-85f4-ae3148c5c583","phase":"browser_probe","status":"start","elapsedMs":128,"forceScreenshot":false,"stagePhase":"calibrating"}
[INFO] [Render:trace] {"renderJobId":"c12be81b-d51c-40cd-85f4-ae3148c5c583","phase":"browser_probe","status":"end","elapsedMs":175,"durationMs":47,"forceScreenshot":false,"stagePhase":"calibrating"}
[INFO] [Render:trace] {"renderJobId":"c12be81b-d51c-40cd-85f4-ae3148c5c583","phase":"browser_probe","status":"checkpoint","elapsedMs":176,"message":"duration resolved","durationSeconds":11.5,"totalFrames":276,"compositionHash":"5a2a34eec9da0b95","beginFrameStalled":false}
[INFO] [Render:trace] {"renderJobId":"c12be81b-d51c-40cd-85f4-ae3148c5c583","phase":"video_extract","status":"start","elapsedMs":176,"videoCount":0}
[INFO] [Render:trace] {"renderJobId":"c12be81b-d51c-40cd-85f4-ae3148c5c583","phase":"video_extract","status":"end","elapsedMs":177,"durationMs":1,"videoCount":0}
[INFO] [Render:trace] {"renderJobId":"c12be81b-d51c-40cd-85f4-ae3148c5c583","phase":"video_extract","status":"checkpoint","elapsedMs":180,"message":"frames resolved","videoCount":0,"extractedVideoCount":0,"totalFramesExtracted":0,"maxFramesPerVideo":0,"avgFramesPerExtractedVideo":null,"vfrPreflightCount":null,"vfrPreflightMs":null,"cacheHits":null,"cacheMisses":null,"transientRetries":null,"minVideoFrameCoverageRatio":null,"authoredTimedClipCount":4}
[INFO] [Render] No HDR sources detected — rendering SDR {"renderJobId":"c12be81b-d51c-40cd-85f4-ae3148c5c583"}
[INFO] [Render:trace] {"renderJobId":"c12be81b-d51c-40cd-85f4-ae3148c5c583","phase":"hdr_detection","status":"checkpoint","elapsedMs":180,"message":"resolved","requestedHdrMode":"auto","effectiveHdr":"sdr","nativeHdrVideoCount":0,"nativeHdrImageCount":0}
[INFO] [Render:trace] {"renderJobId":"c12be81b-d51c-40cd-85f4-ae3148c5c583","phase":"audio_process","status":"start","elapsedMs":180,"audioCount":0}
[INFO] [Render:trace] {"renderJobId":"c12be81b-d51c-40cd-85f4-ae3148c5c583","phase":"audio_process","status":"end","elapsedMs":180,"durationMs":0,"audioCount":0}
[INFO] [Render:trace] {"renderJobId":"c12be81b-d51c-40cd-85f4-ae3148c5c583","phase":"file_server","status":"start","elapsedMs":180,"reused":false}
[INFO] [Render:trace] {"renderJobId":"c12be81b-d51c-40cd-85f4-ae3148c5c583","phase":"file_server","status":"end","elapsedMs":187,"durationMs":7}
[hyperframes] browserGpuMode probe → hardware (WebGL renderer vendor="Google Inc. (Apple)" renderer="ANGLE (Apple, ANGLE Metal Renderer: Apple M1 Pro, Unspecified Version)")
[INFO] [Render:trace] {"renderJobId":"c12be81b-d51c-40cd-85f4-ae3148c5c583","phase":"capture_calibration","status":"start","elapsedMs":628,"stagePhase":"calibrating","forceScreenshot":false,"totalFrames":276,"framesCompleted":0,"captureMode":"drawelement","captureOperation":"drawElement"}
[INFO] [Render] Calibration config {"renderJobId":"c12be81b-d51c-40cd-85f4-ae3148c5c583","protocolTimeout":30000,"parentProtocolTimeout":300000,"forceScreenshot":false,"totalFrames":276}
[INFO] Launching browser for capture calibration... {"renderJobId":"c12be81b-d51c-40cd-85f4-ae3148c5c583"}
[INFO] Initializing calibration session... {"renderJobId":"c12be81b-d51c-40cd-85f4-ae3148c5c583"}
[INFO] Calibration session ready, capturing test frames... {"renderJobId":"c12be81b-d51c-40cd-85f4-ae3148c5c583"}
[INFO] Calibration: capturing test frame 1/5... {"renderJobId":"c12be81b-d51c-40cd-85f4-ae3148c5c583"}
[INFO] Calibration: capturing test frame 2/5... {"renderJobId":"c12be81b-d51c-40cd-85f4-ae3148c5c583"}
[INFO] Calibration: capturing test frame 3/5... {"renderJobId":"c12be81b-d51c-40cd-85f4-ae3148c5c583"}
[INFO] Calibration: capturing test frame 4/5... {"renderJobId":"c12be81b-d51c-40cd-85f4-ae3148c5c583"}
[INFO] Calibration: capturing test frame 5/5... {"renderJobId":"c12be81b-d51c-40cd-85f4-ae3148c5c583"}
[INFO] Calibration complete, estimated cost: 34ms/frame (p95) {"renderJobId":"c12be81b-d51c-40cd-85f4-ae3148c5c583"}
[INFO] [Render:trace] {"renderJobId":"c12be81b-d51c-40cd-85f4-ae3148c5c583","phase":"capture_calibration","status":"end","elapsedMs":1863,"durationMs":1235,"stagePhase":"calibrating","forceScreenshot":false,"totalFrames":276,"framesCompleted":0,"captureMode":"drawelement","captureOperation":"drawElement"}
[INFO] [Render:trace] {"renderJobId":"c12be81b-d51c-40cd-85f4-ae3148c5c583","phase":"capture_calibration","status":"checkpoint","elapsedMs":1863,"message":"resolved","forceScreenshot":false,"multiplier":1,"p95Ms":34}
[WARN] [Render] 5 capture workers may exceed this process's V8 heap (limit 4144MB supports ~4). If the render dies with "JavaScript heap out of memory", raise the heap (NODE_OPTIONS=--max-old-space-size=8192) or pass --workers 4. {"renderJobId":"c12be81b-d51c-40cd-85f4-ae3148c5c583","heapLimitMb":4144,"heapBasedWorkers":4}
[INFO] [Render:trace] {"renderJobId":"c12be81b-d51c-40cd-85f4-ae3148c5c583","phase":"worker_resolution","status":"checkpoint","elapsedMs":1864,"message":"resolved","workerCount":5}
[INFO] [Render] Fast capture: default-on drawElement disabled for this render — parallel capture has no runtime self-verification. Set PRODUCER_EXPERIMENTAL_FAST_CAPTURE=true to override. {"renderJobId":"c12be81b-d51c-40cd-85f4-ae3148c5c583"}
[INFO] streaming-encode gate {"renderJobId":"c12be81b-d51c-40cd-85f4-ae3148c5c583","enabled":false,"reason":"multi_worker","configFlag":true,"durationCapEnabled":false,"outputFormat":"mp4","workerCount":5,"durationSeconds":11.5,"maxDurationSeconds":240}
[INFO] [Render:trace] {"renderJobId":"c12be81b-d51c-40cd-85f4-ae3148c5c583","phase":"capture_strategy","status":"checkpoint","elapsedMs":1864,"message":"resolved","workerCount":5,"forceScreenshot":false,"captureBeyondViewport":null,"useStreamingEncode":false,"useLayeredComposite":false,"usePageSideCompositing":false,"hasHdrContent":false,"hasShaderTransitions":false,"isPngSequence":false}
[INFO] [Render:trace] {"renderJobId":"c12be81b-d51c-40cd-85f4-ae3148c5c583","phase":"capture_disk","status":"start","elapsedMs":1864,"stagePhase":"capturing","needsAlpha":false,"workerCount":5,"forceScreenshot":false,"totalFrames":276,"framesCompleted":0,"captureMode":"screenshot","captureOperation":"captureScreenshot"}
[INFO] [Render:trace] {"renderJobId":"c12be81b-d51c-40cd-85f4-ae3148c5c583","phase":"capture_disk","status":"end","elapsedMs":6382,"durationMs":4518,"stagePhase":"capturing","needsAlpha":false,"workerCount":5,"forceScreenshot":false,"totalFrames":276,"framesCompleted":276,"captureMode":"screenshot","captureOperation":"encode"}
[INFO] [Render:trace] {"renderJobId":"c12be81b-d51c-40cd-85f4-ae3148c5c583","phase":"encode","status":"start","elapsedMs":6382,"stagePhase":"capturing","hasAudio":false,"isPngSequence":false,"isGif":false,"chunkedEncode":false,"workerCount":5,"forceScreenshot":false,"totalFrames":276,"framesCompleted":276,"captureMode":"screenshot","captureOperation":"encode"}
[INFO] [Render:trace] {"renderJobId":"c12be81b-d51c-40cd-85f4-ae3148c5c583","phase":"encode","status":"end","elapsedMs":7105,"durationMs":723,"stagePhase":"capturing","hasAudio":false,"isPngSequence":false,"isGif":false,"chunkedEncode":false,"workerCount":5,"forceScreenshot":false,"totalFrames":276,"framesCompleted":276,"captureMode":"screenshot","captureOperation":"encode"}
[INFO] [Render:trace] {"renderJobId":"c12be81b-d51c-40cd-85f4-ae3148c5c583","phase":"assemble","status":"start","elapsedMs":7106,"stagePhase":"capturing","hasAudio":false,"workerCount":5,"forceScreenshot":false,"totalFrames":276,"framesCompleted":276,"captureMode":"screenshot","captureOperation":"encode"}
[INFO] [Render:trace] {"renderJobId":"c12be81b-d51c-40cd-85f4-ae3148c5c583","phase":"assemble","status":"end","elapsedMs":7146,"durationMs":40,"stagePhase":"capturing","hasAudio":false,"workerCount":5,"forceScreenshot":false,"totalFrames":276,"framesCompleted":276,"captureMode":"screenshot","captureOperation":"encode"}
[INFO] [Render:trace] {"renderJobId":"c12be81b-d51c-40cd-85f4-ae3148c5c583","phase":"pipeline","status":"checkpoint","elapsedMs":7183,"message":"artifact validated","totalElapsedMs":7181}
[INFO] [Render] Pipeline started {"renderJobId":"3f7a888b-77f5-484e-9096-49225827087b","platform":"darwin","arch":"arm64","nodeVersion":"v23.11.0","fps":{"num":24,"den":1},"format":"mp4","quality":"draft","browserGpuMode":"auto","forceScreenshot":false,"protocolTimeout":300000,"browserTimeout":120000,"pageNavigationTimeout":60000,"playerReadyTimeout":45000}
[INFO] [Render:trace] {"renderJobId":"3f7a888b-77f5-484e-9096-49225827087b","phase":"pipeline","status":"checkpoint","elapsedMs":2,"message":"started","format":"mp4","quality":"draft","browserGpuMode":"auto","forceScreenshot":false,"protocolTimeoutMs":300000,"pageNavigationTimeoutMs":60000,"playerReadyTimeoutMs":45000,"requestedWorkers":"auto"}
[INFO] [Render:trace] {"renderJobId":"3f7a888b-77f5-484e-9096-49225827087b","phase":"compile","status":"start","elapsedMs":4,"needsAlpha":false}
[INFO] [Compiler] Embedded local font file: assets/Inter.ttf (856 KB → data URI)
[INFO] Compiled composition metadata {"renderJobId":"3f7a888b-77f5-484e-9096-49225827087b","entryFile":"index.html","staticDuration":11.5,"width":1080,"height":1920,"videoCount":0,"audioCount":0,"renderModeHints":{"recommendScreenshot":false,"reasons":[]}}
[INFO] [Render:trace] {"renderJobId":"3f7a888b-77f5-484e-9096-49225827087b","phase":"compile","status":"end","elapsedMs":111,"durationMs":107,"needsAlpha":false}
[INFO] [Render:trace] {"renderJobId":"3f7a888b-77f5-484e-9096-49225827087b","phase":"compile","status":"checkpoint","elapsedMs":113,"message":"composition metadata resolved","width":1080,"height":1920,"videoCount":0,"audioCount":0,"imageCount":2,"deviceScaleFactor":1,"forceScreenshot":false,"compositionHash":"69312984213ec790"}
[INFO] [Render:trace] {"renderJobId":"3f7a888b-77f5-484e-9096-49225827087b","phase":"browser_probe","status":"start","elapsedMs":113,"forceScreenshot":false,"stagePhase":"calibrating"}
[INFO] [Render:trace] {"renderJobId":"3f7a888b-77f5-484e-9096-49225827087b","phase":"browser_probe","status":"end","elapsedMs":158,"durationMs":45,"forceScreenshot":false,"stagePhase":"calibrating"}
[INFO] [Render:trace] {"renderJobId":"3f7a888b-77f5-484e-9096-49225827087b","phase":"browser_probe","status":"checkpoint","elapsedMs":159,"message":"duration resolved","durationSeconds":11.5,"totalFrames":276,"compositionHash":"69312984213ec790","beginFrameStalled":false}
[INFO] [Render:trace] {"renderJobId":"3f7a888b-77f5-484e-9096-49225827087b","phase":"video_extract","status":"start","elapsedMs":159,"videoCount":0}
[INFO] [Render:trace] {"renderJobId":"3f7a888b-77f5-484e-9096-49225827087b","phase":"video_extract","status":"end","elapsedMs":160,"durationMs":1,"videoCount":0}
[INFO] [Render:trace] {"renderJobId":"3f7a888b-77f5-484e-9096-49225827087b","phase":"video_extract","status":"checkpoint","elapsedMs":163,"message":"frames resolved","videoCount":0,"extractedVideoCount":0,"totalFramesExtracted":0,"maxFramesPerVideo":0,"avgFramesPerExtractedVideo":null,"vfrPreflightCount":null,"vfrPreflightMs":null,"cacheHits":null,"cacheMisses":null,"transientRetries":null,"minVideoFrameCoverageRatio":null,"authoredTimedClipCount":4}
[INFO] [Render] No HDR sources detected — rendering SDR {"renderJobId":"3f7a888b-77f5-484e-9096-49225827087b"}
[INFO] [Render:trace] {"renderJobId":"3f7a888b-77f5-484e-9096-49225827087b","phase":"hdr_detection","status":"checkpoint","elapsedMs":163,"message":"resolved","requestedHdrMode":"auto","effectiveHdr":"sdr","nativeHdrVideoCount":0,"nativeHdrImageCount":0}
[INFO] [Render:trace] {"renderJobId":"3f7a888b-77f5-484e-9096-49225827087b","phase":"audio_process","status":"start","elapsedMs":163,"audioCount":0}
[INFO] [Render:trace] {"renderJobId":"3f7a888b-77f5-484e-9096-49225827087b","phase":"audio_process","status":"end","elapsedMs":163,"durationMs":0,"audioCount":0}
[INFO] [Render:trace] {"renderJobId":"3f7a888b-77f5-484e-9096-49225827087b","phase":"file_server","status":"start","elapsedMs":163,"reused":false}
[INFO] [Render:trace] {"renderJobId":"3f7a888b-77f5-484e-9096-49225827087b","phase":"file_server","status":"end","elapsedMs":169,"durationMs":6}
[hyperframes] browserGpuMode probe → hardware (WebGL renderer vendor="Google Inc. (Apple)" renderer="ANGLE (Apple, ANGLE Metal Renderer: Apple M1 Pro, Unspecified Version)")
[INFO] [Render:trace] {"renderJobId":"3f7a888b-77f5-484e-9096-49225827087b","phase":"capture_calibration","status":"start","elapsedMs":390,"stagePhase":"calibrating","forceScreenshot":false,"totalFrames":276,"framesCompleted":0,"captureMode":"drawelement","captureOperation":"drawElement"}
[INFO] [Render] Calibration config {"renderJobId":"3f7a888b-77f5-484e-9096-49225827087b","protocolTimeout":30000,"parentProtocolTimeout":300000,"forceScreenshot":false,"totalFrames":276}
[INFO] Launching browser for capture calibration... {"renderJobId":"3f7a888b-77f5-484e-9096-49225827087b"}
[INFO] Initializing calibration session... {"renderJobId":"3f7a888b-77f5-484e-9096-49225827087b"}
[INFO] Calibration session ready, capturing test frames... {"renderJobId":"3f7a888b-77f5-484e-9096-49225827087b"}
[INFO] Calibration: capturing test frame 1/5... {"renderJobId":"3f7a888b-77f5-484e-9096-49225827087b"}
[INFO] Calibration: capturing test frame 2/5... {"renderJobId":"3f7a888b-77f5-484e-9096-49225827087b"}
[INFO] Calibration: capturing test frame 3/5... {"renderJobId":"3f7a888b-77f5-484e-9096-49225827087b"}
[INFO] Calibration: capturing test frame 4/5... {"renderJobId":"3f7a888b-77f5-484e-9096-49225827087b"}
[INFO] Calibration: capturing test frame 5/5... {"renderJobId":"3f7a888b-77f5-484e-9096-49225827087b"}
[INFO] Calibration complete, estimated cost: 36ms/frame (p95) {"renderJobId":"3f7a888b-77f5-484e-9096-49225827087b"}
[INFO] [Render:trace] {"renderJobId":"3f7a888b-77f5-484e-9096-49225827087b","phase":"capture_calibration","status":"end","elapsedMs":1520,"durationMs":1130,"stagePhase":"calibrating","forceScreenshot":false,"totalFrames":276,"framesCompleted":0,"captureMode":"drawelement","captureOperation":"drawElement"}
[INFO] [Render:trace] {"renderJobId":"3f7a888b-77f5-484e-9096-49225827087b","phase":"capture_calibration","status":"checkpoint","elapsedMs":1520,"message":"resolved","forceScreenshot":false,"multiplier":1,"p95Ms":36}
[WARN] [Render] 5 capture workers may exceed this process's V8 heap (limit 4144MB supports ~4). If the render dies with "JavaScript heap out of memory", raise the heap (NODE_OPTIONS=--max-old-space-size=8192) or pass --workers 4. {"renderJobId":"3f7a888b-77f5-484e-9096-49225827087b","heapLimitMb":4144,"heapBasedWorkers":4}
[INFO] [Render:trace] {"renderJobId":"3f7a888b-77f5-484e-9096-49225827087b","phase":"worker_resolution","status":"checkpoint","elapsedMs":1521,"message":"resolved","workerCount":5}
[INFO] [Render] Fast capture: default-on drawElement disabled for this render — parallel capture has no runtime self-verification. Set PRODUCER_EXPERIMENTAL_FAST_CAPTURE=true to override. {"renderJobId":"3f7a888b-77f5-484e-9096-49225827087b"}
[INFO] streaming-encode gate {"renderJobId":"3f7a888b-77f5-484e-9096-49225827087b","enabled":false,"reason":"multi_worker","configFlag":true,"durationCapEnabled":false,"outputFormat":"mp4","workerCount":5,"durationSeconds":11.5,"maxDurationSeconds":240}
[INFO] [Render:trace] {"renderJobId":"3f7a888b-77f5-484e-9096-49225827087b","phase":"capture_strategy","status":"checkpoint","elapsedMs":1521,"message":"resolved","workerCount":5,"forceScreenshot":false,"captureBeyondViewport":null,"useStreamingEncode":false,"useLayeredComposite":false,"usePageSideCompositing":false,"hasHdrContent":false,"hasShaderTransitions":false,"isPngSequence":false}
[INFO] [Render:trace] {"renderJobId":"3f7a888b-77f5-484e-9096-49225827087b","phase":"capture_disk","status":"start","elapsedMs":1521,"stagePhase":"capturing","needsAlpha":false,"workerCount":5,"forceScreenshot":false,"totalFrames":276,"framesCompleted":0,"captureMode":"screenshot","captureOperation":"captureScreenshot"}
[INFO] [Render:trace] {"renderJobId":"3f7a888b-77f5-484e-9096-49225827087b","phase":"capture_disk","status":"end","elapsedMs":6088,"durationMs":4567,"stagePhase":"capturing","needsAlpha":false,"workerCount":5,"forceScreenshot":false,"totalFrames":276,"framesCompleted":276,"captureMode":"screenshot","captureOperation":"encode"}
[INFO] [Render:trace] {"renderJobId":"3f7a888b-77f5-484e-9096-49225827087b","phase":"encode","status":"start","elapsedMs":6088,"stagePhase":"capturing","hasAudio":false,"isPngSequence":false,"isGif":false,"chunkedEncode":false,"workerCount":5,"forceScreenshot":false,"totalFrames":276,"framesCompleted":276,"captureMode":"screenshot","captureOperation":"encode"}
[INFO] [Render:trace] {"renderJobId":"3f7a888b-77f5-484e-9096-49225827087b","phase":"encode","status":"end","elapsedMs":6791,"durationMs":703,"stagePhase":"capturing","hasAudio":false,"isPngSequence":false,"isGif":false,"chunkedEncode":false,"workerCount":5,"forceScreenshot":false,"totalFrames":276,"framesCompleted":276,"captureMode":"screenshot","captureOperation":"encode"}
[INFO] [Render:trace] {"renderJobId":"3f7a888b-77f5-484e-9096-49225827087b","phase":"assemble","status":"start","elapsedMs":6792,"stagePhase":"capturing","hasAudio":false,"workerCount":5,"forceScreenshot":false,"totalFrames":276,"framesCompleted":276,"captureMode":"screenshot","captureOperation":"encode"}
[INFO] [Render:trace] {"renderJobId":"3f7a888b-77f5-484e-9096-49225827087b","phase":"assemble","status":"end","elapsedMs":6830,"durationMs":38,"stagePhase":"capturing","hasAudio":false,"workerCount":5,"forceScreenshot":false,"totalFrames":276,"framesCompleted":276,"captureMode":"screenshot","captureOperation":"encode"}
[INFO] [Render:trace] {"renderJobId":"3f7a888b-77f5-484e-9096-49225827087b","phase":"pipeline","status":"checkpoint","elapsedMs":6868,"message":"artifact validated","totalElapsedMs":6865}
