{
  "ok": false,
  "strict": false,
  "lint": {
    "ok": false,
    "errorCount": 1,
    "warningCount": 4,
    "infoCount": 0,
    "findings": [
      {
        "code": "gsap_non_transform_motion",
        "severity": "error",
        "message": "GSAP tween on \"__unresolved__\" uses motion that snaps to integer device pixels: letterSpacing. Layout and text-reflow properties snap during browser layout; roundProps rounds the tween value. Slow motion or an ease-out tail then stutters under the seek-by-frame capture engine — animate transforms (x/y/scale/opacity) instead.",
        "selector": "__unresolved__",
        "dataAttributes": {},
        "sourceFile": "/private/tmp/framelang/experiments/makemydemo-v0.1/runs/glm-5-3/without-framework/attempts/2/scene/index.html",
        "bbox": {
          "x": 0,
          "y": 0,
          "width": 0,
          "height": 0
        },
        "time": 0,
        "fixHint": "do not animate letterSpacing (they reflow text and snap glyph positions): for letterSpacing, split the text into per-character elements and animate each glyph's x (the spread) — uniform scale is NOT equivalent — or hold the final value statically. Transforms interpolate sub-pixel and stay smooth at any speed."
      },
      {
        "code": "timed_element_missing_clip_class",
        "severity": "warning",
        "message": "<section id=\"s1\"> has timing attributes but no class=\"clip\". The runtime still hides it outside its time range, but Studio and the GSAP clip-ownership rules use .clip to recognise a clip, so leaving it off makes the element harder to edit and to lint.",
        "selector": "#s1",
        "dataAttributes": {},
        "sourceFile": "/private/tmp/framelang/experiments/makemydemo-v0.1/runs/glm-5-3/without-framework/attempts/2/scene/index.html",
        "bbox": {
          "x": 0,
          "y": 0,
          "width": 0,
          "height": 0
        },
        "time": 0,
        "fixHint": "Add class=\"clip\" to the element so Studio and the linter can recognise it as a clip."
      },
      {
        "code": "timed_element_missing_clip_class",
        "severity": "warning",
        "message": "<section id=\"s2\"> has timing attributes but no class=\"clip\". The runtime still hides it outside its time range, but Studio and the GSAP clip-ownership rules use .clip to recognise a clip, so leaving it off makes the element harder to edit and to lint.",
        "selector": "#s2",
        "dataAttributes": {},
        "sourceFile": "/private/tmp/framelang/experiments/makemydemo-v0.1/runs/glm-5-3/without-framework/attempts/2/scene/index.html",
        "bbox": {
          "x": 0,
          "y": 0,
          "width": 0,
          "height": 0
        },
        "time": 0,
        "fixHint": "Add class=\"clip\" to the element so Studio and the linter can recognise it as a clip."
      },
      {
        "code": "nested_structure_needs_subcomposition",
        "severity": "warning",
        "message": "<section id=\"s1\"> is a timeline element that contains nested <div>. The timeline shows one row per top-level element, and the root composition is built only from sub-compositions.",
        "selector": "#s1",
        "dataAttributes": {},
        "sourceFile": "/private/tmp/framelang/experiments/makemydemo-v0.1/runs/glm-5-3/without-framework/attempts/2/scene/index.html",
        "bbox": {
          "x": 0,
          "y": 0,
          "width": 0,
          "height": 0
        },
        "time": 0,
        "fixHint": "Move <section id=\"s1\"> and its contents into a sub-composition file and mount it with data-composition-src."
      },
      {
        "code": "nested_structure_needs_subcomposition",
        "severity": "warning",
        "message": "<section id=\"s2\"> is a timeline element that contains nested <div>. The timeline shows one row per top-level element, and the root composition is built only from sub-compositions.",
        "selector": "#s2",
        "dataAttributes": {},
        "sourceFile": "/private/tmp/framelang/experiments/makemydemo-v0.1/runs/glm-5-3/without-framework/attempts/2/scene/index.html",
        "bbox": {
          "x": 0,
          "y": 0,
          "width": 0,
          "height": 0
        },
        "time": 0,
        "fixHint": "Move <section id=\"s2\"> and its contents into a sub-composition file and mount it with data-composition-src."
      }
    ],
    "filesScanned": 1
  },
  "runtime": {
    "ok": true,
    "errorCount": 0,
    "warningCount": 0,
    "infoCount": 0,
    "findings": []
  },
  "layout": {
    "ok": true,
    "errorCount": 0,
    "warningCount": 0,
    "infoCount": 0,
    "findings": [],
    "duration": 0,
    "samples": [],
    "transitionSamples": [],
    "transitionSamplesDropped": 0,
    "tolerance": 2,
    "totalIssueCount": 0,
    "truncated": false
  },
  "motion": {
    "ok": true,
    "errorCount": 0,
    "warningCount": 0,
    "infoCount": 0,
    "findings": [],
    "enabled": false,
    "samples": 0
  },
  "contrast": {
    "ok": true,
    "errorCount": 0,
    "warningCount": 0,
    "infoCount": 0,
    "findings": [],
    "enabled": true,
    "samples": [],
    "checked": 0,
    "passed": 0
  },
  "hdr": {
    "autoPromotion": null,
    "inspection": "available"
  },
  "snapshots": {
    "enabled": false,
    "files": [],
    "times": [],
    "findingFiles": []
  },
  "_meta": {
    "version": "0.8.82",
    "latestVersion": "0.8.82",
    "updateAvailable": false
  }
}
[StaticGuard] Invalid HyperFrame contract: GSAP tween on "__unresolved__" uses motion that snaps to integer device pixels: letterSpacing. Layout and text-reflow properties snap during browser layout; roundProps rounds the tween value. Slow motion or an ease-out tail then stutters under the seek-by-frame capture engine — animate transforms (x/y/scale/opacity) instead.
