
◆  Rendering landscape-1920x1080 → /private/tmp/framelang/experiments/token-efficient-v0.1/copy-runs/mimo-v2-6-flash/copy/compiled/landscape-1920x1080/video.mp4
   24fps · draft · auto workers (10 cores detected)
   GPU: browser GPU (auto-detect)

[?25l│
◒  Checking browser[1G[J◇  Browser: cache
[?25h
  Lint: 0 error(s), 3 warning(s) — run with --lint-verbose for full output.
  Continuing render despite lint issues. Use --strict to block errors.

  █░░░░░░░░░░░░░░░░░░░░░░░░  5%  Compiling composition
  ██░░░░░░░░░░░░░░░░░░░░░░░  10%  Extracting video frames
  █████░░░░░░░░░░░░░░░░░░░░  20%  Processing audio tracks
  ██████░░░░░░░░░░░░░░░░░░░  25%  Starting frame capture
  ██████░░░░░░░░░░░░░░░░░░░  25%  Checking browser GPU
  ██████░░░░░░░░░░░░░░░░░░░  25%  Measuring capture speed
[BrowserManager] Browser launched (HeadlessChrome/152.0.7977.30, screenshot, gl=--use-gl=angle --use-angle=metal, headlessShell=true, platform=darwin)
[initSession:screenshot] page.goto start (0ms)
[HyperFrames] render runtime fps {"canonicalFps":24,"source":"render-options","rawFpsSource":"render-options","rawFps":24}
[initSession:screenshot] page.goto complete (460ms)
[initSession:screenshot] GSAP proxy flush complete (489ms)
[initSession:screenshot] pollHfReady complete (493ms)
[initSession:screenshot] pollSubCompositionTimelines complete (ready) (495ms)
[initSession:screenshot] applyVideoMetadataHints complete (496ms)
[initSession:screenshot] media + fonts + tailwind ready (501ms)
[initSession:screenshot] timeline at-risk predictor: 0/276 frames (0%) (613ms)
[initSession:screenshot] static-frame dedup: disabled (eligible) (620ms)
[initSession:screenshot] drawElement self-verify armed: 4 ground-truth frame(s) @ [69, 138, 207, 262] of 276 (1106ms)
[initSession:drawelement] drawElement canvas injected (1117ms)
[initSession:drawelement] screenshot fallback: 13 clip-boundary frame(s) (1118ms)
[initSession:drawelement] drawElement worker encode initialized (1132ms)
  ██████░░░░░░░░░░░░░░░░░░░  25%  Starting browsers (0/5 ready)
[BrowserManager] Browser launched (HeadlessChrome/152.0.7977.30, screenshot, gl=--use-gl=angle --use-angle=metal, headlessShell=true, platform=darwin)
  ██████░░░░░░░░░░░░░░░░░░░  25%  Starting browsers (0/5 ready)
[initSession:screenshot] page.goto start (0ms)
[initSession:screenshot] page.goto start (0ms)
[initSession:screenshot] page.goto start (0ms)
[initSession:screenshot] page.goto start (0ms)
[initSession:screenshot] page.goto start (0ms)
[HyperFrames] render runtime fps {"canonicalFps":24,"source":"render-options","rawFpsSource":"render-options","rawFps":24}
[HyperFrames] render runtime fps {"canonicalFps":24,"source":"render-options","rawFpsSource":"render-options","rawFps":24}
[HyperFrames] render runtime fps {"canonicalFps":24,"source":"render-options","rawFpsSource":"render-options","rawFps":24}
[initSession:screenshot] page.goto complete (953ms)
[initSession:screenshot] page.goto complete (956ms)
[initSession:screenshot] page.goto complete (959ms)
[HyperFrames] render runtime fps {"canonicalFps":24,"source":"render-options","rawFpsSource":"render-options","rawFps":24}
[initSession:screenshot] page.goto complete (982ms)
[initSession:screenshot] GSAP proxy flush complete (996ms)
[initSession:screenshot] GSAP proxy flush complete (994ms)
[HyperFrames] render runtime fps {"canonicalFps":24,"source":"render-options","rawFpsSource":"render-options","rawFps":24}
[initSession:screenshot] GSAP proxy flush complete (997ms)
[initSession:screenshot] page.goto complete (995ms)
[initSession:screenshot] GSAP proxy flush complete (996ms)
[initSession:screenshot] pollHfReady complete (1002ms)
[initSession:screenshot] pollHfReady complete (1001ms)
[initSession:screenshot] pollHfReady complete (1002ms)
[initSession:screenshot] GSAP proxy flush complete (999ms)
[initSession:screenshot] pollHfReady complete (999ms)
[initSession:screenshot] pollSubCompositionTimelines complete (ready) (1008ms)
[initSession:screenshot] applyVideoMetadataHints complete (1008ms)
[initSession:screenshot] pollSubCompositionTimelines complete (ready) (1006ms)
[initSession:screenshot] applyVideoMetadataHints complete (1006ms)
[initSession:screenshot] pollSubCompositionTimelines complete (ready) (1009ms)
[initSession:screenshot] applyVideoMetadataHints complete (1009ms)
[initSession:screenshot] pollSubCompositionTimelines complete (ready) (1005ms)
[initSession:screenshot] applyVideoMetadataHints complete (1006ms)
[initSession:screenshot] media + fonts + tailwind ready (1015ms)
[initSession:screenshot] media + fonts + tailwind ready (1013ms)
[initSession:screenshot] media + fonts + tailwind ready (1015ms)
[initSession:screenshot] media + fonts + tailwind ready (1011ms)
[initSession:screenshot] static-frame dedup: disabled (eligible) (1030ms)
[initSession:screenshot] static-frame dedup: disabled (eligible) (1029ms)
[initSession:screenshot] static-frame dedup: disabled (eligible) (1030ms)
[initSession:screenshot] static-frame dedup: disabled (eligible) (1026ms)
  ██████░░░░░░░░░░░░░░░░░░░  25%  Starting browsers (1/5 ready)
[initSession:screenshot] pollHfReady complete (1110ms)
[initSession:screenshot] pollSubCompositionTimelines complete (ready) (1112ms)
[initSession:screenshot] applyVideoMetadataHints complete (1112ms)
[initSession:screenshot] media + fonts + tailwind ready (1114ms)
[initSession:screenshot] static-frame dedup: disabled (eligible) (1120ms)
  ██████░░░░░░░░░░░░░░░░░░░  25%  Capturing frame 1/276 (5 workers)
  ██████░░░░░░░░░░░░░░░░░░░  27%  Capturing frame 14/276 (5 workers)
  ███████░░░░░░░░░░░░░░░░░░  30%  Capturing frame 33/276 (5 workers)
  ████████░░░░░░░░░░░░░░░░░  33%  Capturing frame 48/276 (5 workers)
  ████████░░░░░░░░░░░░░░░░░  35%  Capturing frame 63/276 (5 workers)
  █████████░░░░░░░░░░░░░░░░  38%  Capturing frame 80/276 (5 workers)
  ██████████░░░░░░░░░░░░░░░  41%  Capturing frame 98/276 (5 workers)
  ███████████░░░░░░░░░░░░░░  44%  Capturing frame 116/276 (5 workers)
  ███████████░░░░░░░░░░░░░░  47%  Capturing frame 135/276 (5 workers)
  ████████████░░░░░░░░░░░░░  50%  Capturing frame 156/276 (5 workers)
  █████████████░░░░░░░░░░░░  54%  Capturing frame 177/276 (5 workers)
  ██████████████░░░░░░░░░░░  57%  Capturing frame 198/276 (5 workers)
  ███████████████░░░░░░░░░░  61%  Capturing frame 219/276 (5 workers)
  ████████████████░░░░░░░░░  64%  Capturing frame 240/276 (5 workers)
  ████████████████░░░░░░░░░  67%  Capturing frame 260/276 (5 workers)
  █████████████████░░░░░░░░  70%  Capturing frame 275/276 (5 workers)
  █████████████████░░░░░░░░  70%  Capturing frame 276/276 (5 workers)
  ██████████████████░░░░░░░  75%  Encoding video
  ██████████████████████░░░  90%  Assembling final video
  █████████████████████████  100%  Render complete

◇  /private/tmp/framelang/experiments/token-efficient-v0.1/copy-runs/mimo-v2-6-flash/copy/compiled/landscape-1920x1080/video.mp4
   1.7 MB · 11.5s video · rendered in 8.6s
   screenshot capture · hardware gpu · compile 0.2s · extract 0.0s · audio 0.0s · probe 0.0s · setup 2.1s · capture 5.5s · encode 0.7s · assemble 0.1s

◆  Rendering portrait-1080x1920 → /private/tmp/framelang/experiments/token-efficient-v0.1/copy-runs/mimo-v2-6-flash/copy/compiled/portrait-1080x1920/video.mp4
   24fps · draft · auto workers (10 cores detected)
   GPU: browser GPU (auto-detect)

[?25l│
◒  Checking browser[1G[J◇  Browser: cache
[?25h
  Lint: 0 error(s), 3 warning(s) — run with --lint-verbose for full output.
  Continuing render despite lint issues. Use --strict to block errors.

  █░░░░░░░░░░░░░░░░░░░░░░░░  5%  Compiling composition
  ██░░░░░░░░░░░░░░░░░░░░░░░  10%  Extracting video frames
  █████░░░░░░░░░░░░░░░░░░░░  20%  Processing audio tracks
  ██████░░░░░░░░░░░░░░░░░░░  25%  Starting frame capture
  ██████░░░░░░░░░░░░░░░░░░░  25%  Checking browser GPU
  ██████░░░░░░░░░░░░░░░░░░░  25%  Measuring capture speed
[BrowserManager] Browser launched (HeadlessChrome/152.0.7977.30, screenshot, gl=--use-gl=angle --use-angle=metal, headlessShell=true, platform=darwin)
[initSession:screenshot] page.goto start (0ms)
[HyperFrames] render runtime fps {"canonicalFps":24,"source":"render-options","rawFpsSource":"render-options","rawFps":24}
[initSession:screenshot] page.goto complete (262ms)
[initSession:screenshot] GSAP proxy flush complete (266ms)
[initSession:screenshot] pollHfReady complete (267ms)
[initSession:screenshot] pollSubCompositionTimelines complete (ready) (268ms)
[initSession:screenshot] applyVideoMetadataHints complete (268ms)
[initSession:screenshot] media + fonts + tailwind ready (270ms)
[initSession:screenshot] timeline at-risk predictor: 0/276 frames (0%) (342ms)
[initSession:screenshot] static-frame dedup: disabled (eligible) (347ms)
[initSession:screenshot] drawElement self-verify armed: 4 ground-truth frame(s) @ [69, 138, 207, 262] of 276 (753ms)
[initSession:drawelement] drawElement canvas injected (755ms)
[initSession:drawelement] screenshot fallback: 13 clip-boundary frame(s) (757ms)
[initSession:drawelement] drawElement worker encode initialized (760ms)
  ██████░░░░░░░░░░░░░░░░░░░  25%  Starting browsers (0/5 ready)
[BrowserManager] Browser launched (HeadlessChrome/152.0.7977.30, screenshot, gl=--use-gl=angle --use-angle=metal, headlessShell=true, platform=darwin)
[initSession:screenshot] page.goto start (0ms)
[initSession:screenshot] page.goto start (0ms)
[initSession:screenshot] page.goto start (0ms)
[initSession:screenshot] page.goto start (1ms)
[initSession:screenshot] page.goto start (0ms)
[HyperFrames] render runtime fps {"canonicalFps":24,"source":"render-options","rawFpsSource":"render-options","rawFps":24}
[initSession:screenshot] page.goto complete (402ms)
[HyperFrames] render runtime fps {"canonicalFps":24,"source":"render-options","rawFpsSource":"render-options","rawFps":24}
[initSession:screenshot] page.goto complete (405ms)
[HyperFrames] render runtime fps {"canonicalFps":24,"source":"render-options","rawFpsSource":"render-options","rawFps":24}
[initSession:screenshot] page.goto complete (410ms)
[initSession:screenshot] GSAP proxy flush complete (413ms)
[initSession:screenshot] GSAP proxy flush complete (412ms)
[initSession:screenshot] GSAP proxy flush complete (413ms)
[initSession:screenshot] pollHfReady complete (414ms)
[initSession:screenshot] pollHfReady complete (413ms)
[initSession:screenshot] pollSubCompositionTimelines complete (ready) (415ms)
[initSession:screenshot] applyVideoMetadataHints complete (415ms)
[initSession:screenshot] pollSubCompositionTimelines complete (ready) (414ms)
[initSession:screenshot] applyVideoMetadataHints complete (414ms)
[HyperFrames] render runtime fps {"canonicalFps":24,"source":"render-options","rawFpsSource":"render-options","rawFps":24}
[initSession:screenshot] media + fonts + tailwind ready (417ms)
[initSession:screenshot] media + fonts + tailwind ready (420ms)
[initSession:screenshot] static-frame dedup: disabled (eligible) (426ms)
[initSession:screenshot] static-frame dedup: disabled (eligible) (425ms)
  ██████░░░░░░░░░░░░░░░░░░░  25%  Starting browsers (1/5 ready)
[initSession:screenshot] page.goto complete (429ms)
[HyperFrames] render runtime fps {"canonicalFps":24,"source":"render-options","rawFpsSource":"render-options","rawFps":24}
[initSession:screenshot] GSAP proxy flush complete (435ms)
  ██████░░░░░░░░░░░░░░░░░░░  25%  Capturing frame 1/276 (5 workers)
[initSession:screenshot] page.goto complete (509ms)
[initSession:screenshot] GSAP proxy flush complete (524ms)
[initSession:screenshot] pollHfReady complete (526ms)
[initSession:screenshot] pollHfReady complete (526ms)
[initSession:screenshot] pollSubCompositionTimelines complete (ready) (528ms)
[initSession:screenshot] applyVideoMetadataHints complete (528ms)
[initSession:screenshot] pollSubCompositionTimelines complete (ready) (527ms)
[initSession:screenshot] applyVideoMetadataHints complete (527ms)
[initSession:screenshot] media + fonts + tailwind ready (529ms)
[initSession:screenshot] media + fonts + tailwind ready (528ms)
[initSession:screenshot] static-frame dedup: disabled (eligible) (533ms)
[initSession:screenshot] static-frame dedup: disabled (eligible) (534ms)
[initSession:screenshot] pollHfReady complete (535ms)
[initSession:screenshot] pollSubCompositionTimelines complete (ready) (536ms)
[initSession:screenshot] applyVideoMetadataHints complete (536ms)
[initSession:screenshot] media + fonts + tailwind ready (537ms)
[initSession:screenshot] static-frame dedup: disabled (eligible) (540ms)
  ███████░░░░░░░░░░░░░░░░░░  28%  Capturing frame 17/276 (5 workers)
  ███████░░░░░░░░░░░░░░░░░░  31%  Capturing frame 38/276 (5 workers)
  ████████░░░░░░░░░░░░░░░░░  35%  Capturing frame 59/276 (5 workers)
  █████████░░░░░░░░░░░░░░░░  38%  Capturing frame 79/276 (5 workers)
  ██████████░░░░░░░░░░░░░░░  41%  Capturing frame 100/276 (5 workers)
  ███████████░░░░░░░░░░░░░░  45%  Capturing frame 121/276 (5 workers)
  ████████████░░░░░░░░░░░░░  48%  Capturing frame 141/276 (5 workers)
  █████████████░░░░░░░░░░░░  52%  Capturing frame 163/276 (5 workers)
  █████████████░░░░░░░░░░░░  55%  Capturing frame 184/276 (5 workers)
  ██████████████░░░░░░░░░░░  58%  Capturing frame 204/276 (5 workers)
  ███████████████░░░░░░░░░░  62%  Capturing frame 226/276 (5 workers)
  ████████████████░░░░░░░░░  65%  Capturing frame 245/276 (5 workers)
  █████████████████░░░░░░░░  68%  Capturing frame 264/276 (5 workers)
  █████████████████░░░░░░░░  70%  Capturing frame 276/276 (5 workers)
  ██████████████████░░░░░░░  75%  Encoding video
  ██████████████████████░░░  90%  Assembling final video
  █████████████████████████  100%  Render complete

◇  /private/tmp/framelang/experiments/token-efficient-v0.1/copy-runs/mimo-v2-6-flash/copy/compiled/portrait-1080x1920/video.mp4
   1.8 MB · 11.5s video · rendered in 6.7s
   screenshot capture · hardware gpu · compile 0.2s · extract 0.0s · audio 0.0s · probe 0.0s · setup 1.4s · capture 4.3s · encode 0.7s · assemble 0.0s
[INFO] [Render] Pipeline started {"renderJobId":"bd98ceba-757b-4698-87a5-30aaa022a5e5","platform":"darwin","arch":"arm64","nodeVersion":"v23.11.0","fps":{"num":24,"den":1},"format":"mp4","quality":"draft","browserGpuMode":"auto","forceScreenshot":false,"protocolTimeout":300000,"browserTimeout":120000,"pageNavigationTimeout":60000,"playerReadyTimeout":45000}
[INFO] [Render:trace] {"renderJobId":"bd98ceba-757b-4698-87a5-30aaa022a5e5","phase":"pipeline","status":"checkpoint","elapsedMs":2,"message":"started","format":"mp4","quality":"draft","browserGpuMode":"auto","forceScreenshot":false,"protocolTimeoutMs":300000,"pageNavigationTimeoutMs":60000,"playerReadyTimeoutMs":45000,"requestedWorkers":"auto"}
[INFO] [Render:trace] {"renderJobId":"bd98ceba-757b-4698-87a5-30aaa022a5e5","phase":"compile","status":"start","elapsedMs":4,"needsAlpha":false}
[INFO] [Compiler] Embedded local font file: assets/Inter.ttf (856 KB → data URI)
[INFO] Compiled composition metadata {"renderJobId":"bd98ceba-757b-4698-87a5-30aaa022a5e5","entryFile":"index.html","staticDuration":11.5,"width":1920,"height":1080,"videoCount":0,"audioCount":0,"renderModeHints":{"recommendScreenshot":false,"reasons":[]}}
[INFO] [Render:trace] {"renderJobId":"bd98ceba-757b-4698-87a5-30aaa022a5e5","phase":"compile","status":"end","elapsedMs":118,"durationMs":114,"needsAlpha":false}
[INFO] [Render:trace] {"renderJobId":"bd98ceba-757b-4698-87a5-30aaa022a5e5","phase":"compile","status":"checkpoint","elapsedMs":119,"message":"composition metadata resolved","width":1920,"height":1080,"videoCount":0,"audioCount":0,"imageCount":2,"deviceScaleFactor":1,"forceScreenshot":false,"compositionHash":"c412e6ffc2ac9d88"}
[INFO] [Render:trace] {"renderJobId":"bd98ceba-757b-4698-87a5-30aaa022a5e5","phase":"browser_probe","status":"start","elapsedMs":119,"forceScreenshot":false,"stagePhase":"calibrating"}
[INFO] [Render:trace] {"renderJobId":"bd98ceba-757b-4698-87a5-30aaa022a5e5","phase":"browser_probe","status":"end","elapsedMs":163,"durationMs":44,"forceScreenshot":false,"stagePhase":"calibrating"}
[INFO] [Render:trace] {"renderJobId":"bd98ceba-757b-4698-87a5-30aaa022a5e5","phase":"browser_probe","status":"checkpoint","elapsedMs":164,"message":"duration resolved","durationSeconds":11.5,"totalFrames":276,"compositionHash":"c412e6ffc2ac9d88","beginFrameStalled":false}
[INFO] [Render:trace] {"renderJobId":"bd98ceba-757b-4698-87a5-30aaa022a5e5","phase":"video_extract","status":"start","elapsedMs":164,"videoCount":0}
[INFO] [Render:trace] {"renderJobId":"bd98ceba-757b-4698-87a5-30aaa022a5e5","phase":"video_extract","status":"end","elapsedMs":166,"durationMs":1,"videoCount":0}
[INFO] [Render:trace] {"renderJobId":"bd98ceba-757b-4698-87a5-30aaa022a5e5","phase":"video_extract","status":"checkpoint","elapsedMs":168,"message":"frames resolved","videoCount":0,"extractedVideoCount":0,"totalFramesExtracted":0,"maxFramesPerVideo":0,"avgFramesPerExtractedVideo":null,"vfrPreflightCount":null,"vfrPreflightMs":null,"cacheHits":null,"cacheMisses":null,"transientRetries":null,"minVideoFrameCoverageRatio":null,"authoredTimedClipCount":4}
[INFO] [Render] No HDR sources detected — rendering SDR {"renderJobId":"bd98ceba-757b-4698-87a5-30aaa022a5e5"}
[INFO] [Render:trace] {"renderJobId":"bd98ceba-757b-4698-87a5-30aaa022a5e5","phase":"hdr_detection","status":"checkpoint","elapsedMs":168,"message":"resolved","requestedHdrMode":"auto","effectiveHdr":"sdr","nativeHdrVideoCount":0,"nativeHdrImageCount":0}
[INFO] [Render:trace] {"renderJobId":"bd98ceba-757b-4698-87a5-30aaa022a5e5","phase":"audio_process","status":"start","elapsedMs":168,"audioCount":0}
[INFO] [Render:trace] {"renderJobId":"bd98ceba-757b-4698-87a5-30aaa022a5e5","phase":"audio_process","status":"end","elapsedMs":169,"durationMs":1,"audioCount":0}
[INFO] [Render:trace] {"renderJobId":"bd98ceba-757b-4698-87a5-30aaa022a5e5","phase":"file_server","status":"start","elapsedMs":169,"reused":false}
[INFO] [Render:trace] {"renderJobId":"bd98ceba-757b-4698-87a5-30aaa022a5e5","phase":"file_server","status":"end","elapsedMs":175,"durationMs":6}
[hyperframes] browserGpuMode probe → hardware (WebGL renderer vendor="Google Inc. (Apple)" renderer="ANGLE (Apple, ANGLE Metal Renderer: Apple M1 Pro, Unspecified Version)")
[INFO] [Render:trace] {"renderJobId":"bd98ceba-757b-4698-87a5-30aaa022a5e5","phase":"capture_calibration","status":"start","elapsedMs":634,"stagePhase":"calibrating","forceScreenshot":false,"totalFrames":276,"framesCompleted":0,"captureMode":"drawelement","captureOperation":"drawElement"}
[INFO] [Render] Calibration config {"renderJobId":"bd98ceba-757b-4698-87a5-30aaa022a5e5","protocolTimeout":30000,"parentProtocolTimeout":300000,"forceScreenshot":false,"totalFrames":276}
[INFO] Launching browser for capture calibration... {"renderJobId":"bd98ceba-757b-4698-87a5-30aaa022a5e5"}
[INFO] Initializing calibration session... {"renderJobId":"bd98ceba-757b-4698-87a5-30aaa022a5e5"}
[INFO] Calibration session ready, capturing test frames... {"renderJobId":"bd98ceba-757b-4698-87a5-30aaa022a5e5"}
[INFO] Calibration: capturing test frame 1/5... {"renderJobId":"bd98ceba-757b-4698-87a5-30aaa022a5e5"}
[INFO] Calibration: capturing test frame 2/5... {"renderJobId":"bd98ceba-757b-4698-87a5-30aaa022a5e5"}
[INFO] Calibration: capturing test frame 3/5... {"renderJobId":"bd98ceba-757b-4698-87a5-30aaa022a5e5"}
[INFO] Calibration: capturing test frame 4/5... {"renderJobId":"bd98ceba-757b-4698-87a5-30aaa022a5e5"}
[INFO] Calibration: capturing test frame 5/5... {"renderJobId":"bd98ceba-757b-4698-87a5-30aaa022a5e5"}
[INFO] Calibration complete, estimated cost: 60ms/frame (p95) {"renderJobId":"bd98ceba-757b-4698-87a5-30aaa022a5e5"}
[INFO] [Render:trace] {"renderJobId":"bd98ceba-757b-4698-87a5-30aaa022a5e5","phase":"capture_calibration","status":"end","elapsedMs":2274,"durationMs":1640,"stagePhase":"calibrating","forceScreenshot":false,"totalFrames":276,"framesCompleted":0,"captureMode":"drawelement","captureOperation":"drawElement"}
[INFO] [Render:trace] {"renderJobId":"bd98ceba-757b-4698-87a5-30aaa022a5e5","phase":"capture_calibration","status":"checkpoint","elapsedMs":2275,"message":"resolved","forceScreenshot":false,"multiplier":1,"p95Ms":60}
[WARN] [Render] 5 capture workers may exceed this process's V8 heap (limit 4144MB supports ~4). If the render dies with "JavaScript heap out of memory", raise the heap (NODE_OPTIONS=--max-old-space-size=8192) or pass --workers 4. {"renderJobId":"bd98ceba-757b-4698-87a5-30aaa022a5e5","heapLimitMb":4144,"heapBasedWorkers":4}
[INFO] [Render:trace] {"renderJobId":"bd98ceba-757b-4698-87a5-30aaa022a5e5","phase":"worker_resolution","status":"checkpoint","elapsedMs":2276,"message":"resolved","workerCount":5}
[INFO] [Render] Fast capture: default-on drawElement disabled for this render — parallel capture has no runtime self-verification. Set PRODUCER_EXPERIMENTAL_FAST_CAPTURE=true to override. {"renderJobId":"bd98ceba-757b-4698-87a5-30aaa022a5e5"}
[INFO] streaming-encode gate {"renderJobId":"bd98ceba-757b-4698-87a5-30aaa022a5e5","enabled":false,"reason":"multi_worker","configFlag":true,"durationCapEnabled":false,"outputFormat":"mp4","workerCount":5,"durationSeconds":11.5,"maxDurationSeconds":240}
[INFO] [Render:trace] {"renderJobId":"bd98ceba-757b-4698-87a5-30aaa022a5e5","phase":"capture_strategy","status":"checkpoint","elapsedMs":2276,"message":"resolved","workerCount":5,"forceScreenshot":false,"captureBeyondViewport":null,"useStreamingEncode":false,"useLayeredComposite":false,"usePageSideCompositing":false,"hasHdrContent":false,"hasShaderTransitions":false,"isPngSequence":false}
[INFO] [Render:trace] {"renderJobId":"bd98ceba-757b-4698-87a5-30aaa022a5e5","phase":"capture_disk","status":"start","elapsedMs":2277,"stagePhase":"capturing","needsAlpha":false,"workerCount":5,"forceScreenshot":false,"totalFrames":276,"framesCompleted":0,"captureMode":"screenshot","captureOperation":"captureScreenshot"}
[INFO] [Render:trace] {"renderJobId":"bd98ceba-757b-4698-87a5-30aaa022a5e5","phase":"capture_disk","status":"end","elapsedMs":7739,"durationMs":5462,"stagePhase":"capturing","needsAlpha":false,"workerCount":5,"forceScreenshot":false,"totalFrames":276,"framesCompleted":276,"captureMode":"screenshot","captureOperation":"encode"}
[INFO] [Render:trace] {"renderJobId":"bd98ceba-757b-4698-87a5-30aaa022a5e5","phase":"encode","status":"start","elapsedMs":7739,"stagePhase":"capturing","hasAudio":false,"isPngSequence":false,"isGif":false,"chunkedEncode":false,"workerCount":5,"forceScreenshot":false,"totalFrames":276,"framesCompleted":276,"captureMode":"screenshot","captureOperation":"encode"}
[INFO] [Render:trace] {"renderJobId":"bd98ceba-757b-4698-87a5-30aaa022a5e5","phase":"encode","status":"end","elapsedMs":8460,"durationMs":721,"stagePhase":"capturing","hasAudio":false,"isPngSequence":false,"isGif":false,"chunkedEncode":false,"workerCount":5,"forceScreenshot":false,"totalFrames":276,"framesCompleted":276,"captureMode":"screenshot","captureOperation":"encode"}
[INFO] [Render:trace] {"renderJobId":"bd98ceba-757b-4698-87a5-30aaa022a5e5","phase":"assemble","status":"start","elapsedMs":8460,"stagePhase":"capturing","hasAudio":false,"workerCount":5,"forceScreenshot":false,"totalFrames":276,"framesCompleted":276,"captureMode":"screenshot","captureOperation":"encode"}
[INFO] [Render:trace] {"renderJobId":"bd98ceba-757b-4698-87a5-30aaa022a5e5","phase":"assemble","status":"end","elapsedMs":8533,"durationMs":73,"stagePhase":"capturing","hasAudio":false,"workerCount":5,"forceScreenshot":false,"totalFrames":276,"framesCompleted":276,"captureMode":"screenshot","captureOperation":"encode"}
[INFO] [Render:trace] {"renderJobId":"bd98ceba-757b-4698-87a5-30aaa022a5e5","phase":"pipeline","status":"checkpoint","elapsedMs":8570,"message":"artifact validated","totalElapsedMs":8568}
[INFO] [Render] Pipeline started {"renderJobId":"c20cb6a1-6c69-409e-8827-99831e535d15","platform":"darwin","arch":"arm64","nodeVersion":"v23.11.0","fps":{"num":24,"den":1},"format":"mp4","quality":"draft","browserGpuMode":"auto","forceScreenshot":false,"protocolTimeout":300000,"browserTimeout":120000,"pageNavigationTimeout":60000,"playerReadyTimeout":45000}
[INFO] [Render:trace] {"renderJobId":"c20cb6a1-6c69-409e-8827-99831e535d15","phase":"pipeline","status":"checkpoint","elapsedMs":2,"message":"started","format":"mp4","quality":"draft","browserGpuMode":"auto","forceScreenshot":false,"protocolTimeoutMs":300000,"pageNavigationTimeoutMs":60000,"playerReadyTimeoutMs":45000,"requestedWorkers":"auto"}
[INFO] [Render:trace] {"renderJobId":"c20cb6a1-6c69-409e-8827-99831e535d15","phase":"compile","status":"start","elapsedMs":4,"needsAlpha":false}
[INFO] [Compiler] Embedded local font file: assets/Inter.ttf (856 KB → data URI)
[INFO] Compiled composition metadata {"renderJobId":"c20cb6a1-6c69-409e-8827-99831e535d15","entryFile":"index.html","staticDuration":11.5,"width":1080,"height":1920,"videoCount":0,"audioCount":0,"renderModeHints":{"recommendScreenshot":false,"reasons":[]}}
[INFO] [Render:trace] {"renderJobId":"c20cb6a1-6c69-409e-8827-99831e535d15","phase":"compile","status":"end","elapsedMs":125,"durationMs":121,"needsAlpha":false}
[INFO] [Render:trace] {"renderJobId":"c20cb6a1-6c69-409e-8827-99831e535d15","phase":"compile","status":"checkpoint","elapsedMs":126,"message":"composition metadata resolved","width":1080,"height":1920,"videoCount":0,"audioCount":0,"imageCount":2,"deviceScaleFactor":1,"forceScreenshot":false,"compositionHash":"cbe53d46a67fbf07"}
[INFO] [Render:trace] {"renderJobId":"c20cb6a1-6c69-409e-8827-99831e535d15","phase":"browser_probe","status":"start","elapsedMs":126,"forceScreenshot":false,"stagePhase":"calibrating"}
[INFO] [Render:trace] {"renderJobId":"c20cb6a1-6c69-409e-8827-99831e535d15","phase":"browser_probe","status":"end","elapsedMs":173,"durationMs":46,"forceScreenshot":false,"stagePhase":"calibrating"}
[INFO] [Render:trace] {"renderJobId":"c20cb6a1-6c69-409e-8827-99831e535d15","phase":"browser_probe","status":"checkpoint","elapsedMs":174,"message":"duration resolved","durationSeconds":11.5,"totalFrames":276,"compositionHash":"cbe53d46a67fbf07","beginFrameStalled":false}
[INFO] [Render:trace] {"renderJobId":"c20cb6a1-6c69-409e-8827-99831e535d15","phase":"video_extract","status":"start","elapsedMs":174,"videoCount":0}
[INFO] [Render:trace] {"renderJobId":"c20cb6a1-6c69-409e-8827-99831e535d15","phase":"video_extract","status":"end","elapsedMs":176,"durationMs":2,"videoCount":0}
[INFO] [Render:trace] {"renderJobId":"c20cb6a1-6c69-409e-8827-99831e535d15","phase":"video_extract","status":"checkpoint","elapsedMs":178,"message":"frames resolved","videoCount":0,"extractedVideoCount":0,"totalFramesExtracted":0,"maxFramesPerVideo":0,"avgFramesPerExtractedVideo":null,"vfrPreflightCount":null,"vfrPreflightMs":null,"cacheHits":null,"cacheMisses":null,"transientRetries":null,"minVideoFrameCoverageRatio":null,"authoredTimedClipCount":4}
[INFO] [Render] No HDR sources detected — rendering SDR {"renderJobId":"c20cb6a1-6c69-409e-8827-99831e535d15"}
[INFO] [Render:trace] {"renderJobId":"c20cb6a1-6c69-409e-8827-99831e535d15","phase":"hdr_detection","status":"checkpoint","elapsedMs":179,"message":"resolved","requestedHdrMode":"auto","effectiveHdr":"sdr","nativeHdrVideoCount":0,"nativeHdrImageCount":0}
[INFO] [Render:trace] {"renderJobId":"c20cb6a1-6c69-409e-8827-99831e535d15","phase":"audio_process","status":"start","elapsedMs":179,"audioCount":0}
[INFO] [Render:trace] {"renderJobId":"c20cb6a1-6c69-409e-8827-99831e535d15","phase":"audio_process","status":"end","elapsedMs":179,"durationMs":0,"audioCount":0}
[INFO] [Render:trace] {"renderJobId":"c20cb6a1-6c69-409e-8827-99831e535d15","phase":"file_server","status":"start","elapsedMs":179,"reused":false}
[INFO] [Render:trace] {"renderJobId":"c20cb6a1-6c69-409e-8827-99831e535d15","phase":"file_server","status":"end","elapsedMs":185,"durationMs":6}
[hyperframes] browserGpuMode probe → hardware (WebGL renderer vendor="Google Inc. (Apple)" renderer="ANGLE (Apple, ANGLE Metal Renderer: Apple M1 Pro, Unspecified Version)")
[INFO] [Render:trace] {"renderJobId":"c20cb6a1-6c69-409e-8827-99831e535d15","phase":"capture_calibration","status":"start","elapsedMs":430,"stagePhase":"calibrating","forceScreenshot":false,"totalFrames":276,"framesCompleted":0,"captureMode":"drawelement","captureOperation":"drawElement"}
[INFO] [Render] Calibration config {"renderJobId":"c20cb6a1-6c69-409e-8827-99831e535d15","protocolTimeout":30000,"parentProtocolTimeout":300000,"forceScreenshot":false,"totalFrames":276}
[INFO] Launching browser for capture calibration... {"renderJobId":"c20cb6a1-6c69-409e-8827-99831e535d15"}
[INFO] Initializing calibration session... {"renderJobId":"c20cb6a1-6c69-409e-8827-99831e535d15"}
[INFO] Calibration session ready, capturing test frames... {"renderJobId":"c20cb6a1-6c69-409e-8827-99831e535d15"}
[INFO] Calibration: capturing test frame 1/5... {"renderJobId":"c20cb6a1-6c69-409e-8827-99831e535d15"}
[INFO] Calibration: capturing test frame 2/5... {"renderJobId":"c20cb6a1-6c69-409e-8827-99831e535d15"}
[INFO] Calibration: capturing test frame 3/5... {"renderJobId":"c20cb6a1-6c69-409e-8827-99831e535d15"}
[INFO] Calibration: capturing test frame 4/5... {"renderJobId":"c20cb6a1-6c69-409e-8827-99831e535d15"}
[INFO] Calibration: capturing test frame 5/5... {"renderJobId":"c20cb6a1-6c69-409e-8827-99831e535d15"}
[INFO] Calibration complete, estimated cost: 38ms/frame (p95) {"renderJobId":"c20cb6a1-6c69-409e-8827-99831e535d15"}
[INFO] [Render:trace] {"renderJobId":"c20cb6a1-6c69-409e-8827-99831e535d15","phase":"capture_calibration","status":"end","elapsedMs":1573,"durationMs":1143,"stagePhase":"calibrating","forceScreenshot":false,"totalFrames":276,"framesCompleted":0,"captureMode":"drawelement","captureOperation":"drawElement"}
[INFO] [Render:trace] {"renderJobId":"c20cb6a1-6c69-409e-8827-99831e535d15","phase":"capture_calibration","status":"checkpoint","elapsedMs":1573,"message":"resolved","forceScreenshot":false,"multiplier":1,"p95Ms":38}
[WARN] [Render] 5 capture workers may exceed this process's V8 heap (limit 4144MB supports ~4). If the render dies with "JavaScript heap out of memory", raise the heap (NODE_OPTIONS=--max-old-space-size=8192) or pass --workers 4. {"renderJobId":"c20cb6a1-6c69-409e-8827-99831e535d15","heapLimitMb":4144,"heapBasedWorkers":4}
[INFO] [Render:trace] {"renderJobId":"c20cb6a1-6c69-409e-8827-99831e535d15","phase":"worker_resolution","status":"checkpoint","elapsedMs":1573,"message":"resolved","workerCount":5}
[INFO] [Render] Fast capture: default-on drawElement disabled for this render — parallel capture has no runtime self-verification. Set PRODUCER_EXPERIMENTAL_FAST_CAPTURE=true to override. {"renderJobId":"c20cb6a1-6c69-409e-8827-99831e535d15"}
[INFO] streaming-encode gate {"renderJobId":"c20cb6a1-6c69-409e-8827-99831e535d15","enabled":false,"reason":"multi_worker","configFlag":true,"durationCapEnabled":false,"outputFormat":"mp4","workerCount":5,"durationSeconds":11.5,"maxDurationSeconds":240}
[INFO] [Render:trace] {"renderJobId":"c20cb6a1-6c69-409e-8827-99831e535d15","phase":"capture_strategy","status":"checkpoint","elapsedMs":1574,"message":"resolved","workerCount":5,"forceScreenshot":false,"captureBeyondViewport":null,"useStreamingEncode":false,"useLayeredComposite":false,"usePageSideCompositing":false,"hasHdrContent":false,"hasShaderTransitions":false,"isPngSequence":false}
[INFO] [Render:trace] {"renderJobId":"c20cb6a1-6c69-409e-8827-99831e535d15","phase":"capture_disk","status":"start","elapsedMs":1574,"stagePhase":"capturing","needsAlpha":false,"workerCount":5,"forceScreenshot":false,"totalFrames":276,"framesCompleted":0,"captureMode":"screenshot","captureOperation":"captureScreenshot"}
[INFO] [Render:trace] {"renderJobId":"c20cb6a1-6c69-409e-8827-99831e535d15","phase":"capture_disk","status":"end","elapsedMs":5889,"durationMs":4315,"stagePhase":"capturing","needsAlpha":false,"workerCount":5,"forceScreenshot":false,"totalFrames":276,"framesCompleted":276,"captureMode":"screenshot","captureOperation":"encode"}
[INFO] [Render:trace] {"renderJobId":"c20cb6a1-6c69-409e-8827-99831e535d15","phase":"encode","status":"start","elapsedMs":5889,"stagePhase":"capturing","hasAudio":false,"isPngSequence":false,"isGif":false,"chunkedEncode":false,"workerCount":5,"forceScreenshot":false,"totalFrames":276,"framesCompleted":276,"captureMode":"screenshot","captureOperation":"encode"}
[INFO] [Render:trace] {"renderJobId":"c20cb6a1-6c69-409e-8827-99831e535d15","phase":"encode","status":"end","elapsedMs":6583,"durationMs":694,"stagePhase":"capturing","hasAudio":false,"isPngSequence":false,"isGif":false,"chunkedEncode":false,"workerCount":5,"forceScreenshot":false,"totalFrames":276,"framesCompleted":276,"captureMode":"screenshot","captureOperation":"encode"}
[INFO] [Render:trace] {"renderJobId":"c20cb6a1-6c69-409e-8827-99831e535d15","phase":"assemble","status":"start","elapsedMs":6583,"stagePhase":"capturing","hasAudio":false,"workerCount":5,"forceScreenshot":false,"totalFrames":276,"framesCompleted":276,"captureMode":"screenshot","captureOperation":"encode"}
[INFO] [Render:trace] {"renderJobId":"c20cb6a1-6c69-409e-8827-99831e535d15","phase":"assemble","status":"end","elapsedMs":6620,"durationMs":37,"stagePhase":"capturing","hasAudio":false,"workerCount":5,"forceScreenshot":false,"totalFrames":276,"framesCompleted":276,"captureMode":"screenshot","captureOperation":"encode"}
[INFO] [Render:trace] {"renderJobId":"c20cb6a1-6c69-409e-8827-99831e535d15","phase":"pipeline","status":"checkpoint","elapsedMs":6657,"message":"artifact validated","totalElapsedMs":6654}
