{
  "language": "framelang/v1",
  "sourceLanguage": "framelang/creative-v0.1",
  "pilot": true,
  "inputHash": "sha256:0b39376cf2f699685937435e78f243ca9d2e49e3c777480727ece4641112708d",
  "expandedHash": "sha256:8e4bd1ec8a339f4d156c00d180424dde71a89f3d4195b7cf41715b86db5b066d",
  "recipe": null,
  "verification": {
    "mode": "allFrames",
    "fps": 24,
    "totalFrames": 192
  },
  "bundleRefs": {
    "brandRef": "sha256:7efb39093ea57442ff871c8da719e0ce1ae68575e8c7e514df5c8d903dff1ad5",
    "assetsRef": "sha256:44136fa355b3678a1146ad16f7e8649e94fb4fc21fe77e8310c060f61caaff8a"
  },
  "sourceMap": {
    "#fl-s1-s1-label": {
      "sceneId": "s1",
      "nodeId": "s1-label",
      "location": "$.scenes[0].nodes[0]",
      "layoutLocations": {
        "landscape-1920x1080": "$.scenes[0].nodes[0]",
        "portrait-1080x1920": "$.scenes[0].nodes[0].portrait"
      }
    },
    "#fl-s1-s1-headline": {
      "sceneId": "s1",
      "nodeId": "s1-headline",
      "location": "$.scenes[0].nodes[1]",
      "layoutLocations": {
        "landscape-1920x1080": "$.scenes[0].nodes[1]",
        "portrait-1080x1920": "$.scenes[0].nodes[1].portrait"
      }
    },
    "#fl-s1-s1-flow": {
      "sceneId": "s1",
      "nodeId": "s1-flow",
      "location": "$.scenes[0].nodes[2]",
      "layoutLocations": {
        "landscape-1920x1080": "$.scenes[0].nodes[2]",
        "portrait-1080x1920": "$.scenes[0].nodes[2].portrait"
      }
    },
    "#fl-s2-s2-label": {
      "sceneId": "s2",
      "nodeId": "s2-label",
      "location": "$.scenes[1].nodes[0]",
      "layoutLocations": {
        "landscape-1920x1080": "$.scenes[1].nodes[0]",
        "portrait-1080x1920": "$.scenes[1].nodes[0].portrait"
      }
    },
    "#fl-s2-s2-headline": {
      "sceneId": "s2",
      "nodeId": "s2-headline",
      "location": "$.scenes[1].nodes[1]",
      "layoutLocations": {
        "landscape-1920x1080": "$.scenes[1].nodes[1]",
        "portrait-1080x1920": "$.scenes[1].nodes[1].portrait"
      }
    },
    "#fl-s2-s2-body": {
      "sceneId": "s2",
      "nodeId": "s2-body",
      "location": "$.scenes[1].nodes[2]",
      "layoutLocations": {
        "landscape-1920x1080": "$.scenes[1].nodes[2]",
        "portrait-1080x1920": "$.scenes[1].nodes[2].portrait"
      }
    },
    "#fl-s2-s2-badge": {
      "sceneId": "s2",
      "nodeId": "s2-badge",
      "location": "$.scenes[1].nodes[3]",
      "layoutLocations": {
        "landscape-1920x1080": "$.scenes[1].nodes[3]",
        "portrait-1080x1920": "$.scenes[1].nodes[3].portrait"
      }
    },
    "#fl-s2-s2-badge-text": {
      "sceneId": "s2",
      "nodeId": "s2-badge-text",
      "location": "$.scenes[1].nodes[4]",
      "layoutLocations": {
        "landscape-1920x1080": "$.scenes[1].nodes[4]",
        "portrait-1080x1920": "$.scenes[1].nodes[4].portrait"
      }
    }
  },
  "outputs": {
    "landscape-1920x1080": {
      "directory": "landscape-1920x1080",
      "htmlHash": "sha256:5ea70cc6cdeb6f509a8e43f838013bd67cfb6074c1411196c76fffe6fe077219",
      "assetHashes": {
        "gsap.min.js": "sha256:92bb9a96476f983d212a2bc4f54c889039c1696dd4461d40a736860938570fbb",
        "Inter.ttf": "sha256:29160a80ff49ddcab2c97711247e08b1fab27a484a329ce8b813d820dc559031"
      }
    },
    "portrait-1080x1920": {
      "directory": "portrait-1080x1920",
      "htmlHash": "sha256:76b6536c4f4f4acc54e301959975a7c93f97977c0581d76163d42f4f2b91e747",
      "assetHashes": {
        "gsap.min.js": "sha256:92bb9a96476f983d212a2bc4f54c889039c1696dd4461d40a736860938570fbb",
        "Inter.ttf": "sha256:29160a80ff49ddcab2c97711247e08b1fab27a484a329ce8b813d820dc559031"
      }
    }
  },
  "checked": false,
  "degraded": false
}
