{
  "language": "framelang/v1",
  "pilot": true,
  "inputHash": "sha256:ce5bb66c99ce4f6d399efcac5623c40d5b4a436ca9087bf81bc3e2ec95b1c2dd",
  "expandedHash": "sha256:b045a428a05daf3a5eac3d33b8d16cfc12b4959a7a5eb758162698c70d41ba62",
  "recipe": {
    "id": "makemydemo-workflow/v1",
    "inputHash": "sha256:ce5bb66c99ce4f6d399efcac5623c40d5b4a436ca9087bf81bc3e2ec95b1c2dd",
    "templateHash": "sha256:a571559e3c5307f196c11511d32648ed444a757f60b06e5903cee96504ddb1f6"
  },
  "bundleRefs": {
    "brandRef": "sha256:7efb39093ea57442ff871c8da719e0ce1ae68575e8c7e514df5c8d903dff1ad5",
    "assetsRef": "sha256:2eb65bb06440854bb635870c32d669e9350ec610936cd99e7d6453ea415258c5"
  },
  "outputs": {
    "landscape-1920x1080": {
      "directory": "landscape-1920x1080",
      "htmlHash": "sha256:81c941cc7786c46f64d1788147571a88c813263030c1a925de5f4a9606ed526a",
      "assetHashes": {
        "gsap.min.js": "sha256:92bb9a96476f983d212a2bc4f54c889039c1696dd4461d40a736860938570fbb",
        "Inter.ttf": "sha256:29160a80ff49ddcab2c97711247e08b1fab27a484a329ce8b813d820dc559031",
        "source-mark.svg": "sha256:a190290727cc64174dcd01bca8816e23cf2f902c7ee3d2b0e3c79f53f448d812",
        "delivery-mark.svg": "sha256:a190290727cc64174dcd01bca8816e23cf2f902c7ee3d2b0e3c79f53f448d812"
      }
    },
    "portrait-1080x1920": {
      "directory": "portrait-1080x1920",
      "htmlHash": "sha256:a387fa076cbe674466ab663b8fa118444ec7a35c4fafe5c78a3027dd0c499f81",
      "assetHashes": {
        "gsap.min.js": "sha256:92bb9a96476f983d212a2bc4f54c889039c1696dd4461d40a736860938570fbb",
        "Inter.ttf": "sha256:29160a80ff49ddcab2c97711247e08b1fab27a484a329ce8b813d820dc559031",
        "source-mark.svg": "sha256:a190290727cc64174dcd01bca8816e23cf2f902c7ee3d2b0e3c79f53f448d812",
        "delivery-mark.svg": "sha256:a190290727cc64174dcd01bca8816e23cf2f902c7ee3d2b0e3c79f53f448d812"
      }
    }
  },
  "checked": false,
  "degraded": false
}
