
◆  Rendering landscape-1920x1080 → /private/tmp/framelang/experiments/token-efficient-v0.1/final-runs/mimo-v2-6-flash/copy-final/compiled/landscape-1920x1080/video.mp4
   24fps · draft · auto workers (10 cores detected)
   GPU: browser GPU (auto-detect)

[?25l│
◒  Checking browser[1G[J◇  Browser: cache
[?25h
  Lint: 0 error(s), 3 warning(s) — run with --lint-verbose for full output.
  Continuing render despite lint issues. Use --strict to block errors.

  █░░░░░░░░░░░░░░░░░░░░░░░░  5%  Compiling composition
  ██░░░░░░░░░░░░░░░░░░░░░░░  10%  Extracting video frames
  █████░░░░░░░░░░░░░░░░░░░░  20%  Processing audio tracks
  ██████░░░░░░░░░░░░░░░░░░░  25%  Starting frame capture
  ██████░░░░░░░░░░░░░░░░░░░  25%  Checking browser GPU
  ██████░░░░░░░░░░░░░░░░░░░  25%  Measuring capture speed
[BrowserManager] Browser launched (HeadlessChrome/152.0.7977.30, screenshot, gl=--use-gl=angle --use-angle=metal, headlessShell=true, platform=darwin)
[initSession:screenshot] page.goto start (0ms)
[HyperFrames] render runtime fps {"canonicalFps":24,"source":"render-options","rawFpsSource":"render-options","rawFps":24}
[initSession:screenshot] page.goto complete (392ms)
[initSession:screenshot] GSAP proxy flush complete (418ms)
[initSession:screenshot] pollHfReady complete (419ms)
[initSession:screenshot] pollSubCompositionTimelines complete (ready) (421ms)
[initSession:screenshot] applyVideoMetadataHints complete (421ms)
[initSession:screenshot] media + fonts + tailwind ready (424ms)
[initSession:screenshot] timeline at-risk predictor: 0/276 frames (0%) (502ms)
[initSession:screenshot] static-frame dedup: disabled (eligible) (509ms)
[initSession:screenshot] drawElement self-verify armed: 4 ground-truth frame(s) @ [69, 138, 207, 262] of 276 (947ms)
[initSession:drawelement] drawElement canvas injected (949ms)
[initSession:drawelement] screenshot fallback: 13 clip-boundary frame(s) (953ms)
[initSession:drawelement] drawElement worker encode initialized (956ms)
  ██████░░░░░░░░░░░░░░░░░░░  25%  Starting browsers (0/5 ready)
[BrowserManager] Browser launched (HeadlessChrome/152.0.7977.30, screenshot, gl=--use-gl=angle --use-angle=metal, headlessShell=true, platform=darwin)
[initSession:screenshot] page.goto start (0ms)
[initSession:screenshot] page.goto start (0ms)
[initSession:screenshot] page.goto start (0ms)
[initSession:screenshot] page.goto start (0ms)
[initSession:screenshot] page.goto start (0ms)
[HyperFrames] render runtime fps {"canonicalFps":24,"source":"render-options","rawFpsSource":"render-options","rawFps":24}
[initSession:screenshot] page.goto complete (466ms)
[HyperFrames] render runtime fps {"canonicalFps":24,"source":"render-options","rawFpsSource":"render-options","rawFps":24}
[initSession:screenshot] page.goto complete (478ms)
[HyperFrames] render runtime fps {"canonicalFps":24,"source":"render-options","rawFpsSource":"render-options","rawFps":24}
[initSession:screenshot] page.goto complete (481ms)
[HyperFrames] render runtime fps {"canonicalFps":24,"source":"render-options","rawFpsSource":"render-options","rawFps":24}
[initSession:screenshot] GSAP proxy flush complete (488ms)
[initSession:screenshot] GSAP proxy flush complete (488ms)
[initSession:screenshot] page.goto complete (488ms)
[initSession:screenshot] GSAP proxy flush complete (488ms)
[initSession:screenshot] pollHfReady complete (490ms)
[initSession:screenshot] pollHfReady complete (490ms)
[initSession:screenshot] GSAP proxy flush complete (490ms)
[initSession:screenshot] pollHfReady complete (490ms)
[initSession:screenshot] pollSubCompositionTimelines complete (ready) (492ms)
[initSession:screenshot] applyVideoMetadataHints complete (492ms)
[initSession:screenshot] pollSubCompositionTimelines complete (ready) (491ms)
[initSession:screenshot] applyVideoMetadataHints complete (491ms)
[initSession:screenshot] pollSubCompositionTimelines complete (ready) (491ms)
[initSession:screenshot] applyVideoMetadataHints complete (491ms)
[initSession:screenshot] media + fonts + tailwind ready (493ms)
[initSession:screenshot] media + fonts + tailwind ready (492ms)
[initSession:screenshot] media + fonts + tailwind ready (492ms)
[HyperFrames] render runtime fps {"canonicalFps":24,"source":"render-options","rawFpsSource":"render-options","rawFps":24}
[initSession:screenshot] static-frame dedup: disabled (eligible) (499ms)
[initSession:screenshot] static-frame dedup: disabled (eligible) (499ms)
[initSession:screenshot] static-frame dedup: disabled (eligible) (499ms)
  ██████░░░░░░░░░░░░░░░░░░░  25%  Starting browsers (1/5 ready)
  ██████░░░░░░░░░░░░░░░░░░░  25%  Capturing frame 1/276 (5 workers)
[initSession:screenshot] page.goto complete (565ms)
[initSession:screenshot] GSAP proxy flush complete (596ms)
[initSession:screenshot] pollHfReady complete (609ms)
[initSession:screenshot] pollHfReady complete (608ms)
[initSession:screenshot] pollSubCompositionTimelines complete (ready) (611ms)
[initSession:screenshot] applyVideoMetadataHints complete (611ms)
[initSession:screenshot] pollSubCompositionTimelines complete (ready) (610ms)
[initSession:screenshot] applyVideoMetadataHints complete (610ms)
[initSession:screenshot] media + fonts + tailwind ready (613ms)
[initSession:screenshot] media + fonts + tailwind ready (612ms)
[initSession:screenshot] static-frame dedup: disabled (eligible) (628ms)
[initSession:screenshot] static-frame dedup: disabled (eligible) (628ms)
  ██████░░░░░░░░░░░░░░░░░░░  27%  Capturing frame 15/276 (5 workers)
  ███████░░░░░░░░░░░░░░░░░░  31%  Capturing frame 35/276 (5 workers)
  ████████░░░░░░░░░░░░░░░░░  34%  Capturing frame 57/276 (5 workers)
  █████████░░░░░░░░░░░░░░░░  38%  Capturing frame 79/276 (5 workers)
  ██████████░░░░░░░░░░░░░░░  41%  Capturing frame 99/276 (5 workers)
  ███████████░░░░░░░░░░░░░░  45%  Capturing frame 120/276 (5 workers)
  ████████████░░░░░░░░░░░░░  48%  Capturing frame 142/276 (5 workers)
  █████████████░░░░░░░░░░░░  52%  Capturing frame 163/276 (5 workers)
  █████████████░░░░░░░░░░░░  55%  Capturing frame 183/276 (5 workers)
  ██████████████░░░░░░░░░░░  58%  Capturing frame 202/276 (5 workers)
  ███████████████░░░░░░░░░░  61%  Capturing frame 221/276 (5 workers)
  ████████████████░░░░░░░░░  65%  Capturing frame 243/276 (5 workers)
  █████████████████░░░░░░░░  68%  Capturing frame 265/276 (5 workers)
  █████████████████░░░░░░░░  70%  Capturing frame 276/276 (5 workers)
  ██████████████████░░░░░░░  75%  Encoding video
  ██████████████████████░░░  90%  Assembling final video
  █████████████████████████  100%  Render complete

◇  /private/tmp/framelang/experiments/token-efficient-v0.1/final-runs/mimo-v2-6-flash/copy-final/compiled/landscape-1920x1080/video.mp4
   1.7 MB · 11.5s video · rendered in 7.2s
   screenshot capture · hardware gpu · compile 0.2s · extract 0.0s · audio 0.0s · probe 0.0s · setup 1.8s · capture 4.4s · encode 0.7s · assemble 0.0s
  [hyperframes] Agent feedback: hyperframes feedback --rating <0-10> --comment "..."

◆  Rendering portrait-1080x1920 → /private/tmp/framelang/experiments/token-efficient-v0.1/final-runs/mimo-v2-6-flash/copy-final/compiled/portrait-1080x1920/video.mp4
   24fps · draft · auto workers (10 cores detected)
   GPU: browser GPU (auto-detect)

[?25l│
◒  Checking browser[1G[J◇  Browser: cache
[?25h
  Lint: 0 error(s), 3 warning(s) — run with --lint-verbose for full output.
  Continuing render despite lint issues. Use --strict to block errors.

  █░░░░░░░░░░░░░░░░░░░░░░░░  5%  Compiling composition
  ██░░░░░░░░░░░░░░░░░░░░░░░  10%  Extracting video frames
  █████░░░░░░░░░░░░░░░░░░░░  20%  Processing audio tracks
  ██████░░░░░░░░░░░░░░░░░░░  25%  Starting frame capture
  ██████░░░░░░░░░░░░░░░░░░░  25%  Checking browser GPU
  ██████░░░░░░░░░░░░░░░░░░░  25%  Measuring capture speed
[BrowserManager] Browser launched (HeadlessChrome/152.0.7977.30, screenshot, gl=--use-gl=angle --use-angle=metal, headlessShell=true, platform=darwin)
[initSession:screenshot] page.goto start (0ms)
[HyperFrames] render runtime fps {"canonicalFps":24,"source":"render-options","rawFpsSource":"render-options","rawFps":24}
[initSession:screenshot] page.goto complete (239ms)
[initSession:screenshot] GSAP proxy flush complete (258ms)
[initSession:screenshot] pollHfReady complete (259ms)
[initSession:screenshot] pollSubCompositionTimelines complete (ready) (260ms)
[initSession:screenshot] applyVideoMetadataHints complete (261ms)
[initSession:screenshot] media + fonts + tailwind ready (262ms)
[initSession:screenshot] timeline at-risk predictor: 0/276 frames (0%) (330ms)
[initSession:screenshot] static-frame dedup: disabled (eligible) (335ms)
[initSession:screenshot] drawElement self-verify armed: 4 ground-truth frame(s) @ [69, 138, 207, 262] of 276 (716ms)
[initSession:drawelement] drawElement canvas injected (717ms)
[initSession:drawelement] screenshot fallback: 13 clip-boundary frame(s) (718ms)
[initSession:drawelement] drawElement worker encode initialized (722ms)
  ██████░░░░░░░░░░░░░░░░░░░  25%  Starting browsers (0/5 ready)
[BrowserManager] Browser launched (HeadlessChrome/152.0.7977.30, screenshot, gl=--use-gl=angle --use-angle=metal, headlessShell=true, platform=darwin)
[initSession:screenshot] page.goto start (0ms)
[initSession:screenshot] page.goto start (0ms)
[initSession:screenshot] page.goto start (0ms)
[initSession:screenshot] page.goto start (0ms)
[initSession:screenshot] page.goto start (0ms)
[HyperFrames] render runtime fps {"canonicalFps":24,"source":"render-options","rawFpsSource":"render-options","rawFps":24}
[initSession:screenshot] page.goto complete (392ms)
[HyperFrames] render runtime fps {"canonicalFps":24,"source":"render-options","rawFpsSource":"render-options","rawFps":24}
[initSession:screenshot] page.goto complete (392ms)
[HyperFrames] render runtime fps {"canonicalFps":24,"source":"render-options","rawFpsSource":"render-options","rawFps":24}
[initSession:screenshot] page.goto complete (398ms)
[initSession:screenshot] GSAP proxy flush complete (401ms)
[initSession:screenshot] GSAP proxy flush complete (400ms)
[initSession:screenshot] GSAP proxy flush complete (401ms)
[initSession:screenshot] pollHfReady complete (402ms)
[initSession:screenshot] pollHfReady complete (401ms)
[initSession:screenshot] pollHfReady complete (401ms)
[initSession:screenshot] pollSubCompositionTimelines complete (ready) (403ms)
[initSession:screenshot] applyVideoMetadataHints complete (403ms)
[initSession:screenshot] pollSubCompositionTimelines complete (ready) (402ms)
[initSession:screenshot] applyVideoMetadataHints complete (402ms)
[initSession:screenshot] pollSubCompositionTimelines complete (ready) (403ms)
[initSession:screenshot] applyVideoMetadataHints complete (403ms)
[initSession:screenshot] media + fonts + tailwind ready (405ms)
[initSession:screenshot] media + fonts + tailwind ready (404ms)
[initSession:screenshot] media + fonts + tailwind ready (404ms)
[initSession:screenshot] static-frame dedup: disabled (eligible) (409ms)
[HyperFrames] render runtime fps {"canonicalFps":24,"source":"render-options","rawFpsSource":"render-options","rawFps":24}
[initSession:screenshot] static-frame dedup: disabled (eligible) (409ms)
[initSession:screenshot] static-frame dedup: disabled (eligible) (409ms)
  ██████░░░░░░░░░░░░░░░░░░░  25%  Starting browsers (1/5 ready)
[HyperFrames] render runtime fps {"canonicalFps":24,"source":"render-options","rawFpsSource":"render-options","rawFps":24}
[initSession:screenshot] page.goto complete (425ms)
[initSession:screenshot] GSAP proxy flush complete (429ms)
[initSession:screenshot] page.goto complete (486ms)
  ██████░░░░░░░░░░░░░░░░░░░  25%  Capturing frame 1/276 (5 workers)
[initSession:screenshot] GSAP proxy flush complete (554ms)
[initSession:screenshot] pollHfReady complete (560ms)
[initSession:screenshot] pollHfReady complete (558ms)
[initSession:screenshot] pollSubCompositionTimelines complete (ready) (562ms)
[initSession:screenshot] applyVideoMetadataHints complete (562ms)
[initSession:screenshot] pollSubCompositionTimelines complete (ready) (561ms)
[initSession:screenshot] applyVideoMetadataHints complete (561ms)
[initSession:screenshot] media + fonts + tailwind ready (566ms)
[initSession:screenshot] media + fonts + tailwind ready (563ms)
[initSession:screenshot] static-frame dedup: disabled (eligible) (570ms)
[initSession:screenshot] static-frame dedup: disabled (eligible) (567ms)
  ███████░░░░░░░░░░░░░░░░░░  28%  Capturing frame 17/276 (5 workers)
  ███████░░░░░░░░░░░░░░░░░░  31%  Capturing frame 38/276 (5 workers)
  ████████░░░░░░░░░░░░░░░░░  35%  Capturing frame 59/276 (5 workers)
  █████████░░░░░░░░░░░░░░░░  38%  Capturing frame 80/276 (5 workers)
  ██████████░░░░░░░░░░░░░░░  41%  Capturing frame 100/276 (5 workers)
  ███████████░░░░░░░░░░░░░░  45%  Capturing frame 121/276 (5 workers)
  ████████████░░░░░░░░░░░░░  48%  Capturing frame 143/276 (5 workers)
  █████████████░░░░░░░░░░░░  52%  Capturing frame 165/276 (5 workers)
  █████████████░░░░░░░░░░░░  55%  Capturing frame 187/276 (5 workers)
  ██████████████░░░░░░░░░░░  58%  Capturing frame 204/276 (5 workers)
  ███████████████░░░░░░░░░░  62%  Capturing frame 224/276 (5 workers)
  ████████████████░░░░░░░░░  65%  Capturing frame 246/276 (5 workers)
  █████████████████░░░░░░░░  68%  Capturing frame 265/276 (5 workers)
  █████████████████░░░░░░░░  70%  Capturing frame 276/276 (5 workers)
  ██████████████████░░░░░░░  75%  Encoding video
  ██████████████████████░░░  90%  Assembling final video
  █████████████████████████  100%  Render complete

◇  /private/tmp/framelang/experiments/token-efficient-v0.1/final-runs/mimo-v2-6-flash/copy-final/compiled/portrait-1080x1920/video.mp4
   1.8 MB · 11.5s video · rendered in 6.7s
   screenshot capture · hardware gpu · compile 0.2s · extract 0.0s · audio 0.0s · probe 0.0s · setup 1.3s · capture 4.4s · encode 0.7s · assemble 0.0s
[INFO] [Render] Pipeline started {"renderJobId":"ed250065-8dde-4ae8-86c3-22e169e2be5b","platform":"darwin","arch":"arm64","nodeVersion":"v23.11.0","fps":{"num":24,"den":1},"format":"mp4","quality":"draft","browserGpuMode":"auto","forceScreenshot":false,"protocolTimeout":300000,"browserTimeout":120000,"pageNavigationTimeout":60000,"playerReadyTimeout":45000}
[INFO] [Render:trace] {"renderJobId":"ed250065-8dde-4ae8-86c3-22e169e2be5b","phase":"pipeline","status":"checkpoint","elapsedMs":3,"message":"started","format":"mp4","quality":"draft","browserGpuMode":"auto","forceScreenshot":false,"protocolTimeoutMs":300000,"pageNavigationTimeoutMs":60000,"playerReadyTimeoutMs":45000,"requestedWorkers":"auto"}
[INFO] [Render:trace] {"renderJobId":"ed250065-8dde-4ae8-86c3-22e169e2be5b","phase":"compile","status":"start","elapsedMs":4,"needsAlpha":false}
[INFO] [Compiler] Embedded local font file: assets/Inter.ttf (856 KB → data URI)
[INFO] Compiled composition metadata {"renderJobId":"ed250065-8dde-4ae8-86c3-22e169e2be5b","entryFile":"index.html","staticDuration":11.5,"width":1920,"height":1080,"videoCount":0,"audioCount":0,"renderModeHints":{"recommendScreenshot":false,"reasons":[]}}
[INFO] [Render:trace] {"renderJobId":"ed250065-8dde-4ae8-86c3-22e169e2be5b","phase":"compile","status":"end","elapsedMs":115,"durationMs":111,"needsAlpha":false}
[INFO] [Render:trace] {"renderJobId":"ed250065-8dde-4ae8-86c3-22e169e2be5b","phase":"compile","status":"checkpoint","elapsedMs":116,"message":"composition metadata resolved","width":1920,"height":1080,"videoCount":0,"audioCount":0,"imageCount":2,"deviceScaleFactor":1,"forceScreenshot":false,"compositionHash":"7feb39324dff6e18"}
[INFO] [Render:trace] {"renderJobId":"ed250065-8dde-4ae8-86c3-22e169e2be5b","phase":"browser_probe","status":"start","elapsedMs":117,"forceScreenshot":false,"stagePhase":"calibrating"}
[INFO] [Render:trace] {"renderJobId":"ed250065-8dde-4ae8-86c3-22e169e2be5b","phase":"browser_probe","status":"end","elapsedMs":162,"durationMs":45,"forceScreenshot":false,"stagePhase":"calibrating"}
[INFO] [Render:trace] {"renderJobId":"ed250065-8dde-4ae8-86c3-22e169e2be5b","phase":"browser_probe","status":"checkpoint","elapsedMs":163,"message":"duration resolved","durationSeconds":11.5,"totalFrames":276,"compositionHash":"7feb39324dff6e18","beginFrameStalled":false}
[INFO] [Render:trace] {"renderJobId":"ed250065-8dde-4ae8-86c3-22e169e2be5b","phase":"video_extract","status":"start","elapsedMs":164,"videoCount":0}
[INFO] [Render:trace] {"renderJobId":"ed250065-8dde-4ae8-86c3-22e169e2be5b","phase":"video_extract","status":"end","elapsedMs":165,"durationMs":1,"videoCount":0}
[INFO] [Render:trace] {"renderJobId":"ed250065-8dde-4ae8-86c3-22e169e2be5b","phase":"video_extract","status":"checkpoint","elapsedMs":167,"message":"frames resolved","videoCount":0,"extractedVideoCount":0,"totalFramesExtracted":0,"maxFramesPerVideo":0,"avgFramesPerExtractedVideo":null,"vfrPreflightCount":null,"vfrPreflightMs":null,"cacheHits":null,"cacheMisses":null,"transientRetries":null,"minVideoFrameCoverageRatio":null,"authoredTimedClipCount":4}
[INFO] [Render] No HDR sources detected — rendering SDR {"renderJobId":"ed250065-8dde-4ae8-86c3-22e169e2be5b"}
[INFO] [Render:trace] {"renderJobId":"ed250065-8dde-4ae8-86c3-22e169e2be5b","phase":"hdr_detection","status":"checkpoint","elapsedMs":168,"message":"resolved","requestedHdrMode":"auto","effectiveHdr":"sdr","nativeHdrVideoCount":0,"nativeHdrImageCount":0}
[INFO] [Render:trace] {"renderJobId":"ed250065-8dde-4ae8-86c3-22e169e2be5b","phase":"audio_process","status":"start","elapsedMs":168,"audioCount":0}
[INFO] [Render:trace] {"renderJobId":"ed250065-8dde-4ae8-86c3-22e169e2be5b","phase":"audio_process","status":"end","elapsedMs":168,"durationMs":0,"audioCount":0}
[INFO] [Render:trace] {"renderJobId":"ed250065-8dde-4ae8-86c3-22e169e2be5b","phase":"file_server","status":"start","elapsedMs":168,"reused":false}
[INFO] [Render:trace] {"renderJobId":"ed250065-8dde-4ae8-86c3-22e169e2be5b","phase":"file_server","status":"end","elapsedMs":176,"durationMs":8}
[hyperframes] browserGpuMode probe → hardware (WebGL renderer vendor="Google Inc. (Apple)" renderer="ANGLE (Apple, ANGLE Metal Renderer: Apple M1 Pro, Unspecified Version)")
[INFO] [Render:trace] {"renderJobId":"ed250065-8dde-4ae8-86c3-22e169e2be5b","phase":"capture_calibration","status":"start","elapsedMs":685,"stagePhase":"calibrating","forceScreenshot":false,"totalFrames":276,"framesCompleted":0,"captureMode":"drawelement","captureOperation":"drawElement"}
[INFO] [Render] Calibration config {"renderJobId":"ed250065-8dde-4ae8-86c3-22e169e2be5b","protocolTimeout":30000,"parentProtocolTimeout":300000,"forceScreenshot":false,"totalFrames":276}
[INFO] Launching browser for capture calibration... {"renderJobId":"ed250065-8dde-4ae8-86c3-22e169e2be5b"}
[INFO] Initializing calibration session... {"renderJobId":"ed250065-8dde-4ae8-86c3-22e169e2be5b"}
[INFO] Calibration session ready, capturing test frames... {"renderJobId":"ed250065-8dde-4ae8-86c3-22e169e2be5b"}
[INFO] Calibration: capturing test frame 1/5... {"renderJobId":"ed250065-8dde-4ae8-86c3-22e169e2be5b"}
[INFO] Calibration: capturing test frame 2/5... {"renderJobId":"ed250065-8dde-4ae8-86c3-22e169e2be5b"}
[INFO] Calibration: capturing test frame 3/5... {"renderJobId":"ed250065-8dde-4ae8-86c3-22e169e2be5b"}
[INFO] Calibration: capturing test frame 4/5... {"renderJobId":"ed250065-8dde-4ae8-86c3-22e169e2be5b"}
[INFO] Calibration: capturing test frame 5/5... {"renderJobId":"ed250065-8dde-4ae8-86c3-22e169e2be5b"}
[INFO] Calibration complete, estimated cost: 37ms/frame (p95) {"renderJobId":"ed250065-8dde-4ae8-86c3-22e169e2be5b"}
[INFO] [Render:trace] {"renderJobId":"ed250065-8dde-4ae8-86c3-22e169e2be5b","phase":"capture_calibration","status":"end","elapsedMs":2015,"durationMs":1330,"stagePhase":"calibrating","forceScreenshot":false,"totalFrames":276,"framesCompleted":0,"captureMode":"drawelement","captureOperation":"drawElement"}
[INFO] [Render:trace] {"renderJobId":"ed250065-8dde-4ae8-86c3-22e169e2be5b","phase":"capture_calibration","status":"checkpoint","elapsedMs":2015,"message":"resolved","forceScreenshot":false,"multiplier":1,"p95Ms":37}
[WARN] [Render] 5 capture workers may exceed this process's V8 heap (limit 4144MB supports ~4). If the render dies with "JavaScript heap out of memory", raise the heap (NODE_OPTIONS=--max-old-space-size=8192) or pass --workers 4. {"renderJobId":"ed250065-8dde-4ae8-86c3-22e169e2be5b","heapLimitMb":4144,"heapBasedWorkers":4}
[INFO] [Render:trace] {"renderJobId":"ed250065-8dde-4ae8-86c3-22e169e2be5b","phase":"worker_resolution","status":"checkpoint","elapsedMs":2016,"message":"resolved","workerCount":5}
[INFO] [Render] Fast capture: default-on drawElement disabled for this render — parallel capture has no runtime self-verification. Set PRODUCER_EXPERIMENTAL_FAST_CAPTURE=true to override. {"renderJobId":"ed250065-8dde-4ae8-86c3-22e169e2be5b"}
[INFO] streaming-encode gate {"renderJobId":"ed250065-8dde-4ae8-86c3-22e169e2be5b","enabled":false,"reason":"multi_worker","configFlag":true,"durationCapEnabled":false,"outputFormat":"mp4","workerCount":5,"durationSeconds":11.5,"maxDurationSeconds":240}
[INFO] [Render:trace] {"renderJobId":"ed250065-8dde-4ae8-86c3-22e169e2be5b","phase":"capture_strategy","status":"checkpoint","elapsedMs":2016,"message":"resolved","workerCount":5,"forceScreenshot":false,"captureBeyondViewport":null,"useStreamingEncode":false,"useLayeredComposite":false,"usePageSideCompositing":false,"hasHdrContent":false,"hasShaderTransitions":false,"isPngSequence":false}
[INFO] [Render:trace] {"renderJobId":"ed250065-8dde-4ae8-86c3-22e169e2be5b","phase":"capture_disk","status":"start","elapsedMs":2016,"stagePhase":"capturing","needsAlpha":false,"workerCount":5,"forceScreenshot":false,"totalFrames":276,"framesCompleted":0,"captureMode":"screenshot","captureOperation":"captureScreenshot"}
[INFO] [Render:trace] {"renderJobId":"ed250065-8dde-4ae8-86c3-22e169e2be5b","phase":"capture_disk","status":"end","elapsedMs":6438,"durationMs":4422,"stagePhase":"capturing","needsAlpha":false,"workerCount":5,"forceScreenshot":false,"totalFrames":276,"framesCompleted":276,"captureMode":"screenshot","captureOperation":"encode"}
[INFO] [Render:trace] {"renderJobId":"ed250065-8dde-4ae8-86c3-22e169e2be5b","phase":"encode","status":"start","elapsedMs":6439,"stagePhase":"capturing","hasAudio":false,"isPngSequence":false,"isGif":false,"chunkedEncode":false,"workerCount":5,"forceScreenshot":false,"totalFrames":276,"framesCompleted":276,"captureMode":"screenshot","captureOperation":"encode"}
[INFO] [Render:trace] {"renderJobId":"ed250065-8dde-4ae8-86c3-22e169e2be5b","phase":"encode","status":"end","elapsedMs":7132,"durationMs":693,"stagePhase":"capturing","hasAudio":false,"isPngSequence":false,"isGif":false,"chunkedEncode":false,"workerCount":5,"forceScreenshot":false,"totalFrames":276,"framesCompleted":276,"captureMode":"screenshot","captureOperation":"encode"}
[INFO] [Render:trace] {"renderJobId":"ed250065-8dde-4ae8-86c3-22e169e2be5b","phase":"assemble","status":"start","elapsedMs":7133,"stagePhase":"capturing","hasAudio":false,"workerCount":5,"forceScreenshot":false,"totalFrames":276,"framesCompleted":276,"captureMode":"screenshot","captureOperation":"encode"}
[INFO] [Render:trace] {"renderJobId":"ed250065-8dde-4ae8-86c3-22e169e2be5b","phase":"assemble","status":"end","elapsedMs":7172,"durationMs":39,"stagePhase":"capturing","hasAudio":false,"workerCount":5,"forceScreenshot":false,"totalFrames":276,"framesCompleted":276,"captureMode":"screenshot","captureOperation":"encode"}
[INFO] [Render:trace] {"renderJobId":"ed250065-8dde-4ae8-86c3-22e169e2be5b","phase":"pipeline","status":"checkpoint","elapsedMs":7209,"message":"artifact validated","totalElapsedMs":7207}
[INFO] [Render] Pipeline started {"renderJobId":"20973672-0c39-4434-ac94-d48718aceae5","platform":"darwin","arch":"arm64","nodeVersion":"v23.11.0","fps":{"num":24,"den":1},"format":"mp4","quality":"draft","browserGpuMode":"auto","forceScreenshot":false,"protocolTimeout":300000,"browserTimeout":120000,"pageNavigationTimeout":60000,"playerReadyTimeout":45000}
[INFO] [Render:trace] {"renderJobId":"20973672-0c39-4434-ac94-d48718aceae5","phase":"pipeline","status":"checkpoint","elapsedMs":2,"message":"started","format":"mp4","quality":"draft","browserGpuMode":"auto","forceScreenshot":false,"protocolTimeoutMs":300000,"pageNavigationTimeoutMs":60000,"playerReadyTimeoutMs":45000,"requestedWorkers":"auto"}
[INFO] [Render:trace] {"renderJobId":"20973672-0c39-4434-ac94-d48718aceae5","phase":"compile","status":"start","elapsedMs":4,"needsAlpha":false}
[INFO] [Compiler] Embedded local font file: assets/Inter.ttf (856 KB → data URI)
[INFO] Compiled composition metadata {"renderJobId":"20973672-0c39-4434-ac94-d48718aceae5","entryFile":"index.html","staticDuration":11.5,"width":1080,"height":1920,"videoCount":0,"audioCount":0,"renderModeHints":{"recommendScreenshot":false,"reasons":[]}}
[INFO] [Render:trace] {"renderJobId":"20973672-0c39-4434-ac94-d48718aceae5","phase":"compile","status":"end","elapsedMs":116,"durationMs":112,"needsAlpha":false}
[INFO] [Render:trace] {"renderJobId":"20973672-0c39-4434-ac94-d48718aceae5","phase":"compile","status":"checkpoint","elapsedMs":117,"message":"composition metadata resolved","width":1080,"height":1920,"videoCount":0,"audioCount":0,"imageCount":2,"deviceScaleFactor":1,"forceScreenshot":false,"compositionHash":"868cb67f22e43c3c"}
[INFO] [Render:trace] {"renderJobId":"20973672-0c39-4434-ac94-d48718aceae5","phase":"browser_probe","status":"start","elapsedMs":117,"forceScreenshot":false,"stagePhase":"calibrating"}
[INFO] [Render:trace] {"renderJobId":"20973672-0c39-4434-ac94-d48718aceae5","phase":"browser_probe","status":"end","elapsedMs":162,"durationMs":45,"forceScreenshot":false,"stagePhase":"calibrating"}
[INFO] [Render:trace] {"renderJobId":"20973672-0c39-4434-ac94-d48718aceae5","phase":"browser_probe","status":"checkpoint","elapsedMs":163,"message":"duration resolved","durationSeconds":11.5,"totalFrames":276,"compositionHash":"868cb67f22e43c3c","beginFrameStalled":false}
[INFO] [Render:trace] {"renderJobId":"20973672-0c39-4434-ac94-d48718aceae5","phase":"video_extract","status":"start","elapsedMs":164,"videoCount":0}
[INFO] [Render:trace] {"renderJobId":"20973672-0c39-4434-ac94-d48718aceae5","phase":"video_extract","status":"end","elapsedMs":165,"durationMs":1,"videoCount":0}
[INFO] [Render:trace] {"renderJobId":"20973672-0c39-4434-ac94-d48718aceae5","phase":"video_extract","status":"checkpoint","elapsedMs":167,"message":"frames resolved","videoCount":0,"extractedVideoCount":0,"totalFramesExtracted":0,"maxFramesPerVideo":0,"avgFramesPerExtractedVideo":null,"vfrPreflightCount":null,"vfrPreflightMs":null,"cacheHits":null,"cacheMisses":null,"transientRetries":null,"minVideoFrameCoverageRatio":null,"authoredTimedClipCount":4}
[INFO] [Render] No HDR sources detected — rendering SDR {"renderJobId":"20973672-0c39-4434-ac94-d48718aceae5"}
[INFO] [Render:trace] {"renderJobId":"20973672-0c39-4434-ac94-d48718aceae5","phase":"hdr_detection","status":"checkpoint","elapsedMs":168,"message":"resolved","requestedHdrMode":"auto","effectiveHdr":"sdr","nativeHdrVideoCount":0,"nativeHdrImageCount":0}
[INFO] [Render:trace] {"renderJobId":"20973672-0c39-4434-ac94-d48718aceae5","phase":"audio_process","status":"start","elapsedMs":168,"audioCount":0}
[INFO] [Render:trace] {"renderJobId":"20973672-0c39-4434-ac94-d48718aceae5","phase":"audio_process","status":"end","elapsedMs":168,"durationMs":0,"audioCount":0}
[INFO] [Render:trace] {"renderJobId":"20973672-0c39-4434-ac94-d48718aceae5","phase":"file_server","status":"start","elapsedMs":168,"reused":false}
[INFO] [Render:trace] {"renderJobId":"20973672-0c39-4434-ac94-d48718aceae5","phase":"file_server","status":"end","elapsedMs":174,"durationMs":6}
[hyperframes] browserGpuMode probe → hardware (WebGL renderer vendor="Google Inc. (Apple)" renderer="ANGLE (Apple, ANGLE Metal Renderer: Apple M1 Pro, Unspecified Version)")
[INFO] [Render:trace] {"renderJobId":"20973672-0c39-4434-ac94-d48718aceae5","phase":"capture_calibration","status":"start","elapsedMs":394,"stagePhase":"calibrating","forceScreenshot":false,"totalFrames":276,"framesCompleted":0,"captureMode":"drawelement","captureOperation":"drawElement"}
[INFO] [Render] Calibration config {"renderJobId":"20973672-0c39-4434-ac94-d48718aceae5","protocolTimeout":30000,"parentProtocolTimeout":300000,"forceScreenshot":false,"totalFrames":276}
[INFO] Launching browser for capture calibration... {"renderJobId":"20973672-0c39-4434-ac94-d48718aceae5"}
[INFO] Initializing calibration session... {"renderJobId":"20973672-0c39-4434-ac94-d48718aceae5"}
[INFO] Calibration session ready, capturing test frames... {"renderJobId":"20973672-0c39-4434-ac94-d48718aceae5"}
[INFO] Calibration: capturing test frame 1/5... {"renderJobId":"20973672-0c39-4434-ac94-d48718aceae5"}
[INFO] Calibration: capturing test frame 2/5... {"renderJobId":"20973672-0c39-4434-ac94-d48718aceae5"}
[INFO] Calibration: capturing test frame 3/5... {"renderJobId":"20973672-0c39-4434-ac94-d48718aceae5"}
[INFO] Calibration: capturing test frame 4/5... {"renderJobId":"20973672-0c39-4434-ac94-d48718aceae5"}
[INFO] Calibration: capturing test frame 5/5... {"renderJobId":"20973672-0c39-4434-ac94-d48718aceae5"}
[INFO] Calibration complete, estimated cost: 36ms/frame (p95) {"renderJobId":"20973672-0c39-4434-ac94-d48718aceae5"}
[INFO] [Render:trace] {"renderJobId":"20973672-0c39-4434-ac94-d48718aceae5","phase":"capture_calibration","status":"end","elapsedMs":1491,"durationMs":1097,"stagePhase":"calibrating","forceScreenshot":false,"totalFrames":276,"framesCompleted":0,"captureMode":"drawelement","captureOperation":"drawElement"}
[INFO] [Render:trace] {"renderJobId":"20973672-0c39-4434-ac94-d48718aceae5","phase":"capture_calibration","status":"checkpoint","elapsedMs":1491,"message":"resolved","forceScreenshot":false,"multiplier":1,"p95Ms":36}
[WARN] [Render] 5 capture workers may exceed this process's V8 heap (limit 4144MB supports ~4). If the render dies with "JavaScript heap out of memory", raise the heap (NODE_OPTIONS=--max-old-space-size=8192) or pass --workers 4. {"renderJobId":"20973672-0c39-4434-ac94-d48718aceae5","heapLimitMb":4144,"heapBasedWorkers":4}
[INFO] [Render:trace] {"renderJobId":"20973672-0c39-4434-ac94-d48718aceae5","phase":"worker_resolution","status":"checkpoint","elapsedMs":1492,"message":"resolved","workerCount":5}
[INFO] [Render] Fast capture: default-on drawElement disabled for this render — parallel capture has no runtime self-verification. Set PRODUCER_EXPERIMENTAL_FAST_CAPTURE=true to override. {"renderJobId":"20973672-0c39-4434-ac94-d48718aceae5"}
[INFO] streaming-encode gate {"renderJobId":"20973672-0c39-4434-ac94-d48718aceae5","enabled":false,"reason":"multi_worker","configFlag":true,"durationCapEnabled":false,"outputFormat":"mp4","workerCount":5,"durationSeconds":11.5,"maxDurationSeconds":240}
[INFO] [Render:trace] {"renderJobId":"20973672-0c39-4434-ac94-d48718aceae5","phase":"capture_strategy","status":"checkpoint","elapsedMs":1492,"message":"resolved","workerCount":5,"forceScreenshot":false,"captureBeyondViewport":null,"useStreamingEncode":false,"useLayeredComposite":false,"usePageSideCompositing":false,"hasHdrContent":false,"hasShaderTransitions":false,"isPngSequence":false}
[INFO] [Render:trace] {"renderJobId":"20973672-0c39-4434-ac94-d48718aceae5","phase":"capture_disk","status":"start","elapsedMs":1493,"stagePhase":"capturing","needsAlpha":false,"workerCount":5,"forceScreenshot":false,"totalFrames":276,"framesCompleted":0,"captureMode":"screenshot","captureOperation":"captureScreenshot"}
[INFO] [Render:trace] {"renderJobId":"20973672-0c39-4434-ac94-d48718aceae5","phase":"capture_disk","status":"end","elapsedMs":5901,"durationMs":4408,"stagePhase":"capturing","needsAlpha":false,"workerCount":5,"forceScreenshot":false,"totalFrames":276,"framesCompleted":276,"captureMode":"screenshot","captureOperation":"encode"}
[INFO] [Render:trace] {"renderJobId":"20973672-0c39-4434-ac94-d48718aceae5","phase":"encode","status":"start","elapsedMs":5901,"stagePhase":"capturing","hasAudio":false,"isPngSequence":false,"isGif":false,"chunkedEncode":false,"workerCount":5,"forceScreenshot":false,"totalFrames":276,"framesCompleted":276,"captureMode":"screenshot","captureOperation":"encode"}
[INFO] [Render:trace] {"renderJobId":"20973672-0c39-4434-ac94-d48718aceae5","phase":"encode","status":"end","elapsedMs":6638,"durationMs":736,"stagePhase":"capturing","hasAudio":false,"isPngSequence":false,"isGif":false,"chunkedEncode":false,"workerCount":5,"forceScreenshot":false,"totalFrames":276,"framesCompleted":276,"captureMode":"screenshot","captureOperation":"encode"}
[INFO] [Render:trace] {"renderJobId":"20973672-0c39-4434-ac94-d48718aceae5","phase":"assemble","status":"start","elapsedMs":6639,"stagePhase":"capturing","hasAudio":false,"workerCount":5,"forceScreenshot":false,"totalFrames":276,"framesCompleted":276,"captureMode":"screenshot","captureOperation":"encode"}
[INFO] [Render:trace] {"renderJobId":"20973672-0c39-4434-ac94-d48718aceae5","phase":"assemble","status":"end","elapsedMs":6677,"durationMs":38,"stagePhase":"capturing","hasAudio":false,"workerCount":5,"forceScreenshot":false,"totalFrames":276,"framesCompleted":276,"captureMode":"screenshot","captureOperation":"encode"}
[INFO] [Render:trace] {"renderJobId":"20973672-0c39-4434-ac94-d48718aceae5","phase":"pipeline","status":"checkpoint","elapsedMs":6716,"message":"artifact validated","totalElapsedMs":6714}
