
> framelang@0.1.0 recipe:v2:check
> node src/cli.mjs check out/makemydemo-recipe-v2

[hyperframes] browserGpuMode probe → hardware (WebGL renderer vendor="Google Inc. (Apple)" renderer="ANGLE (Apple, ANGLE Metal Renderer: Apple M1 Pro, Unspecified Version)")
{
  "ok": true,
  "strict": false,
  "lint": {
    "ok": true,
    "errorCount": 0,
    "warningCount": 3,
    "infoCount": 0,
    "findings": [
      {
        "code": "nested_structure_needs_subcomposition",
        "severity": "warning",
        "message": "<section id=\"fl-source\"> is a timeline element that contains nested <div>. The timeline shows one row per top-level element, and the root composition is built only from sub-compositions.",
        "selector": "#fl-source",
        "dataAttributes": {},
        "sourceFile": "/private/tmp/framelang/out/makemydemo-recipe-v2/landscape-1920x1080/index.html",
        "bbox": {
          "x": 0,
          "y": 0,
          "width": 0,
          "height": 0
        },
        "time": 0,
        "fixHint": "Move <section id=\"fl-source\"> and its contents into a sub-composition file and mount it with data-composition-src."
      },
      {
        "code": "nested_structure_needs_subcomposition",
        "severity": "warning",
        "message": "<section id=\"fl-assembly\"> is a timeline element that contains nested <div>. The timeline shows one row per top-level element, and the root composition is built only from sub-compositions.",
        "selector": "#fl-assembly",
        "dataAttributes": {},
        "sourceFile": "/private/tmp/framelang/out/makemydemo-recipe-v2/landscape-1920x1080/index.html",
        "bbox": {
          "x": 0,
          "y": 0,
          "width": 0,
          "height": 0
        },
        "time": 0,
        "fixHint": "Move <section id=\"fl-assembly\"> and its contents into a sub-composition file and mount it with data-composition-src."
      },
      {
        "code": "nested_structure_needs_subcomposition",
        "severity": "warning",
        "message": "<section id=\"fl-delivery\"> is a timeline element that contains nested <div>. The timeline shows one row per top-level element, and the root composition is built only from sub-compositions.",
        "selector": "#fl-delivery",
        "dataAttributes": {},
        "sourceFile": "/private/tmp/framelang/out/makemydemo-recipe-v2/landscape-1920x1080/index.html",
        "bbox": {
          "x": 0,
          "y": 0,
          "width": 0,
          "height": 0
        },
        "time": 0,
        "fixHint": "Move <section id=\"fl-delivery\"> and its contents into a sub-composition file and mount it with data-composition-src."
      }
    ],
    "filesScanned": 1
  },
  "runtime": {
    "ok": true,
    "errorCount": 0,
    "warningCount": 0,
    "infoCount": 0,
    "findings": []
  },
  "layout": {
    "ok": true,
    "errorCount": 0,
    "warningCount": 0,
    "infoCount": 0,
    "findings": [],
    "duration": 11.5,
    "samples": [
      0,
      0.042,
      0.083,
      0.125,
      0.167,
      0.208,
      0.25,
      0.292,
      0.333,
      0.365,
      0.375,
      0.417,
      0.458,
      0.48,
      0.5,
      0.542,
      0.583,
      0.615,
      0.625,
      0.667,
      0.708,
      0.75,
      0.792,
      0.833,
      0.854,
      0.875,
      0.917,
      0.958,
      1,
      1.014,
      1.042,
      1.07,
      1.083,
      1.125,
      1.167,
      1.17,
      1.208,
      1.25,
      1.27,
      1.285,
      1.292,
      1.3,
      1.333,
      1.355,
      1.375,
      1.41,
      1.417,
      1.458,
      1.49,
      1.5,
      1.542,
      1.57,
      1.583,
      1.625,
      1.667,
      1.708,
      1.75,
      1.785,
      1.792,
      1.833,
      1.875,
      1.917,
      1.958,
      2,
      2.042,
      2.083,
      2.125,
      2.167,
      2.208,
      2.25,
      2.271,
      2.292,
      2.333,
      2.375,
      2.417,
      2.458,
      2.5,
      2.542,
      2.583,
      2.625,
      2.667,
      2.708,
      2.75,
      2.792,
      2.833,
      2.875,
      2.917,
      2.958,
      3,
      3.021,
      3.042,
      3.083,
      3.125,
      3.167,
      3.208,
      3.25,
      3.292,
      3.333,
      3.375,
      3.417,
      3.458,
      3.5,
      3.542,
      3.583,
      3.625,
      3.667,
      3.708,
      3.75,
      3.792,
      3.833,
      3.865,
      3.875,
      3.917,
      3.958,
      3.98,
      4,
      4.042,
      4.083,
      4.125,
      4.167,
      4.199,
      4.208,
      4.25,
      4.292,
      4.333,
      4.375,
      4.417,
      4.458,
      4.5,
      4.521,
      4.542,
      4.583,
      4.625,
      4.667,
      4.708,
      4.75,
      4.784,
      4.792,
      4.833,
      4.875,
      4.917,
      4.942,
      4.958,
      5,
      5.042,
      5.083,
      5.1,
      5.125,
      5.167,
      5.208,
      5.25,
      5.258,
      5.292,
      5.333,
      5.358,
      5.375,
      5.417,
      5.458,
      5.5,
      5.517,
      5.542,
      5.575,
      5.583,
      5.625,
      5.652,
      5.667,
      5.708,
      5.729,
      5.75,
      5.792,
      5.797,
      5.833,
      5.865,
      5.875,
      5.879,
      5.892,
      5.917,
      5.946,
      5.958,
      6,
      6.042,
      6.068,
      6.083,
      6.125,
      6.135,
      6.167,
      6.203,
      6.208,
      6.25,
      6.271,
      6.292,
      6.333,
      6.339,
      6.375,
      6.406,
      6.417,
      6.458,
      6.474,
      6.5,
      6.542,
      6.583,
      6.625,
      6.667,
      6.678,
      6.708,
      6.75,
      6.792,
      6.813,
      6.833,
      6.875,
      6.917,
      6.948,
      6.958,
      7,
      7.042,
      7.083,
      7.125,
      7.167,
      7.208,
      7.25,
      7.292,
      7.333,
      7.375,
      7.417,
      7.458,
      7.5,
      7.542,
      7.583,
      7.625,
      7.667,
      7.708,
      7.75,
      7.792,
      7.833,
      7.875,
      7.917,
      7.958,
      8,
      8.042,
      8.083,
      8.104,
      8.125,
      8.167,
      8.208,
      8.25,
      8.292,
      8.333,
      8.344,
      8.375,
      8.417,
      8.458,
      8.48,
      8.5,
      8.542,
      8.583,
      8.625,
      8.667,
      8.699,
      8.708,
      8.75,
      8.792,
      8.833,
      8.875,
      8.917,
      8.938,
      8.958,
      9,
      9.042,
      9.07,
      9.083,
      9.125,
      9.167,
      9.181,
      9.208,
      9.247,
      9.25,
      9.292,
      9.313,
      9.333,
      9.375,
      9.379,
      9.417,
      9.444,
      9.458,
      9.5,
      9.51,
      9.542,
      9.576,
      9.583,
      9.625,
      9.642,
      9.667,
      9.708,
      9.75,
      9.774,
      9.792,
      9.833,
      9.84,
      9.875,
      9.906,
      9.917,
      9.958,
      9.972,
      9.986,
      10,
      10.042,
      10.083,
      10.084,
      10.125,
      10.167,
      10.202,
      10.208,
      10.236,
      10.25,
      10.292,
      10.333,
      10.368,
      10.375,
      10.417,
      10.458,
      10.5,
      10.542,
      10.583,
      10.604,
      10.625,
      10.667,
      10.708,
      10.75,
      10.792,
      10.833,
      10.875,
      10.917,
      10.958,
      11,
      11.042,
      11.083,
      11.104,
      11.125,
      11.167,
      11.208,
      11.25,
      11.292,
      11.333,
      11.375,
      11.417,
      11.458,
      11.5
    ],
    "transitionSamples": [
      0,
      0.125,
      0.25,
      0.365,
      0.48,
      0.615,
      0.75,
      0.854,
      0.958,
      1.014,
      1.07,
      1.17,
      1.27,
      1.285,
      1.3,
      1.355,
      1.41,
      1.49,
      1.57,
      1.785,
      2,
      2.271,
      2.542,
      3.021,
      3.5,
      3.625,
      3.75,
      3.865,
      3.98,
      4.199,
      4.417,
      4.521,
      4.625,
      4.784,
      4.942,
      5.1,
      5.258,
      5.358,
      5.458,
      5.517,
      5.575,
      5.652,
      5.729,
      5.797,
      5.865,
      5.879,
      5.892,
      5.946,
      6,
      6.068,
      6.135,
      6.203,
      6.271,
      6.339,
      6.406,
      6.474,
      6.542,
      6.678,
      6.813,
      6.948,
      7.083,
      7.542,
      8,
      8.104,
      8.208,
      8.344,
      8.48,
      8.699,
      8.917,
      8.938,
      8.958,
      9.07,
      9.181,
      9.247,
      9.313,
      9.379,
      9.444,
      9.51,
      9.576,
      9.642,
      9.708,
      9.774,
      9.84,
      9.906,
      9.972,
      9.986,
      10,
      10.084,
      10.167,
      10.202,
      10.236,
      10.368,
      10.5,
      10.604,
      10.708,
      11.104,
      11.5
    ],
    "transitionSamplesDropped": 0,
    "tolerance": 2,
    "totalIssueCount": 0,
    "truncated": false
  },
  "motion": {
    "ok": true,
    "errorCount": 0,
    "warningCount": 0,
    "infoCount": 0,
    "findings": [],
    "enabled": false,
    "samples": 0
  },
  "contrast": {
    "ok": true,
    "errorCount": 0,
    "warningCount": 0,
    "infoCount": 0,
    "findings": [],
    "enabled": true,
    "samples": [
      0,
      2.917,
      5.875,
      8.75,
      11.5
    ],
    "checked": 63,
    "passed": 63
  },
  "hdr": {
    "autoPromotion": null,
    "inspection": "available"
  },
  "snapshots": {
    "enabled": false,
    "files": [],
    "times": [],
    "findingFiles": []
  },
  "_meta": {
    "version": "0.8.82",
    "latestVersion": "0.8.82",
    "updateAvailable": false
  }
}
[hyperframes] browserGpuMode probe → hardware (WebGL renderer vendor="Google Inc. (Apple)" renderer="ANGLE (Apple, ANGLE Metal Renderer: Apple M1 Pro, Unspecified Version)")
{
  "ok": true,
  "strict": false,
  "lint": {
    "ok": true,
    "errorCount": 0,
    "warningCount": 3,
    "infoCount": 0,
    "findings": [
      {
        "code": "nested_structure_needs_subcomposition",
        "severity": "warning",
        "message": "<section id=\"fl-source\"> is a timeline element that contains nested <div>. The timeline shows one row per top-level element, and the root composition is built only from sub-compositions.",
        "selector": "#fl-source",
        "dataAttributes": {},
        "sourceFile": "/private/tmp/framelang/out/makemydemo-recipe-v2/portrait-1080x1920/index.html",
        "bbox": {
          "x": 0,
          "y": 0,
          "width": 0,
          "height": 0
        },
        "time": 0,
        "fixHint": "Move <section id=\"fl-source\"> and its contents into a sub-composition file and mount it with data-composition-src."
      },
      {
        "code": "nested_structure_needs_subcomposition",
        "severity": "warning",
        "message": "<section id=\"fl-assembly\"> is a timeline element that contains nested <div>. The timeline shows one row per top-level element, and the root composition is built only from sub-compositions.",
        "selector": "#fl-assembly",
        "dataAttributes": {},
        "sourceFile": "/private/tmp/framelang/out/makemydemo-recipe-v2/portrait-1080x1920/index.html",
        "bbox": {
          "x": 0,
          "y": 0,
          "width": 0,
          "height": 0
        },
        "time": 0,
        "fixHint": "Move <section id=\"fl-assembly\"> and its contents into a sub-composition file and mount it with data-composition-src."
      },
      {
        "code": "nested_structure_needs_subcomposition",
        "severity": "warning",
        "message": "<section id=\"fl-delivery\"> is a timeline element that contains nested <div>. The timeline shows one row per top-level element, and the root composition is built only from sub-compositions.",
        "selector": "#fl-delivery",
        "dataAttributes": {},
        "sourceFile": "/private/tmp/framelang/out/makemydemo-recipe-v2/portrait-1080x1920/index.html",
        "bbox": {
          "x": 0,
          "y": 0,
          "width": 0,
          "height": 0
        },
        "time": 0,
        "fixHint": "Move <section id=\"fl-delivery\"> and its contents into a sub-composition file and mount it with data-composition-src."
      }
    ],
    "filesScanned": 1
  },
  "runtime": {
    "ok": true,
    "errorCount": 0,
    "warningCount": 0,
    "infoCount": 0,
    "findings": []
  },
  "layout": {
    "ok": true,
    "errorCount": 0,
    "warningCount": 0,
    "infoCount": 0,
    "findings": [],
    "duration": 11.5,
    "samples": [
      0,
      0.042,
      0.083,
      0.125,
      0.167,
      0.208,
      0.25,
      0.292,
      0.333,
      0.365,
      0.375,
      0.417,
      0.458,
      0.48,
      0.5,
      0.542,
      0.583,
      0.615,
      0.625,
      0.667,
      0.708,
      0.75,
      0.792,
      0.833,
      0.854,
      0.875,
      0.917,
      0.958,
      1,
      1.014,
      1.042,
      1.07,
      1.083,
      1.125,
      1.167,
      1.17,
      1.208,
      1.25,
      1.27,
      1.285,
      1.292,
      1.3,
      1.333,
      1.355,
      1.375,
      1.41,
      1.417,
      1.458,
      1.49,
      1.5,
      1.542,
      1.57,
      1.583,
      1.625,
      1.667,
      1.708,
      1.75,
      1.785,
      1.792,
      1.833,
      1.875,
      1.917,
      1.958,
      2,
      2.042,
      2.083,
      2.125,
      2.167,
      2.208,
      2.25,
      2.271,
      2.292,
      2.333,
      2.375,
      2.417,
      2.458,
      2.5,
      2.542,
      2.583,
      2.625,
      2.667,
      2.708,
      2.75,
      2.792,
      2.833,
      2.875,
      2.917,
      2.958,
      3,
      3.021,
      3.042,
      3.083,
      3.125,
      3.167,
      3.208,
      3.25,
      3.292,
      3.333,
      3.375,
      3.417,
      3.458,
      3.5,
      3.542,
      3.583,
      3.625,
      3.667,
      3.708,
      3.75,
      3.792,
      3.833,
      3.865,
      3.875,
      3.917,
      3.958,
      3.98,
      4,
      4.042,
      4.083,
      4.125,
      4.167,
      4.199,
      4.208,
      4.25,
      4.292,
      4.333,
      4.375,
      4.417,
      4.458,
      4.5,
      4.521,
      4.542,
      4.583,
      4.625,
      4.667,
      4.708,
      4.75,
      4.784,
      4.792,
      4.833,
      4.875,
      4.917,
      4.942,
      4.958,
      5,
      5.042,
      5.083,
      5.1,
      5.125,
      5.167,
      5.208,
      5.25,
      5.258,
      5.292,
      5.333,
      5.358,
      5.375,
      5.417,
      5.458,
      5.5,
      5.517,
      5.542,
      5.575,
      5.583,
      5.625,
      5.652,
      5.667,
      5.708,
      5.729,
      5.75,
      5.792,
      5.797,
      5.833,
      5.865,
      5.875,
      5.879,
      5.892,
      5.917,
      5.946,
      5.958,
      6,
      6.042,
      6.068,
      6.083,
      6.125,
      6.135,
      6.167,
      6.203,
      6.208,
      6.25,
      6.271,
      6.292,
      6.333,
      6.339,
      6.375,
      6.406,
      6.417,
      6.458,
      6.474,
      6.5,
      6.542,
      6.583,
      6.625,
      6.667,
      6.678,
      6.708,
      6.75,
      6.792,
      6.813,
      6.833,
      6.875,
      6.917,
      6.948,
      6.958,
      7,
      7.042,
      7.083,
      7.125,
      7.167,
      7.208,
      7.25,
      7.292,
      7.333,
      7.375,
      7.417,
      7.458,
      7.5,
      7.542,
      7.583,
      7.625,
      7.667,
      7.708,
      7.75,
      7.792,
      7.833,
      7.875,
      7.917,
      7.958,
      8,
      8.042,
      8.083,
      8.104,
      8.125,
      8.167,
      8.208,
      8.25,
      8.292,
      8.333,
      8.344,
      8.375,
      8.417,
      8.458,
      8.48,
      8.5,
      8.542,
      8.583,
      8.625,
      8.667,
      8.699,
      8.708,
      8.75,
      8.792,
      8.833,
      8.875,
      8.917,
      8.938,
      8.958,
      9,
      9.042,
      9.07,
      9.083,
      9.125,
      9.167,
      9.181,
      9.208,
      9.247,
      9.25,
      9.292,
      9.313,
      9.333,
      9.375,
      9.379,
      9.417,
      9.444,
      9.458,
      9.5,
      9.51,
      9.542,
      9.576,
      9.583,
      9.625,
      9.642,
      9.667,
      9.708,
      9.75,
      9.774,
      9.792,
      9.833,
      9.84,
      9.875,
      9.906,
      9.917,
      9.958,
      9.972,
      9.986,
      10,
      10.042,
      10.083,
      10.084,
      10.125,
      10.167,
      10.202,
      10.208,
      10.236,
      10.25,
      10.292,
      10.333,
      10.368,
      10.375,
      10.417,
      10.458,
      10.5,
      10.542,
      10.583,
      10.604,
      10.625,
      10.667,
      10.708,
      10.75,
      10.792,
      10.833,
      10.875,
      10.917,
      10.958,
      11,
      11.042,
      11.083,
      11.104,
      11.125,
      11.167,
      11.208,
      11.25,
      11.292,
      11.333,
      11.375,
      11.417,
      11.458,
      11.5
    ],
    "transitionSamples": [
      0,
      0.125,
      0.25,
      0.365,
      0.48,
      0.615,
      0.75,
      0.854,
      0.958,
      1.014,
      1.07,
      1.17,
      1.27,
      1.285,
      1.3,
      1.355,
      1.41,
      1.49,
      1.57,
      1.785,
      2,
      2.271,
      2.542,
      3.021,
      3.5,
      3.625,
      3.75,
      3.865,
      3.98,
      4.199,
      4.417,
      4.521,
      4.625,
      4.784,
      4.942,
      5.1,
      5.258,
      5.358,
      5.458,
      5.517,
      5.575,
      5.652,
      5.729,
      5.797,
      5.865,
      5.879,
      5.892,
      5.946,
      6,
      6.068,
      6.135,
      6.203,
      6.271,
      6.339,
      6.406,
      6.474,
      6.542,
      6.678,
      6.813,
      6.948,
      7.083,
      7.542,
      8,
      8.104,
      8.208,
      8.344,
      8.48,
      8.699,
      8.917,
      8.938,
      8.958,
      9.07,
      9.181,
      9.247,
      9.313,
      9.379,
      9.444,
      9.51,
      9.576,
      9.642,
      9.708,
      9.774,
      9.84,
      9.906,
      9.972,
      9.986,
      10,
      10.084,
      10.167,
      10.202,
      10.236,
      10.368,
      10.5,
      10.604,
      10.708,
      11.104,
      11.5
    ],
    "transitionSamplesDropped": 0,
    "tolerance": 2,
    "totalIssueCount": 0,
    "truncated": false
  },
  "motion": {
    "ok": true,
    "errorCount": 0,
    "warningCount": 0,
    "infoCount": 0,
    "findings": [],
    "enabled": false,
    "samples": 0
  },
  "contrast": {
    "ok": true,
    "errorCount": 0,
    "warningCount": 0,
    "infoCount": 0,
    "findings": [],
    "enabled": true,
    "samples": [
      0,
      2.917,
      5.875,
      8.75,
      11.5
    ],
    "checked": 63,
    "passed": 63
  },
  "hdr": {
    "autoPromotion": null,
    "inspection": "available"
  },
  "snapshots": {
    "enabled": false,
    "files": [],
    "times": [],
    "findingFiles": []
  },
  "_meta": {
    "version": "0.8.82",
    "latestVersion": "0.8.82",
    "updateAvailable": false
  }
}
