
> framelang@0.1.0 recipe:v2:render
> node src/cli.mjs render out/makemydemo-recipe-v2


◆  Rendering landscape-1920x1080 → /private/tmp/framelang/out/makemydemo-recipe-v2/landscape-1920x1080/video.mp4
   24fps · draft · auto workers (10 cores detected)
   GPU: browser GPU (auto-detect)

[?25l│
◒  Checking browser[1G[J◇  Browser: cache
[?25h
  Lint: 0 error(s), 3 warning(s) — run with --lint-verbose for full output.
  Continuing render despite lint issues. Use --strict to block errors.

[INFO] [Render] Pipeline started {"renderJobId":"22299056-b6c6-4959-98b8-e7b6df3bd5d0","platform":"darwin","arch":"arm64","nodeVersion":"v23.11.0","fps":{"num":24,"den":1},"format":"mp4","quality":"draft","browserGpuMode":"auto","forceScreenshot":false,"protocolTimeout":300000,"browserTimeout":120000,"pageNavigationTimeout":60000,"playerReadyTimeout":45000}
[INFO] [Render:trace] {"renderJobId":"22299056-b6c6-4959-98b8-e7b6df3bd5d0","phase":"pipeline","status":"checkpoint","elapsedMs":2,"message":"started","format":"mp4","quality":"draft","browserGpuMode":"auto","forceScreenshot":false,"protocolTimeoutMs":300000,"pageNavigationTimeoutMs":60000,"playerReadyTimeoutMs":45000,"requestedWorkers":"auto"}
[INFO] [Render:trace] {"renderJobId":"22299056-b6c6-4959-98b8-e7b6df3bd5d0","phase":"compile","status":"start","elapsedMs":3,"needsAlpha":false}
  █░░░░░░░░░░░░░░░░░░░░░░░░  5%  Compiling composition
[INFO] [Compiler] Embedded local font file: assets/Inter.ttf (856 KB → data URI)
[INFO] Compiled composition metadata {"renderJobId":"22299056-b6c6-4959-98b8-e7b6df3bd5d0","entryFile":"index.html","staticDuration":11.5,"width":1920,"height":1080,"videoCount":0,"audioCount":0,"renderModeHints":{"recommendScreenshot":false,"reasons":[]}}
[INFO] [Render:trace] {"renderJobId":"22299056-b6c6-4959-98b8-e7b6df3bd5d0","phase":"compile","status":"end","elapsedMs":127,"durationMs":124,"needsAlpha":false}
[INFO] [Render:trace] {"renderJobId":"22299056-b6c6-4959-98b8-e7b6df3bd5d0","phase":"compile","status":"checkpoint","elapsedMs":128,"message":"composition metadata resolved","width":1920,"height":1080,"videoCount":0,"audioCount":0,"imageCount":2,"deviceScaleFactor":1,"forceScreenshot":false,"compositionHash":"46827e7bd93a96bb"}
[INFO] [Render:trace] {"renderJobId":"22299056-b6c6-4959-98b8-e7b6df3bd5d0","phase":"browser_probe","status":"start","elapsedMs":128,"forceScreenshot":false,"stagePhase":"calibrating"}
[INFO] [Render:trace] {"renderJobId":"22299056-b6c6-4959-98b8-e7b6df3bd5d0","phase":"browser_probe","status":"end","elapsedMs":175,"durationMs":46,"forceScreenshot":false,"stagePhase":"calibrating"}
[INFO] [Render:trace] {"renderJobId":"22299056-b6c6-4959-98b8-e7b6df3bd5d0","phase":"browser_probe","status":"checkpoint","elapsedMs":177,"message":"duration resolved","durationSeconds":11.5,"totalFrames":276,"compositionHash":"46827e7bd93a96bb","beginFrameStalled":false}
[INFO] [Render:trace] {"renderJobId":"22299056-b6c6-4959-98b8-e7b6df3bd5d0","phase":"video_extract","status":"start","elapsedMs":177,"videoCount":0}
  ██░░░░░░░░░░░░░░░░░░░░░░░  10%  Extracting video frames
[INFO] [Render:trace] {"renderJobId":"22299056-b6c6-4959-98b8-e7b6df3bd5d0","phase":"video_extract","status":"end","elapsedMs":178,"durationMs":1,"videoCount":0}
[INFO] [Render:trace] {"renderJobId":"22299056-b6c6-4959-98b8-e7b6df3bd5d0","phase":"video_extract","status":"checkpoint","elapsedMs":180,"message":"frames resolved","videoCount":0,"extractedVideoCount":0,"totalFramesExtracted":0,"maxFramesPerVideo":0,"avgFramesPerExtractedVideo":null,"vfrPreflightCount":null,"vfrPreflightMs":null,"cacheHits":null,"cacheMisses":null,"transientRetries":null,"minVideoFrameCoverageRatio":null,"authoredTimedClipCount":4}
[INFO] [Render] No HDR sources detected — rendering SDR {"renderJobId":"22299056-b6c6-4959-98b8-e7b6df3bd5d0"}
[INFO] [Render:trace] {"renderJobId":"22299056-b6c6-4959-98b8-e7b6df3bd5d0","phase":"hdr_detection","status":"checkpoint","elapsedMs":181,"message":"resolved","requestedHdrMode":"auto","effectiveHdr":"sdr","nativeHdrVideoCount":0,"nativeHdrImageCount":0}
[INFO] [Render:trace] {"renderJobId":"22299056-b6c6-4959-98b8-e7b6df3bd5d0","phase":"audio_process","status":"start","elapsedMs":181,"audioCount":0}
  █████░░░░░░░░░░░░░░░░░░░░  20%  Processing audio tracks
[INFO] [Render:trace] {"renderJobId":"22299056-b6c6-4959-98b8-e7b6df3bd5d0","phase":"audio_process","status":"end","elapsedMs":181,"durationMs":0,"audioCount":0}
[INFO] [Render:trace] {"renderJobId":"22299056-b6c6-4959-98b8-e7b6df3bd5d0","phase":"file_server","status":"start","elapsedMs":181,"reused":false}
  ██████░░░░░░░░░░░░░░░░░░░  25%  Starting frame capture
[INFO] [Render:trace] {"renderJobId":"22299056-b6c6-4959-98b8-e7b6df3bd5d0","phase":"file_server","status":"end","elapsedMs":187,"durationMs":6}
  ██████░░░░░░░░░░░░░░░░░░░  25%  Checking browser GPU
[hyperframes] browserGpuMode probe → hardware (WebGL renderer vendor="Google Inc. (Apple)" renderer="ANGLE (Apple, ANGLE Metal Renderer: Apple M1 Pro, Unspecified Version)")
[INFO] [Render:trace] {"renderJobId":"22299056-b6c6-4959-98b8-e7b6df3bd5d0","phase":"capture_calibration","status":"start","elapsedMs":767,"stagePhase":"calibrating","forceScreenshot":false,"totalFrames":276,"framesCompleted":0,"captureMode":"drawelement","captureOperation":"drawElement"}
[INFO] [Render] Calibration config {"renderJobId":"22299056-b6c6-4959-98b8-e7b6df3bd5d0","protocolTimeout":30000,"parentProtocolTimeout":300000,"forceScreenshot":false,"totalFrames":276}
[INFO] Launching browser for capture calibration... {"renderJobId":"22299056-b6c6-4959-98b8-e7b6df3bd5d0"}
  ██████░░░░░░░░░░░░░░░░░░░  25%  Measuring capture speed
[BrowserManager] Browser launched (HeadlessChrome/152.0.7977.30, screenshot, gl=--use-gl=angle --use-angle=metal, headlessShell=true, platform=darwin)
[INFO] Initializing calibration session... {"renderJobId":"22299056-b6c6-4959-98b8-e7b6df3bd5d0"}
[initSession:screenshot] page.goto start (0ms)
[HyperFrames] render runtime fps {"canonicalFps":24,"source":"render-options","rawFpsSource":"render-options","rawFps":24}
[initSession:screenshot] page.goto complete (370ms)
[initSession:screenshot] GSAP proxy flush complete (378ms)
[initSession:screenshot] pollHfReady complete (379ms)
[initSession:screenshot] pollSubCompositionTimelines complete (ready) (381ms)
[initSession:screenshot] applyVideoMetadataHints complete (381ms)
[initSession:screenshot] media + fonts + tailwind ready (384ms)
[initSession:screenshot] timeline at-risk predictor: 0/276 frames (0%) (475ms)
[initSession:screenshot] static-frame dedup: disabled (eligible) (481ms)
[initSession:screenshot] drawElement self-verify armed: 4 ground-truth frame(s) @ [69, 138, 207, 262] of 276 (902ms)
[initSession:drawelement] drawElement canvas injected (904ms)
[initSession:drawelement] screenshot fallback: 13 clip-boundary frame(s) (905ms)
[initSession:drawelement] drawElement worker encode initialized (909ms)
[INFO] Calibration session ready, capturing test frames... {"renderJobId":"22299056-b6c6-4959-98b8-e7b6df3bd5d0"}
[INFO] Calibration: capturing test frame 1/5... {"renderJobId":"22299056-b6c6-4959-98b8-e7b6df3bd5d0"}
[INFO] Calibration: capturing test frame 2/5... {"renderJobId":"22299056-b6c6-4959-98b8-e7b6df3bd5d0"}
[INFO] Calibration: capturing test frame 3/5... {"renderJobId":"22299056-b6c6-4959-98b8-e7b6df3bd5d0"}
[INFO] Calibration: capturing test frame 4/5... {"renderJobId":"22299056-b6c6-4959-98b8-e7b6df3bd5d0"}
[INFO] Calibration: capturing test frame 5/5... {"renderJobId":"22299056-b6c6-4959-98b8-e7b6df3bd5d0"}
[INFO] Calibration complete, estimated cost: 35ms/frame (p95) {"renderJobId":"22299056-b6c6-4959-98b8-e7b6df3bd5d0"}
[INFO] [Render:trace] {"renderJobId":"22299056-b6c6-4959-98b8-e7b6df3bd5d0","phase":"capture_calibration","status":"end","elapsedMs":2102,"durationMs":1335,"stagePhase":"calibrating","forceScreenshot":false,"totalFrames":276,"framesCompleted":0,"captureMode":"drawelement","captureOperation":"drawElement"}
[INFO] [Render:trace] {"renderJobId":"22299056-b6c6-4959-98b8-e7b6df3bd5d0","phase":"capture_calibration","status":"checkpoint","elapsedMs":2102,"message":"resolved","forceScreenshot":false,"multiplier":1,"p95Ms":35}
[WARN] [Render] 5 capture workers may exceed this process's V8 heap (limit 4144MB supports ~4). If the render dies with "JavaScript heap out of memory", raise the heap (NODE_OPTIONS=--max-old-space-size=8192) or pass --workers 4. {"renderJobId":"22299056-b6c6-4959-98b8-e7b6df3bd5d0","heapLimitMb":4144,"heapBasedWorkers":4}
[INFO] [Render:trace] {"renderJobId":"22299056-b6c6-4959-98b8-e7b6df3bd5d0","phase":"worker_resolution","status":"checkpoint","elapsedMs":2103,"message":"resolved","workerCount":5}
[INFO] [Render] Fast capture: default-on drawElement disabled for this render — parallel capture has no runtime self-verification. Set PRODUCER_EXPERIMENTAL_FAST_CAPTURE=true to override. {"renderJobId":"22299056-b6c6-4959-98b8-e7b6df3bd5d0"}
[INFO] streaming-encode gate {"renderJobId":"22299056-b6c6-4959-98b8-e7b6df3bd5d0","enabled":false,"reason":"multi_worker","configFlag":true,"durationCapEnabled":false,"outputFormat":"mp4","workerCount":5,"durationSeconds":11.5,"maxDurationSeconds":240}
[INFO] [Render:trace] {"renderJobId":"22299056-b6c6-4959-98b8-e7b6df3bd5d0","phase":"capture_strategy","status":"checkpoint","elapsedMs":2103,"message":"resolved","workerCount":5,"forceScreenshot":false,"captureBeyondViewport":null,"useStreamingEncode":false,"useLayeredComposite":false,"usePageSideCompositing":false,"hasHdrContent":false,"hasShaderTransitions":false,"isPngSequence":false}
[INFO] [Render:trace] {"renderJobId":"22299056-b6c6-4959-98b8-e7b6df3bd5d0","phase":"capture_disk","status":"start","elapsedMs":2103,"stagePhase":"capturing","needsAlpha":false,"workerCount":5,"forceScreenshot":false,"totalFrames":276,"framesCompleted":0,"captureMode":"screenshot","captureOperation":"captureScreenshot"}
  ██████░░░░░░░░░░░░░░░░░░░  25%  Starting browsers (0/5 ready)
[BrowserManager] Browser launched (HeadlessChrome/152.0.7977.30, screenshot, gl=--use-gl=angle --use-angle=metal, headlessShell=true, platform=darwin)
[initSession:screenshot] page.goto start (1ms)
  ██████░░░░░░░░░░░░░░░░░░░  25%  Starting browsers (0/5 ready)
[initSession:screenshot] page.goto start (0ms)
[initSession:screenshot] page.goto start (0ms)
[initSession:screenshot] page.goto start (0ms)
[initSession:screenshot] page.goto start (0ms)
[HyperFrames] render runtime fps {"canonicalFps":24,"source":"render-options","rawFpsSource":"render-options","rawFps":24}
[initSession:screenshot] page.goto complete (463ms)
[HyperFrames] render runtime fps {"canonicalFps":24,"source":"render-options","rawFpsSource":"render-options","rawFps":24}
[initSession:screenshot] page.goto complete (368ms)
[initSession:screenshot] GSAP proxy flush complete (472ms)
[initSession:screenshot] GSAP proxy flush complete (376ms)
[initSession:screenshot] pollHfReady complete (473ms)
[initSession:screenshot] pollHfReady complete (377ms)
[initSession:screenshot] pollSubCompositionTimelines complete (ready) (475ms)
[initSession:screenshot] applyVideoMetadataHints complete (475ms)
[initSession:screenshot] pollSubCompositionTimelines complete (ready) (380ms)
[initSession:screenshot] applyVideoMetadataHints complete (380ms)
[initSession:screenshot] media + fonts + tailwind ready (477ms)
[initSession:screenshot] media + fonts + tailwind ready (381ms)
[HyperFrames] render runtime fps {"canonicalFps":24,"source":"render-options","rawFpsSource":"render-options","rawFps":24}
[HyperFrames] render runtime fps {"canonicalFps":24,"source":"render-options","rawFpsSource":"render-options","rawFps":24}
[initSession:screenshot] static-frame dedup: disabled (eligible) (492ms)
[HyperFrames] render runtime fps {"canonicalFps":24,"source":"render-options","rawFpsSource":"render-options","rawFps":24}
  ██████░░░░░░░░░░░░░░░░░░░  25%  Starting browsers (1/5 ready)
[initSession:screenshot] static-frame dedup: disabled (eligible) (398ms)
[initSession:screenshot] page.goto complete (401ms)
[initSession:screenshot] GSAP proxy flush complete (402ms)
[initSession:screenshot] page.goto complete (403ms)
[initSession:screenshot] GSAP proxy flush complete (408ms)
[initSession:screenshot] page.goto complete (456ms)
  ██████░░░░░░░░░░░░░░░░░░░  25%  Capturing frame 1/276 (5 workers)
[initSession:screenshot] GSAP proxy flush complete (496ms)
[initSession:screenshot] pollHfReady complete (497ms)
[initSession:screenshot] pollSubCompositionTimelines complete (ready) (500ms)
[initSession:screenshot] applyVideoMetadataHints complete (500ms)
[initSession:screenshot] media + fonts + tailwind ready (502ms)
[initSession:screenshot] pollHfReady complete (503ms)
[initSession:screenshot] pollSubCompositionTimelines complete (ready) (505ms)
[initSession:screenshot] applyVideoMetadataHints complete (505ms)
[initSession:screenshot] media + fonts + tailwind ready (506ms)
[initSession:screenshot] static-frame dedup: disabled (eligible) (506ms)
[initSession:screenshot] static-frame dedup: disabled (eligible) (510ms)
[initSession:screenshot] pollHfReady complete (509ms)
[initSession:screenshot] pollSubCompositionTimelines complete (ready) (510ms)
[initSession:screenshot] applyVideoMetadataHints complete (511ms)
[initSession:screenshot] media + fonts + tailwind ready (512ms)
[initSession:screenshot] static-frame dedup: disabled (eligible) (516ms)
  ███████░░░░░░░░░░░░░░░░░░  28%  Capturing frame 16/276 (5 workers)
  ███████░░░░░░░░░░░░░░░░░░  31%  Capturing frame 36/276 (5 workers)
  ████████░░░░░░░░░░░░░░░░░  34%  Capturing frame 55/276 (5 workers)
  █████████░░░░░░░░░░░░░░░░  37%  Capturing frame 76/276 (5 workers)
  ██████████░░░░░░░░░░░░░░░  41%  Capturing frame 96/276 (5 workers)
  ███████████░░░░░░░░░░░░░░  44%  Capturing frame 116/276 (5 workers)
  ███████████░░░░░░░░░░░░░░  47%  Capturing frame 136/276 (5 workers)
  ████████████░░░░░░░░░░░░░  51%  Capturing frame 158/276 (5 workers)
  █████████████░░░░░░░░░░░░  54%  Capturing frame 180/276 (5 workers)
  ██████████████░░░░░░░░░░░  58%  Capturing frame 201/276 (5 workers)
  ███████████████░░░░░░░░░░  61%  Capturing frame 222/276 (5 workers)
  ████████████████░░░░░░░░░  64%  Capturing frame 242/276 (5 workers)
  █████████████████░░░░░░░░  68%  Capturing frame 262/276 (5 workers)
  █████████████████░░░░░░░░  70%  Capturing frame 275/276 (5 workers)
  █████████████████░░░░░░░░  70%  Capturing frame 276/276 (5 workers)
[INFO] [Render:trace] {"renderJobId":"22299056-b6c6-4959-98b8-e7b6df3bd5d0","phase":"capture_disk","status":"end","elapsedMs":6637,"durationMs":4534,"stagePhase":"capturing","needsAlpha":false,"workerCount":5,"forceScreenshot":false,"totalFrames":276,"framesCompleted":276,"captureMode":"screenshot","captureOperation":"encode"}
[INFO] [Render:trace] {"renderJobId":"22299056-b6c6-4959-98b8-e7b6df3bd5d0","phase":"encode","status":"start","elapsedMs":6638,"stagePhase":"capturing","hasAudio":false,"isPngSequence":false,"isGif":false,"chunkedEncode":false,"workerCount":5,"forceScreenshot":false,"totalFrames":276,"framesCompleted":276,"captureMode":"screenshot","captureOperation":"encode"}
  ██████████████████░░░░░░░  75%  Encoding video
[INFO] [Render:trace] {"renderJobId":"22299056-b6c6-4959-98b8-e7b6df3bd5d0","phase":"encode","status":"end","elapsedMs":7361,"durationMs":723,"stagePhase":"capturing","hasAudio":false,"isPngSequence":false,"isGif":false,"chunkedEncode":false,"workerCount":5,"forceScreenshot":false,"totalFrames":276,"framesCompleted":276,"captureMode":"screenshot","captureOperation":"encode"}
[INFO] [Render:trace] {"renderJobId":"22299056-b6c6-4959-98b8-e7b6df3bd5d0","phase":"assemble","status":"start","elapsedMs":7361,"stagePhase":"capturing","hasAudio":false,"workerCount":5,"forceScreenshot":false,"totalFrames":276,"framesCompleted":276,"captureMode":"screenshot","captureOperation":"encode"}
  ██████████████████████░░░  90%  Assembling final video
[INFO] [Render:trace] {"renderJobId":"22299056-b6c6-4959-98b8-e7b6df3bd5d0","phase":"assemble","status":"end","elapsedMs":7408,"durationMs":47,"stagePhase":"capturing","hasAudio":false,"workerCount":5,"forceScreenshot":false,"totalFrames":276,"framesCompleted":276,"captureMode":"screenshot","captureOperation":"encode"}
[INFO] [Render:trace] {"renderJobId":"22299056-b6c6-4959-98b8-e7b6df3bd5d0","phase":"pipeline","status":"checkpoint","elapsedMs":7445,"message":"artifact validated","totalElapsedMs":7443}
  █████████████████████████  100%  Render complete

◇  /private/tmp/framelang/out/makemydemo-recipe-v2/landscape-1920x1080/video.mp4
   1.8 MB · 11.5s video · rendered in 7.5s
   screenshot capture · hardware gpu · compile 0.2s · extract 0.0s · audio 0.0s · probe 0.0s · setup 1.9s · capture 4.5s · encode 0.7s · assemble 0.0s

◆  Rendering portrait-1080x1920 → /private/tmp/framelang/out/makemydemo-recipe-v2/portrait-1080x1920/video.mp4
   24fps · draft · auto workers (10 cores detected)
   GPU: browser GPU (auto-detect)

[?25l│
◒  Checking browser[1G[J◇  Browser: cache
[?25h
  Lint: 0 error(s), 3 warning(s) — run with --lint-verbose for full output.
  Continuing render despite lint issues. Use --strict to block errors.

[INFO] [Render] Pipeline started {"renderJobId":"c346b796-eb71-4bc3-a08e-0a9ec4328da7","platform":"darwin","arch":"arm64","nodeVersion":"v23.11.0","fps":{"num":24,"den":1},"format":"mp4","quality":"draft","browserGpuMode":"auto","forceScreenshot":false,"protocolTimeout":300000,"browserTimeout":120000,"pageNavigationTimeout":60000,"playerReadyTimeout":45000}
[INFO] [Render:trace] {"renderJobId":"c346b796-eb71-4bc3-a08e-0a9ec4328da7","phase":"pipeline","status":"checkpoint","elapsedMs":2,"message":"started","format":"mp4","quality":"draft","browserGpuMode":"auto","forceScreenshot":false,"protocolTimeoutMs":300000,"pageNavigationTimeoutMs":60000,"playerReadyTimeoutMs":45000,"requestedWorkers":"auto"}
[INFO] [Render:trace] {"renderJobId":"c346b796-eb71-4bc3-a08e-0a9ec4328da7","phase":"compile","status":"start","elapsedMs":4,"needsAlpha":false}
  █░░░░░░░░░░░░░░░░░░░░░░░░  5%  Compiling composition
[INFO] [Compiler] Embedded local font file: assets/Inter.ttf (856 KB → data URI)
[INFO] Compiled composition metadata {"renderJobId":"c346b796-eb71-4bc3-a08e-0a9ec4328da7","entryFile":"index.html","staticDuration":11.5,"width":1080,"height":1920,"videoCount":0,"audioCount":0,"renderModeHints":{"recommendScreenshot":false,"reasons":[]}}
[INFO] [Render:trace] {"renderJobId":"c346b796-eb71-4bc3-a08e-0a9ec4328da7","phase":"compile","status":"end","elapsedMs":115,"durationMs":111,"needsAlpha":false}
[INFO] [Render:trace] {"renderJobId":"c346b796-eb71-4bc3-a08e-0a9ec4328da7","phase":"compile","status":"checkpoint","elapsedMs":116,"message":"composition metadata resolved","width":1080,"height":1920,"videoCount":0,"audioCount":0,"imageCount":2,"deviceScaleFactor":1,"forceScreenshot":false,"compositionHash":"84c1d19617e90f46"}
[INFO] [Render:trace] {"renderJobId":"c346b796-eb71-4bc3-a08e-0a9ec4328da7","phase":"browser_probe","status":"start","elapsedMs":116,"forceScreenshot":false,"stagePhase":"calibrating"}
[INFO] [Render:trace] {"renderJobId":"c346b796-eb71-4bc3-a08e-0a9ec4328da7","phase":"browser_probe","status":"end","elapsedMs":164,"durationMs":48,"forceScreenshot":false,"stagePhase":"calibrating"}
[INFO] [Render:trace] {"renderJobId":"c346b796-eb71-4bc3-a08e-0a9ec4328da7","phase":"browser_probe","status":"checkpoint","elapsedMs":165,"message":"duration resolved","durationSeconds":11.5,"totalFrames":276,"compositionHash":"84c1d19617e90f46","beginFrameStalled":false}
[INFO] [Render:trace] {"renderJobId":"c346b796-eb71-4bc3-a08e-0a9ec4328da7","phase":"video_extract","status":"start","elapsedMs":165,"videoCount":0}
  ██░░░░░░░░░░░░░░░░░░░░░░░  10%  Extracting video frames
[INFO] [Render:trace] {"renderJobId":"c346b796-eb71-4bc3-a08e-0a9ec4328da7","phase":"video_extract","status":"end","elapsedMs":166,"durationMs":1,"videoCount":0}
[INFO] [Render:trace] {"renderJobId":"c346b796-eb71-4bc3-a08e-0a9ec4328da7","phase":"video_extract","status":"checkpoint","elapsedMs":169,"message":"frames resolved","videoCount":0,"extractedVideoCount":0,"totalFramesExtracted":0,"maxFramesPerVideo":0,"avgFramesPerExtractedVideo":null,"vfrPreflightCount":null,"vfrPreflightMs":null,"cacheHits":null,"cacheMisses":null,"transientRetries":null,"minVideoFrameCoverageRatio":null,"authoredTimedClipCount":4}
[INFO] [Render] No HDR sources detected — rendering SDR {"renderJobId":"c346b796-eb71-4bc3-a08e-0a9ec4328da7"}
[INFO] [Render:trace] {"renderJobId":"c346b796-eb71-4bc3-a08e-0a9ec4328da7","phase":"hdr_detection","status":"checkpoint","elapsedMs":169,"message":"resolved","requestedHdrMode":"auto","effectiveHdr":"sdr","nativeHdrVideoCount":0,"nativeHdrImageCount":0}
[INFO] [Render:trace] {"renderJobId":"c346b796-eb71-4bc3-a08e-0a9ec4328da7","phase":"audio_process","status":"start","elapsedMs":169,"audioCount":0}
  █████░░░░░░░░░░░░░░░░░░░░  20%  Processing audio tracks
[INFO] [Render:trace] {"renderJobId":"c346b796-eb71-4bc3-a08e-0a9ec4328da7","phase":"audio_process","status":"end","elapsedMs":169,"durationMs":0,"audioCount":0}
[INFO] [Render:trace] {"renderJobId":"c346b796-eb71-4bc3-a08e-0a9ec4328da7","phase":"file_server","status":"start","elapsedMs":169,"reused":false}
  ██████░░░░░░░░░░░░░░░░░░░  25%  Starting frame capture
[INFO] [Render:trace] {"renderJobId":"c346b796-eb71-4bc3-a08e-0a9ec4328da7","phase":"file_server","status":"end","elapsedMs":175,"durationMs":6}
  ██████░░░░░░░░░░░░░░░░░░░  25%  Checking browser GPU
[hyperframes] browserGpuMode probe → hardware (WebGL renderer vendor="Google Inc. (Apple)" renderer="ANGLE (Apple, ANGLE Metal Renderer: Apple M1 Pro, Unspecified Version)")
[INFO] [Render:trace] {"renderJobId":"c346b796-eb71-4bc3-a08e-0a9ec4328da7","phase":"capture_calibration","status":"start","elapsedMs":430,"stagePhase":"calibrating","forceScreenshot":false,"totalFrames":276,"framesCompleted":0,"captureMode":"drawelement","captureOperation":"drawElement"}
[INFO] [Render] Calibration config {"renderJobId":"c346b796-eb71-4bc3-a08e-0a9ec4328da7","protocolTimeout":30000,"parentProtocolTimeout":300000,"forceScreenshot":false,"totalFrames":276}
[INFO] Launching browser for capture calibration... {"renderJobId":"c346b796-eb71-4bc3-a08e-0a9ec4328da7"}
  ██████░░░░░░░░░░░░░░░░░░░  25%  Measuring capture speed
[BrowserManager] Browser launched (HeadlessChrome/152.0.7977.30, screenshot, gl=--use-gl=angle --use-angle=metal, headlessShell=true, platform=darwin)
[INFO] Initializing calibration session... {"renderJobId":"c346b796-eb71-4bc3-a08e-0a9ec4328da7"}
[initSession:screenshot] page.goto start (0ms)
[HyperFrames] render runtime fps {"canonicalFps":24,"source":"render-options","rawFpsSource":"render-options","rawFps":24}
[initSession:screenshot] page.goto complete (256ms)
[initSession:screenshot] GSAP proxy flush complete (265ms)
[initSession:screenshot] pollHfReady complete (267ms)
[initSession:screenshot] pollSubCompositionTimelines complete (ready) (271ms)
[initSession:screenshot] applyVideoMetadataHints complete (271ms)
[initSession:screenshot] media + fonts + tailwind ready (273ms)
[initSession:screenshot] timeline at-risk predictor: 0/276 frames (0%) (335ms)
[initSession:screenshot] static-frame dedup: disabled (eligible) (340ms)
[initSession:screenshot] drawElement self-verify armed: 4 ground-truth frame(s) @ [69, 138, 207, 262] of 276 (715ms)
[initSession:drawelement] drawElement canvas injected (717ms)
[initSession:drawelement] screenshot fallback: 13 clip-boundary frame(s) (719ms)
[initSession:drawelement] drawElement worker encode initialized (722ms)
[INFO] Calibration session ready, capturing test frames... {"renderJobId":"c346b796-eb71-4bc3-a08e-0a9ec4328da7"}
[INFO] Calibration: capturing test frame 1/5... {"renderJobId":"c346b796-eb71-4bc3-a08e-0a9ec4328da7"}
[INFO] Calibration: capturing test frame 2/5... {"renderJobId":"c346b796-eb71-4bc3-a08e-0a9ec4328da7"}
[INFO] Calibration: capturing test frame 3/5... {"renderJobId":"c346b796-eb71-4bc3-a08e-0a9ec4328da7"}
[INFO] Calibration: capturing test frame 4/5... {"renderJobId":"c346b796-eb71-4bc3-a08e-0a9ec4328da7"}
[INFO] Calibration: capturing test frame 5/5... {"renderJobId":"c346b796-eb71-4bc3-a08e-0a9ec4328da7"}
[INFO] Calibration complete, estimated cost: 36ms/frame (p95) {"renderJobId":"c346b796-eb71-4bc3-a08e-0a9ec4328da7"}
[INFO] [Render:trace] {"renderJobId":"c346b796-eb71-4bc3-a08e-0a9ec4328da7","phase":"capture_calibration","status":"end","elapsedMs":1592,"durationMs":1162,"stagePhase":"calibrating","forceScreenshot":false,"totalFrames":276,"framesCompleted":0,"captureMode":"drawelement","captureOperation":"drawElement"}
[INFO] [Render:trace] {"renderJobId":"c346b796-eb71-4bc3-a08e-0a9ec4328da7","phase":"capture_calibration","status":"checkpoint","elapsedMs":1592,"message":"resolved","forceScreenshot":false,"multiplier":1,"p95Ms":36}
[WARN] [Render] 5 capture workers may exceed this process's V8 heap (limit 4144MB supports ~4). If the render dies with "JavaScript heap out of memory", raise the heap (NODE_OPTIONS=--max-old-space-size=8192) or pass --workers 4. {"renderJobId":"c346b796-eb71-4bc3-a08e-0a9ec4328da7","heapLimitMb":4144,"heapBasedWorkers":4}
[INFO] [Render:trace] {"renderJobId":"c346b796-eb71-4bc3-a08e-0a9ec4328da7","phase":"worker_resolution","status":"checkpoint","elapsedMs":1593,"message":"resolved","workerCount":5}
[INFO] [Render] Fast capture: default-on drawElement disabled for this render — parallel capture has no runtime self-verification. Set PRODUCER_EXPERIMENTAL_FAST_CAPTURE=true to override. {"renderJobId":"c346b796-eb71-4bc3-a08e-0a9ec4328da7"}
[INFO] streaming-encode gate {"renderJobId":"c346b796-eb71-4bc3-a08e-0a9ec4328da7","enabled":false,"reason":"multi_worker","configFlag":true,"durationCapEnabled":false,"outputFormat":"mp4","workerCount":5,"durationSeconds":11.5,"maxDurationSeconds":240}
[INFO] [Render:trace] {"renderJobId":"c346b796-eb71-4bc3-a08e-0a9ec4328da7","phase":"capture_strategy","status":"checkpoint","elapsedMs":1593,"message":"resolved","workerCount":5,"forceScreenshot":false,"captureBeyondViewport":null,"useStreamingEncode":false,"useLayeredComposite":false,"usePageSideCompositing":false,"hasHdrContent":false,"hasShaderTransitions":false,"isPngSequence":false}
[INFO] [Render:trace] {"renderJobId":"c346b796-eb71-4bc3-a08e-0a9ec4328da7","phase":"capture_disk","status":"start","elapsedMs":1593,"stagePhase":"capturing","needsAlpha":false,"workerCount":5,"forceScreenshot":false,"totalFrames":276,"framesCompleted":0,"captureMode":"screenshot","captureOperation":"captureScreenshot"}
  ██████░░░░░░░░░░░░░░░░░░░  25%  Starting browsers (0/5 ready)
[BrowserManager] Browser launched (HeadlessChrome/152.0.7977.30, screenshot, gl=--use-gl=angle --use-angle=metal, headlessShell=true, platform=darwin)
[initSession:screenshot] page.goto start (0ms)
  ██████░░░░░░░░░░░░░░░░░░░  25%  Starting browsers (0/5 ready)
[initSession:screenshot] page.goto start (0ms)
[initSession:screenshot] page.goto start (0ms)
[initSession:screenshot] page.goto start (0ms)
[initSession:screenshot] page.goto start (0ms)
[HyperFrames] render runtime fps {"canonicalFps":24,"source":"render-options","rawFpsSource":"render-options","rawFps":24}
[initSession:screenshot] page.goto complete (392ms)
[HyperFrames] render runtime fps {"canonicalFps":24,"source":"render-options","rawFpsSource":"render-options","rawFps":24}
[initSession:screenshot] page.goto complete (298ms)
[HyperFrames] render runtime fps {"canonicalFps":24,"source":"render-options","rawFpsSource":"render-options","rawFps":24}
[initSession:screenshot] page.goto complete (305ms)
[initSession:screenshot] GSAP proxy flush complete (402ms)
[initSession:screenshot] GSAP proxy flush complete (307ms)
[initSession:screenshot] GSAP proxy flush complete (307ms)
[initSession:screenshot] pollHfReady complete (402ms)
[initSession:screenshot] pollHfReady complete (308ms)
[initSession:screenshot] pollSubCompositionTimelines complete (ready) (404ms)
[initSession:screenshot] applyVideoMetadataHints complete (404ms)
[initSession:screenshot] pollSubCompositionTimelines complete (ready) (310ms)
[initSession:screenshot] applyVideoMetadataHints complete (310ms)
[initSession:screenshot] media + fonts + tailwind ready (407ms)
[initSession:screenshot] media + fonts + tailwind ready (312ms)
[initSession:screenshot] static-frame dedup: disabled (eligible) (411ms)
[initSession:screenshot] static-frame dedup: disabled (eligible) (316ms)
  ██████░░░░░░░░░░░░░░░░░░░  25%  Starting browsers (1/5 ready)
[HyperFrames] render runtime fps {"canonicalFps":24,"source":"render-options","rawFpsSource":"render-options","rawFps":24}
[HyperFrames] render runtime fps {"canonicalFps":24,"source":"render-options","rawFpsSource":"render-options","rawFps":24}
[initSession:screenshot] page.goto complete (333ms)
[initSession:screenshot] GSAP proxy flush complete (339ms)
  ██████░░░░░░░░░░░░░░░░░░░  25%  Capturing frame 1/276 (5 workers)
[initSession:screenshot] page.goto complete (386ms)
[initSession:screenshot] GSAP proxy flush complete (401ms)
[initSession:screenshot] pollHfReady complete (410ms)
[initSession:screenshot] pollSubCompositionTimelines complete (ready) (412ms)
[initSession:screenshot] applyVideoMetadataHints complete (412ms)
[initSession:screenshot] media + fonts + tailwind ready (413ms)
[initSession:screenshot] pollHfReady complete (414ms)
[initSession:screenshot] pollSubCompositionTimelines complete (ready) (417ms)
[initSession:screenshot] applyVideoMetadataHints complete (417ms)
[initSession:screenshot] static-frame dedup: disabled (eligible) (419ms)
[initSession:screenshot] media + fonts + tailwind ready (419ms)
[initSession:screenshot] static-frame dedup: disabled (eligible) (425ms)
[initSession:screenshot] pollHfReady complete (457ms)
[initSession:screenshot] pollSubCompositionTimelines complete (ready) (460ms)
[initSession:screenshot] applyVideoMetadataHints complete (460ms)
[initSession:screenshot] media + fonts + tailwind ready (463ms)
[initSession:screenshot] static-frame dedup: disabled (eligible) (469ms)
  ██████░░░░░░░░░░░░░░░░░░░  27%  Capturing frame 10/276 (5 workers)
  ███████░░░░░░░░░░░░░░░░░░  29%  Capturing frame 26/276 (5 workers)
  ████████░░░░░░░░░░░░░░░░░  32%  Capturing frame 45/276 (5 workers)
  █████████░░░░░░░░░░░░░░░░  36%  Capturing frame 66/276 (5 workers)
  █████████░░░░░░░░░░░░░░░░  39%  Capturing frame 87/276 (5 workers)
  ██████████░░░░░░░░░░░░░░░  42%  Capturing frame 107/276 (5 workers)
  ███████████░░░░░░░░░░░░░░  46%  Capturing frame 128/276 (5 workers)
  ████████████░░░░░░░░░░░░░  49%  Capturing frame 150/276 (5 workers)
  █████████████░░░░░░░░░░░░  53%  Capturing frame 171/276 (5 workers)
  ██████████████░░░░░░░░░░░  56%  Capturing frame 189/276 (5 workers)
  ██████████████░░░░░░░░░░░  59%  Capturing frame 208/276 (5 workers)
  ███████████████░░░░░░░░░░  62%  Capturing frame 228/276 (5 workers)
  ████████████████░░░░░░░░░  65%  Capturing frame 245/276 (5 workers)
  █████████████████░░░░░░░░  68%  Capturing frame 266/276 (5 workers)
  █████████████████░░░░░░░░  70%  Capturing frame 276/276 (5 workers)
[INFO] [Render:trace] {"renderJobId":"c346b796-eb71-4bc3-a08e-0a9ec4328da7","phase":"capture_disk","status":"end","elapsedMs":6196,"durationMs":4603,"stagePhase":"capturing","needsAlpha":false,"workerCount":5,"forceScreenshot":false,"totalFrames":276,"framesCompleted":276,"captureMode":"screenshot","captureOperation":"encode"}
[INFO] [Render:trace] {"renderJobId":"c346b796-eb71-4bc3-a08e-0a9ec4328da7","phase":"encode","status":"start","elapsedMs":6196,"stagePhase":"capturing","hasAudio":false,"isPngSequence":false,"isGif":false,"chunkedEncode":false,"workerCount":5,"forceScreenshot":false,"totalFrames":276,"framesCompleted":276,"captureMode":"screenshot","captureOperation":"encode"}
  ██████████████████░░░░░░░  75%  Encoding video
[INFO] [Render:trace] {"renderJobId":"c346b796-eb71-4bc3-a08e-0a9ec4328da7","phase":"encode","status":"end","elapsedMs":6926,"durationMs":729,"stagePhase":"capturing","hasAudio":false,"isPngSequence":false,"isGif":false,"chunkedEncode":false,"workerCount":5,"forceScreenshot":false,"totalFrames":276,"framesCompleted":276,"captureMode":"screenshot","captureOperation":"encode"}
[INFO] [Render:trace] {"renderJobId":"c346b796-eb71-4bc3-a08e-0a9ec4328da7","phase":"assemble","status":"start","elapsedMs":6927,"stagePhase":"capturing","hasAudio":false,"workerCount":5,"forceScreenshot":false,"totalFrames":276,"framesCompleted":276,"captureMode":"screenshot","captureOperation":"encode"}
  ██████████████████████░░░  90%  Assembling final video
[INFO] [Render:trace] {"renderJobId":"c346b796-eb71-4bc3-a08e-0a9ec4328da7","phase":"assemble","status":"end","elapsedMs":6964,"durationMs":37,"stagePhase":"capturing","hasAudio":false,"workerCount":5,"forceScreenshot":false,"totalFrames":276,"framesCompleted":276,"captureMode":"screenshot","captureOperation":"encode"}
[INFO] [Render:trace] {"renderJobId":"c346b796-eb71-4bc3-a08e-0a9ec4328da7","phase":"pipeline","status":"checkpoint","elapsedMs":7001,"message":"artifact validated","totalElapsedMs":6999}
  █████████████████████████  100%  Render complete

◇  /private/tmp/framelang/out/makemydemo-recipe-v2/portrait-1080x1920/video.mp4
   1.8 MB · 11.5s video · rendered in 7.0s
   screenshot capture · hardware gpu · compile 0.2s · extract 0.0s · audio 0.0s · probe 0.0s · setup 1.4s · capture 4.6s · encode 0.7s · assemble 0.0s
